[orchestrator] starting safety: /home/niraj/isaac_gym_projects/h12_adaptive_policy/.venv/bin/python /home/niraj/isaac_gym_projects/h12_safety_layer/h12_safety_layer/script/safety_layer_main.py --config /home/niraj/isaac_gym_projects/h12_fame_manipulation/configs/sim_safety_split.yaml
[orchestrator] starting bridge: /home/niraj/isaac_gym_projects/h12_adaptive_policy/.venv/bin/python -m h12_fame_ik_runner.mujoco_dds_bridge --config /home/niraj/isaac_gym_projects/h12_fame_manipulation/configs/h1_2_fame_ik_eval.yaml --headless --duration 10.0
[bridge] [bridge] PUSH_BLOCK_MASS override: 0.5000 -> 5.0000 kg (inertia x10.000)
[bridge] [bridge] scene=h1_2_table.xml headless=True low_state=rt/lowstate low_cmd_in=rt/lowcmd
[bridge] [bridge] warmup: holding sim frozen up to 3.00s or until first FAME leg cmd lands
[orchestrator] starting fame: /home/niraj/isaac_gym_projects/h12_adaptive_policy/.venv/bin/python -m h12_fame_ik_runner.fame_dds_runner --config /home/niraj/isaac_gym_projects/h12_fame_manipulation/configs/h1_2_fame_ik_eval.yaml
[fame] [fame] loaded encoder /home/niraj/isaac_gym_projects/h12_fame_manipulation/h12_fame_ik_runner/ckpts/handless/encoder_3999.pt
[fame] [fame] low_state=rt/lowstate low_cmd_out=rt/safety/lowcmd_lower_in decim=10 pub_hz=500.0
[bridge] [bridge] warmup done (first leg cmd at t+1.33s); stepping physics now
[orchestrator] starting ik: /home/niraj/isaac_gym_projects/h12_adaptive_policy/.venv/bin/python -m h12_fame_ik_runner.ik_dds_driver --config /home/niraj/isaac_gym_projects/h12_fame_manipulation/configs/h1_2_fame_ik_eval.yaml
[ik] [ik] urdf=h1_2_handless.urdf controller_config=sim_split_controller.yaml
[ik] StateSubscriber initialized.
[ik] LowCmdPublisher initialized.
[ik] All joints are locked in the initial position.
[ik] [ik] batch mode; goals=['q_reduced[14]', 'frame_delta:right']
[ik] [ik] goal=q_reduced[14] for 1.5s  q=[0. ,0. ,0. ,0. ,0. ,0. ,0. ,0. ,0. ,0. ,0.3,0. ,0. ,0. ]
[bridge] [bridge] summary:
[bridge]   elapsed_s=10.00
[bridge]   low_cmd_msgs_received=4371 (first at t+0.00s)
[bridge]   base_xyz=[0.01667834242078428, 0.03402492879822819, 0.8743270071771075]
[bridge]   q_des[0:12]=[-0.33000001311302185, -0.29627248644828796, 0.29992106556892395, 0.9455229043960571, -0.38479453325271606, -0.16179899871349335, -0.33000001311302185, -0.18197916448116302, -0.26733633875846863, 0.8382275104522705, -0.43770116567611694, 0.16179899871349335]
[bridge]   q_now[0:12]=[-0.3459751526854095, -0.2666270171787843, 0.31598740017067356, 1.15075223589659, -0.5735233691529628, -0.2639506741340129, -0.3359765992734664, -0.07110842779206795, -0.28889423302939066, 1.0395387291067544, -0.6680120318154652, 0.26292030419772616]
[bridge]   q_des[13:20]=[0.0, 0.0, 0.0, 0.0, 0.0, 0.0, 0.0]  # left arm
[bridge]   q_now[13:20]=[0.005184905958107083, 0.0023791713001572717, 0.0005374886841023374, 0.003448924939514411, 3.2612127832042456e-05, 0.0003168360715557994, 6.561426560130772e-06]
[bridge]   q_des[20:27]=[0.0, 0.0, 0.0, 0.28573793172836304, 0.0, 0.0, 0.0]  # right arm
[bridge]   q_now[20:27]=[0.002687608695555146, 0.004950050449256971, 0.003761864751668017, 0.22893966837299548, -8.907011115301065e-05, -0.0004937452852764521, 6.44075747425199e-06]
[orchestrator] bridge exited with code 0
[orchestrator] sending SIGINT to safety (pgid=933819)
[orchestrator] sending SIGINT to fame (pgid=933914)
[orchestrator] sending SIGINT to ik (pgid=934471)
[ik] [ik] interrupted, shutting down
[ik] StateSubscriber shutdown
[ik] RobotModel shutdown
[fame] [fame] interrupted, shutting down
[ik] LowCmdPublisher shutdown.
[safety] {"event": "relay_started", "mode": "split_mode"}
[safety] KeyboardInterrupt received, stopping safety layer...
[safety] [Reader] take sample error
[safety] {"event": "relay_stopped"}
[orchestrator] done
