[orchestrator] starting safety: /home/niraj/isaac_gym_projects/h12_adaptive_policy/.venv/bin/python /home/niraj/isaac_gym_projects/h12_safety_layer/h12_safety_layer/script/safety_layer_main.py --config /home/niraj/isaac_gym_projects/h12_fame_manipulation/configs/sim_safety_split.yaml
[orchestrator] starting bridge: /home/niraj/isaac_gym_projects/h12_adaptive_policy/.venv/bin/python -m h12_fame_ik_runner.mujoco_dds_bridge --config /home/niraj/isaac_gym_projects/h12_fame_manipulation/configs/h1_2_fame_ik_eval.yaml --headless --duration 10.0
[bridge] [bridge] PUSH_BLOCK_MASS override: 0.5000 -> 5.0000 kg (inertia x10.000)
[bridge] [bridge] scene=h1_2_table.xml headless=True low_state=rt/lowstate low_cmd_in=rt/lowcmd
[bridge] [bridge] warmup: holding sim frozen up to 3.00s or until first FAME leg cmd lands
[orchestrator] starting fame: /home/niraj/isaac_gym_projects/h12_adaptive_policy/.venv/bin/python -m h12_fame_ik_runner.fame_dds_runner --config /home/niraj/isaac_gym_projects/h12_fame_manipulation/configs/h1_2_fame_ik_eval.yaml
[fame] [fame] loaded encoder /home/niraj/isaac_gym_projects/h12_fame_manipulation/h12_fame_ik_runner/ckpts/handless/encoder_3999.pt
[fame] [fame] low_state=rt/lowstate low_cmd_out=rt/safety/lowcmd_lower_in decim=10 pub_hz=500.0
[bridge] [bridge] warmup done (first leg cmd at t+1.31s); stepping physics now
[orchestrator] starting ik: /home/niraj/isaac_gym_projects/h12_adaptive_policy/.venv/bin/python -m h12_fame_ik_runner.ik_dds_driver --config /home/niraj/isaac_gym_projects/h12_fame_manipulation/configs/h1_2_fame_ik_eval.yaml
[ik] [ik] urdf=h1_2_handless.urdf controller_config=sim_split_controller.yaml
[ik] StateSubscriber initialized.
[ik] LowCmdPublisher initialized.
[ik] All joints are locked in the initial position.
[ik] [ik] batch mode; goals=['q_reduced[14]', 'frame_delta:right']
[ik] [ik] goal=q_reduced[14] for 1.5s  q=[0. ,0. ,0. ,0. ,0. ,0. ,0. ,0. ,0. ,0. ,0.3,0. ,0. ,0. ]
[bridge] [bridge] summary:
[bridge]   elapsed_s=10.00
[bridge]   low_cmd_msgs_received=4285 (first at t+0.00s)
[bridge]   base_xyz=[0.020372991992640536, 0.0354033304141856, 0.8730884875358883]
[bridge]   q_des[0:12]=[-0.33000001311302185, -0.30559635162353516, 0.3097105622291565, 0.950954258441925, -0.35549646615982056, -0.16179899871349335, -0.33000001311302185, -0.18451882898807526, -0.28039273619651794, 0.8487818241119385, -0.40985697507858276, 0.16179899871349335]
[bridge]   q_now[0:12]=[-0.3465698643571837, -0.2715749786041572, 0.31405597339259694, 1.1568869423354184, -0.5800522454141775, -0.26398274497538954, -0.334479382835711, -0.07538869026440709, -0.28965450292536477, 1.045821780667373, -0.6752538366453297, 0.262977350107197]
[bridge]   q_des[13:20]=[0.0, 0.0, 0.0, 0.0, 0.0, 0.0, 0.0]  # left arm
[bridge]   q_now[13:20]=[0.0031140735893633695, 0.0015873001889487803, 0.00037318802119486546, 0.0026706014397772536, 2.6368048974532155e-05, 0.0002575475801989946, 5.162192825511839e-06]
[bridge]   q_des[20:27]=[0.0, 0.0, -0.0, 0.30000001192092896, -0.0, 0.0, 0.0]  # right arm
[bridge]   q_now[20:27]=[0.004219873950133464, 0.006755679140451764, 0.0029175548726412476, 0.29451602783068986, -0.00015488343548830696, -0.0012539644328433614, 4.874556570014482e-06]
[ik] [ik] PUSH_DELTA_X override: delta_x 0.250 -> 0.400
[ik] [ik] goal=frame_delta:right_wrist_yaw_link  current=(+0.257,-0.121,+0.103)  delta=(+0.400,+0.000,+0.000)  target=(+0.657,-0.121,+0.103)  max=5.0s
[ik] [ik] driving frame_task on right_wrist_yaw_link; xyz=(+0.657,-0.121,+0.103) rpy_deg=(-4.8,+1.8,+19.0) timeout=5.0s
[ik] [ik]   linear=0.4489 m  angular=0.4044 rad
[orchestrator] bridge exited with code 0
[orchestrator] sending SIGINT to safety (pgid=924847)
[orchestrator] sending SIGINT to fame (pgid=924940)
[orchestrator] sending SIGINT to ik (pgid=925506)
[ik] [ik] interrupted, shutting down
[ik] StateSubscriber shutdown
[ik] RobotModel shutdown
[fame] [fame] interrupted, shutting down
[ik] LowCmdPublisher shutdown.
[safety] {"event": "relay_started", "mode": "split_mode"}
[safety] KeyboardInterrupt received, stopping safety layer...
[safety] [Reader] take sample error
[safety] {"event": "relay_stopped"}
[orchestrator] done
