[orchestrator] starting safety: /home/niraj/isaac_gym_projects/h12_adaptive_policy/.venv/bin/python /home/niraj/isaac_gym_projects/h12_safety_layer/h12_safety_layer/script/safety_layer_main.py --config /home/niraj/isaac_gym_projects/h12_fame_manipulation/configs/sim_safety_split.yaml
[orchestrator] starting bridge: /home/niraj/isaac_gym_projects/h12_adaptive_policy/.venv/bin/python -m h12_fame_ik_runner.mujoco_dds_bridge --config /home/niraj/isaac_gym_projects/h12_fame_manipulation/configs/h1_2_fame_ik_eval.yaml --headless --duration 10.0
[bridge] [bridge] PUSH_BLOCK_MASS override: 0.5000 -> 5.0000 kg (inertia x10.000)
[bridge] [bridge] scene=h1_2_table.xml headless=True low_state=rt/lowstate low_cmd_in=rt/lowcmd
[bridge] [bridge] warmup: holding sim frozen up to 3.00s or until first FAME leg cmd lands
[orchestrator] starting fame: /home/niraj/isaac_gym_projects/h12_adaptive_policy/.venv/bin/python -m h12_fame_ik_runner.fame_dds_runner --config /home/niraj/isaac_gym_projects/h12_fame_manipulation/configs/h1_2_fame_ik_eval.yaml
[fame] [fame] loaded encoder /home/niraj/isaac_gym_projects/h12_fame_manipulation/h12_fame_ik_runner/ckpts/handless/encoder_3999.pt
[fame] [fame] low_state=rt/lowstate low_cmd_out=rt/safety/lowcmd_lower_in decim=10 pub_hz=500.0
[bridge] [bridge] warmup done (first leg cmd at t+1.42s); stepping physics now
[orchestrator] starting ik: /home/niraj/isaac_gym_projects/h12_adaptive_policy/.venv/bin/python -m h12_fame_ik_runner.ik_dds_driver --config /home/niraj/isaac_gym_projects/h12_fame_manipulation/configs/h1_2_fame_ik_eval.yaml
[ik] [ik] urdf=h1_2_handless.urdf controller_config=sim_split_controller.yaml
[ik] StateSubscriber initialized.
[ik] LowCmdPublisher initialized.
[ik] All joints are locked in the initial position.
[ik] [ik] batch mode; goals=['q_reduced[14]', 'frame_delta:right']
[ik] [ik] goal=q_reduced[14] for 1.5s  q=[0. ,0. ,0. ,0. ,0. ,0. ,0. ,0. ,0. ,0. ,0.3,0. ,0. ,0. ]
[bridge] [bridge] summary:
[bridge]   elapsed_s=10.00
[bridge]   low_cmd_msgs_received=4368 (first at t+0.00s)
[bridge]   base_xyz=[0.017499776018557452, 0.0350672613387087, 0.8733708574594419]
[bridge]   q_des[0:12]=[-0.33000001311302185, -0.2984611690044403, 0.30282410979270935, 0.9482412934303284, -0.390646755695343, -0.16179899871349335, -0.33000001311302185, -0.18165268003940582, -0.27078574895858765, 0.8413177132606506, -0.44208574295043945, 0.16179899871349335]
[bridge]   q_now[0:12]=[-0.3449250578588271, -0.2664382273548384, 0.3131415892037841, 1.158420118986631, -0.579096753813836, -0.26398596699758753, -0.33666118315039595, -0.06910451810528619, -0.2882386826744255, 1.0426216739094198, -0.6700660753985153, 0.2629309900730591]
[bridge]   q_des[13:20]=[0.0, 0.0, 0.0, 0.0, 0.0, 0.0, 0.0]  # left arm
[bridge]   q_now[13:20]=[0.0051502902751428626, 0.0023047859255922354, 0.0005249397359017967, 0.0032423676399017842, 3.163151324495981e-05, 0.0003069360467453887, 6.599313971769921e-06]
[bridge]   q_des[20:27]=[0.0, 0.0, 0.0, 0.30000001192092896, -0.0, 0.0, 0.0]  # right arm
[bridge]   q_now[20:27]=[0.0037598177824637873, 0.004312847432656279, 0.002880280089358021, 0.27606126826083394, -0.00014205876026510621, -0.0008777756497911671, 6.469301158186826e-06]
[orchestrator] bridge exited with code 0
[orchestrator] sending SIGINT to safety (pgid=929353)
[orchestrator] sending SIGINT to fame (pgid=929447)
[orchestrator] sending SIGINT to ik (pgid=929983)
[ik] [ik] interrupted, shutting down
[ik] StateSubscriber shutdown
[ik] RobotModel shutdown
[ik] LowCmdPublisher shutdown.
[fame] [fame] interrupted, shutting down
[safety] {"event": "relay_started", "mode": "split_mode"}
[safety] KeyboardInterrupt received, stopping safety layer...
[safety] {"event": "relay_stopped"}
[orchestrator] done
