[orchestrator] starting safety: /home/niraj/isaac_gym_projects/h12_adaptive_policy/.venv/bin/python /home/niraj/isaac_gym_projects/h12_safety_layer/h12_safety_layer/script/safety_layer_main.py --config /home/niraj/isaac_gym_projects/h12_fame_manipulation/configs/sim_safety_split.yaml
[orchestrator] starting bridge: /home/niraj/isaac_gym_projects/h12_adaptive_policy/.venv/bin/python -m h12_fame_ik_runner.mujoco_dds_bridge --config /home/niraj/isaac_gym_projects/h12_fame_manipulation/configs/h1_2_fame_ik_eval.yaml --headless --duration 35.0
[bridge] [bridge] PUSH_BLOCK_MASS override: 0.5000 -> 0.5000 kg (inertia x1.000)
[bridge] [bridge] scene=h1_2_table.xml headless=True low_state=rt/lowstate low_cmd_in=rt/lowcmd
[bridge] [bridge] warmup: holding sim frozen up to 6.00s or until first FAME leg cmd lands
[orchestrator] starting fame: /home/niraj/isaac_gym_projects/h12_adaptive_policy/.venv/bin/python -m h12_fame_ik_runner.fame_dds_runner --config /home/niraj/isaac_gym_projects/h12_fame_manipulation/configs/h1_2_fame_ik_eval.yaml
[fame] [fame] loaded encoder /home/niraj/isaac_gym_projects/h12_fame_manipulation/h12_fame_ik_runner/ckpts/handless/encoder_3999.pt
[fame] [fame] low_state=rt/lowstate low_cmd_out=rt/safety/lowcmd_lower_in decim=10 pub_hz=500.0
[bridge] [bridge] warmup done (first leg cmd at t+1.42s); stepping physics now
[orchestrator] starting ik: /home/niraj/isaac_gym_projects/h12_adaptive_policy/.venv/bin/python -m h12_fame_ik_runner.ik_dds_driver --config /home/niraj/isaac_gym_projects/h12_fame_manipulation/configs/h1_2_fame_ik_eval.yaml
[ik] [ik] urdf=h1_2_handless.urdf controller_config=sim_split_controller.yaml
[ik] StateSubscriber initialized.
[ik] LowCmdPublisher initialized.
[ik] All joints are locked in the initial position.
[ik] [ik] batch mode; goals=['named:home', 'frame:right', 'named:home']
[ik] [ik] goal=named:home for 5.0s
[ik] [ik] goal=frame:right_wrist_yaw_link pose_xyz=(+0.650,-0.300,+0.180) rpy_deg=(+0.0,+0.0,+0.0) max=15.0s
[ik] [ik] driving frame_task on right_wrist_yaw_link; xyz=(+0.650,-0.300,+0.180) rpy_deg=(+0.0,+0.0,+0.0) timeout=15.0s
[ik] [ik]   linear=0.4323 m  angular=0.0077 rad
[ik] [ik]   linear=0.3388 m  angular=0.0088 rad
[ik] [ik]   linear=0.2660 m  angular=0.0012 rad
[ik] [ik]   linear=0.2127 m  angular=0.0029 rad
[ik] [ik]   linear=0.1807 m  angular=0.0054 rad
[ik] [ik]   linear=0.1611 m  angular=0.0047 rad
[ik] [ik]   linear=0.1499 m  angular=0.0042 rad
[ik] [ik]   linear=0.1454 m  angular=0.0036 rad
[ik] [ik]   linear=0.1453 m  angular=0.0030 rad
[ik] [ik]   linear=0.1453 m  angular=0.0030 rad
[ik] [ik]   linear=0.1453 m  angular=0.0030 rad
[ik] [ik]   linear=0.1453 m  angular=0.0030 rad
[ik] [ik]   linear=0.1453 m  angular=0.0030 rad
[ik] [ik]   linear=0.1453 m  angular=0.0030 rad
[ik] [ik]   linear=0.1453 m  angular=0.0030 rad
[ik] [ik]   linear=0.1453 m  angular=0.0030 rad
[ik] [ik]   linear=0.1453 m  angular=0.0030 rad
[ik] [ik]   linear=0.1453 m  angular=0.0030 rad
[ik] [ik]   linear=0.1453 m  angular=0.0030 rad
[ik] [ik]   linear=0.1453 m  angular=0.0030 rad
[ik] [ik]   linear=0.1453 m  angular=0.0030 rad
[ik] [ik]   linear=0.1453 m  angular=0.0030 rad
[ik] [ik]   linear=0.1453 m  angular=0.0030 rad
[ik] [ik]   linear=0.1453 m  angular=0.0030 rad
[ik] [ik]   linear=0.1453 m  angular=0.0030 rad
[ik] [ik]   linear=0.1453 m  angular=0.0030 rad
[ik] [ik]   linear=0.1453 m  angular=0.0030 rad
[ik] [ik]   linear=0.1453 m  angular=0.0030 rad
[ik] [ik]   linear=0.1453 m  angular=0.0030 rad
[ik] [ik]   linear=0.1453 m  angular=0.0030 rad
[ik] [ik] goal=named:home for 8.0s
[bridge] [bridge] summary:
[bridge]   elapsed_s=35.00
[bridge]   low_cmd_msgs_received=12257 (first at t+0.00s)
[bridge]   base_xyz=[-0.7829547000421224, 0.09189171759305413, 0.1994555345936677]
[bridge]   q_des[0:12]=[-0.33000001311302185, 0.3710138201713562, 0.1934807151556015, 0.9288660883903503, 0.413316547870636, 0.16179899871349335, -0.33000001311302185, 0.41974520683288574, -0.135745108127594, 0.7148703336715698, -0.08316963165998459, -0.16179899871349335]
[bridge]   q_now[0:12]=[-0.4118710621762536, -0.06817542750913166, 0.1493025375583162, 0.7867407130748805, 0.5242153454200812, 0.2475582390985573, -0.14448114403205808, 0.36256250467751877, -0.29952829125166003, 0.704283503267739, 0.03208114997724404, -0.16677445542550395]
[bridge]   q_des[13:20]=[0.0, 0.0, 0.0, 0.0, 0.0, 0.0, 0.0]  # left arm
[bridge]   q_now[13:20]=[0.0253243657818389, -0.06915037526117075, -0.02155477288634982, 0.0027161154353930383, -0.00014392498404335844, -0.0018982944872866765, -0.00035640137131050253]
[bridge]   q_des[20:27]=[0.0, 0.0, 0.0, 0.0, 0.0, 0.0, 0.0]  # right arm
[bridge]   q_now[20:27]=[0.03566083546570272, -0.0740980783073381, -0.019959765572901834, 0.004832851789004518, 0.005610992508891869, -0.0051920073325302015, 0.004864202147348023]
[orchestrator] bridge exited with code 0
[orchestrator] sending SIGINT to safety (pgid=87502)
[orchestrator] sending SIGINT to fame (pgid=87598)
[orchestrator] sending SIGINT to ik (pgid=88124)
[ik] [ik] interrupted, shutting down
[ik] StateSubscriber shutdown
[ik] RobotModel shutdown
[fame] [fame] interrupted, shutting down
[ik] LowCmdPublisher shutdown.
[safety] {"event": "relay_started", "mode": "split_mode"}
[safety] KeyboardInterrupt received, stopping safety layer...
[safety] [Reader] take sample error
[safety] {"event": "relay_stopped"}
[orchestrator] done
