[orchestrator] starting safety: /home/niraj/isaac_gym_projects/h12_adaptive_policy/.venv/bin/python /home/niraj/isaac_gym_projects/h12_safety_layer/h12_safety_layer/script/safety_layer_main.py --config /home/niraj/isaac_gym_projects/h12_fame_manipulation/configs/sim_safety_split.yaml
[orchestrator] starting bridge: /home/niraj/isaac_gym_projects/h12_adaptive_policy/.venv/bin/python -m h12_fame_ik_runner.mujoco_dds_bridge --config /home/niraj/isaac_gym_projects/h12_fame_manipulation/configs/h1_2_fame_ik_eval.yaml --headless --duration 35.0
[bridge] [bridge] PUSH_BLOCK_MASS override: 0.5000 -> 0.5000 kg (inertia x1.000)
[bridge] [bridge] scene=h1_2_table.xml headless=True low_state=rt/lowstate low_cmd_in=rt/lowcmd
[bridge] [bridge] warmup: holding sim frozen up to 6.00s or until first FAME leg cmd lands
[orchestrator] starting fame: /home/niraj/isaac_gym_projects/h12_adaptive_policy/.venv/bin/python -m h12_fame_ik_runner.fame_dds_runner --config /home/niraj/isaac_gym_projects/h12_fame_manipulation/configs/h1_2_fame_ik_eval.yaml
[fame] [fame] loaded encoder /home/niraj/isaac_gym_projects/h12_fame_manipulation/h12_fame_ik_runner/ckpts/handless/encoder_3999.pt
[fame] [fame] low_state=rt/lowstate low_cmd_out=rt/safety/lowcmd_lower_in decim=10 pub_hz=500.0
[bridge] [bridge] warmup done (first leg cmd at t+1.36s); stepping physics now
[orchestrator] starting ik: /home/niraj/isaac_gym_projects/h12_adaptive_policy/.venv/bin/python -m h12_fame_ik_runner.ik_dds_driver --config /home/niraj/isaac_gym_projects/h12_fame_manipulation/configs/h1_2_fame_ik_eval.yaml
[ik] [ik] urdf=h1_2_handless.urdf controller_config=sim_split_controller.yaml
[ik] StateSubscriber initialized.
[ik] LowCmdPublisher initialized.
[ik] All joints are locked in the initial position.
[ik] [ik] batch mode; goals=['named:home', 'frame_delta:right', 'named:home']
[ik] [ik] goal=named:home for 5.0s
[ik] [ik] goal=frame_delta:right_wrist_yaw_link  current=(+0.246,-0.121,+0.178)  delta=(+0.400,-0.200,-0.200)  target=(+0.646,-0.321,-0.022)  max=15.0s
[ik] [ik] driving frame_task on right_wrist_yaw_link; xyz=(+0.646,-0.321,-0.022) rpy_deg=(-5.3,-17.4,+20.5) timeout=15.0s
[ik] [ik]   linear=0.4448 m  angular=0.4323 rad
[ik] [ik]   linear=0.3882 m  angular=0.0510 rad
[ik] [ik]   linear=0.3409 m  angular=0.0154 rad
[ik] [ik]   linear=0.3095 m  angular=0.0184 rad
[ik] [ik]   linear=0.2855 m  angular=0.0166 rad
[ik] [ik]   linear=0.2670 m  angular=0.0598 rad
[ik] [ik]   linear=0.2634 m  angular=0.0798 rad
[ik] [ik]   linear=0.2632 m  angular=0.0790 rad
[ik] [ik]   linear=0.2631 m  angular=0.0787 rad
[ik] [ik]   linear=0.2631 m  angular=0.0786 rad
[ik] [ik]   linear=0.2630 m  angular=0.0785 rad
[ik] [ik]   linear=0.2630 m  angular=0.0785 rad
[ik] [ik]   linear=0.2630 m  angular=0.0785 rad
[ik] [ik]   linear=0.2630 m  angular=0.0785 rad
[ik] [ik]   linear=0.2630 m  angular=0.0785 rad
[ik] [ik]   linear=0.2630 m  angular=0.0785 rad
[ik] [ik]   linear=0.2630 m  angular=0.0785 rad
[ik] /home/niraj/isaac_gym_projects/h12_adaptive_policy/.venv/lib/python3.10/site-packages/pink/limits/acceleration_limit.py:166: RuntimeWarning: invalid value encountered in sqrt
[ik]   dt * np.sqrt(2 * self.a_max * Delta_q_min),
[ik] [ik]   linear=0.2630 m  angular=0.0785 rad
[ik] [ik]   linear=0.2630 m  angular=0.0785 rad
[ik] [ik]   linear=0.2630 m  angular=0.0785 rad
[ik] [ik]   linear=0.2630 m  angular=0.0785 rad
[ik] [ik]   linear=0.2630 m  angular=0.0785 rad
[ik] [ik]   linear=0.2630 m  angular=0.0785 rad
[ik] [ik]   linear=0.2630 m  angular=0.0785 rad
[ik] [ik]   linear=0.2630 m  angular=0.0785 rad
[ik] [ik]   linear=0.2630 m  angular=0.0785 rad
[ik] [ik]   linear=0.2630 m  angular=0.0785 rad
[ik] [ik]   linear=0.2630 m  angular=0.0785 rad
[ik] [ik]   linear=0.2630 m  angular=0.0785 rad
[ik] [ik]   linear=0.2630 m  angular=0.0785 rad
[ik] [ik] goal=named:home for 8.0s
[bridge] [bridge] summary:
[bridge]   elapsed_s=35.00
[bridge]   low_cmd_msgs_received=12456 (first at t+0.00s)
[bridge]   base_xyz=[-0.7597764993853936, 0.053102317477575094, 0.07277486531659805]
[bridge]   q_des[0:12]=[-0.27482038736343384, 0.2085641324520111, -0.10224548727273941, 0.2155146449804306, 0.15768660604953766, -0.16179899871349335, -0.27835533022880554, -0.2712043225765228, -0.1994788944721222, -0.019999999552965164, -0.7973340153694153, 0.16051913797855377]
[bridge]   q_now[0:12]=[-0.29187875567301896, -0.0718323374065633, 0.02668910149949794, 0.1020662066300781, 0.18125608271335872, -0.21520809354226422, -0.2959336463989187, -0.09843958590408747, -0.25675215895022413, 0.011527436053028393, -0.797697285241021, 0.1620359376440352]
[bridge]   q_des[13:20]=[0.0, 0.0, 0.0, 0.0, 0.0, 0.0, 0.0]  # left arm
[bridge]   q_now[13:20]=[-0.0032154168048977787, -0.02077578601102494, -0.005490710621897191, 0.002906673296674715, -9.254839584138953e-05, -0.00027459121164387726, -0.0003072146549283329]
[bridge]   q_des[20:27]=[0.0, 0.0, 0.0, 0.0, 0.0, 0.0, 0.0]  # right arm
[bridge]   q_now[20:27]=[0.0037742859253616376, -0.020961541260452927, -0.005728616888978065, 0.0017198526396721072, 0.0014709021991615126, -0.006546230689840301, 0.006917774050230957]
[orchestrator] bridge exited with code 0
[orchestrator] sending SIGINT to safety (pgid=216109)
[orchestrator] sending SIGINT to fame (pgid=216202)
[orchestrator] sending SIGINT to ik (pgid=216729)
[ik] [ik] interrupted, shutting down
[ik] StateSubscriber shutdown
[ik] RobotModel shutdown
[fame] [fame] interrupted, shutting down
[ik] LowCmdPublisher shutdown.
[safety] {"event": "relay_started", "mode": "split_mode"}
[safety] KeyboardInterrupt received, stopping safety layer...
[safety] [Reader] take sample error
[safety] {"event": "relay_stopped"}
[orchestrator] done
