[orchestrator] starting safety: /home/niraj/isaac_gym_projects/h12_adaptive_policy/.venv/bin/python /home/niraj/isaac_gym_projects/h12_safety_layer/h12_safety_layer/script/safety_layer_main.py --config /home/niraj/isaac_gym_projects/h12_fame_manipulation/configs/sim_safety_split.yaml
[orchestrator] starting bridge: /home/niraj/isaac_gym_projects/h12_adaptive_policy/.venv/bin/python -m h12_fame_ik_runner.mujoco_dds_bridge --config /home/niraj/isaac_gym_projects/h12_fame_manipulation/configs/h1_2_fame_ik_eval.yaml --headless --duration 10.0
[bridge] [bridge] PUSH_BLOCK_MASS override: 0.5000 -> 5.0000 kg (inertia x10.000)
[bridge] [bridge] scene=h1_2_table.xml headless=True low_state=rt/lowstate low_cmd_in=rt/lowcmd
[bridge] [bridge] warmup: holding sim frozen up to 3.00s or until first FAME leg cmd lands
[orchestrator] starting fame: /home/niraj/isaac_gym_projects/h12_adaptive_policy/.venv/bin/python -m h12_fame_ik_runner.fame_dds_runner --config /home/niraj/isaac_gym_projects/h12_fame_manipulation/configs/h1_2_fame_ik_eval.yaml
[fame] [fame] loaded encoder /home/niraj/isaac_gym_projects/h12_fame_manipulation/h12_fame_ik_runner/ckpts/handless/encoder_3999.pt
[fame] [fame] low_state=rt/lowstate low_cmd_out=rt/safety/lowcmd_lower_in decim=10 pub_hz=500.0
[bridge] [bridge] warmup done (first leg cmd at t+1.43s); stepping physics now
[orchestrator] starting ik: /home/niraj/isaac_gym_projects/h12_adaptive_policy/.venv/bin/python -m h12_fame_ik_runner.ik_dds_driver --config /home/niraj/isaac_gym_projects/h12_fame_manipulation/configs/h1_2_fame_ik_eval.yaml
[ik] [ik] ARM_KP_MULT=8.000 : arm kp scaled
[ik]      old (13..26): [np.float32(50.0), np.float32(50.0), np.float32(50.0), np.float32(50.0), np.float32(20.0), np.float32(20.0), np.float32(20.0), np.float32(50.0), np.float32(50.0), np.float32(50.0), np.float32(50.0), np.float32(20.0), np.float32(20.0), np.float32(20.0)]
[ik]      new (13..26): [np.float32(400.0), np.float32(400.0), np.float32(400.0), np.float32(400.0), np.float32(160.0), np.float32(160.0), np.float32(160.0), np.float32(400.0), np.float32(400.0), np.float32(400.0), np.float32(400.0), np.float32(160.0), np.float32(160.0), np.float32(160.0)]
[ik] [ik] urdf=h1_2_handless.urdf controller_config=sim_split_controller.yaml
[ik] StateSubscriber initialized.
[ik] LowCmdPublisher initialized.
[ik] All joints are locked in the initial position.
[ik] [ik] batch mode; goals=['q_reduced[14]', 'frame_delta:right']
[ik] [ik] goal=q_reduced[14] for 1.5s  q=[0. ,0. ,0. ,0. ,0. ,0. ,0. ,0. ,0. ,0. ,0.3,0. ,0. ,0. ]
[bridge] [bridge] summary:
[bridge]   elapsed_s=10.00
[bridge]   low_cmd_msgs_received=4271 (first at t+0.00s)
[bridge]   base_xyz=[0.013874149888066482, 0.03521093916945667, 0.8738352081746091]
[bridge]   q_des[0:12]=[-0.33000001311302185, -0.29668018221855164, 0.3111264705657959, 0.9487574100494385, -0.3850042223930359, -0.16179899871349335, -0.33000001311302185, -0.18270635604858398, -0.27548742294311523, 0.8428409099578857, -0.4393448233604431, 0.16179899871349335]
[bridge]   q_now[0:12]=[-0.3442667323378185, -0.2724192849851524, 0.3151627097409469, 1.1558062669538207, -0.5719873586711379, -0.2639899046688504, -0.3371223671191347, -0.07729052956744704, -0.28875626699709206, 1.044239273787475, -0.6651047222732244, 0.26287464728138976]
[bridge]   q_des[13:20]=[0.0, 0.0, 0.0, 0.0, 0.0, 0.0, 0.0]  # left arm
[bridge]   q_now[13:20]=[-0.00012402945747720702, -0.00018524643848108022, -8.962707298510227e-05, -6.764962533311288e-05, 2.2092970175087614e-05, 0.000215723650692409, 3.976280606643413e-06]
[bridge]   q_des[20:27]=[0.0, 0.0, 0.0, 0.1357380896806717, 0.0, 0.0, 0.0]  # right arm
[bridge]   q_now[20:27]=[-3.791149861677841e-05, 0.0003176916201608566, 0.0002717601332991349, 0.13094324508632513, -0.0001275077220208377, -0.0008839324434354955, 4.023304768248677e-06]
[orchestrator] bridge exited with code 0
[orchestrator] sending SIGINT to safety (pgid=1011535)
[orchestrator] sending SIGINT to fame (pgid=1011629)
[orchestrator] sending SIGINT to ik (pgid=1012153)
[ik] [ik] interrupted, shutting down
[ik] StateSubscriber shutdown
[ik] RobotModel shutdown
[fame] [fame] interrupted, shutting down
[ik] LowCmdPublisher shutdown.
[safety] {"event": "relay_started", "mode": "split_mode"}
[safety] KeyboardInterrupt received, stopping safety layer...
[safety] {"event": "relay_stopped"}
[orchestrator] done
