[orchestrator] starting safety: /home/niraj/isaac_gym_projects/h12_adaptive_policy/.venv/bin/python /home/niraj/isaac_gym_projects/h12_safety_layer/h12_safety_layer/script/safety_layer_main.py --config /home/niraj/isaac_gym_projects/h12_fame_manipulation/configs/sim_safety_split.yaml
[orchestrator] starting bridge: /home/niraj/isaac_gym_projects/h12_adaptive_policy/.venv/bin/python -m h12_fame_ik_runner.mujoco_dds_bridge --config /home/niraj/isaac_gym_projects/h12_fame_manipulation/configs/h1_2_fame_ik_eval.yaml --headless --duration 10.0
[bridge] [bridge] PUSH_BLOCK_MASS override: 0.5000 -> 5.0000 kg (inertia x10.000)
[bridge] [bridge] scene=h1_2_table.xml headless=True low_state=rt/lowstate low_cmd_in=rt/lowcmd
[bridge] [bridge] warmup: holding sim frozen up to 3.00s or until first FAME leg cmd lands
[orchestrator] starting fame: /home/niraj/isaac_gym_projects/h12_adaptive_policy/.venv/bin/python -m h12_fame_ik_runner.fame_dds_runner --config /home/niraj/isaac_gym_projects/h12_fame_manipulation/configs/h1_2_fame_ik_eval.yaml
[fame] [fame] loaded encoder /home/niraj/isaac_gym_projects/h12_fame_manipulation/h12_fame_ik_runner/ckpts/handless/encoder_3999.pt
[fame] [fame] low_state=rt/lowstate low_cmd_out=rt/safety/lowcmd_lower_in decim=10 pub_hz=500.0
[bridge] [bridge] warmup done (first leg cmd at t+1.39s); stepping physics now
[orchestrator] starting ik: /home/niraj/isaac_gym_projects/h12_adaptive_policy/.venv/bin/python -m h12_fame_ik_runner.ik_dds_driver --config /home/niraj/isaac_gym_projects/h12_fame_manipulation/configs/h1_2_fame_ik_eval.yaml
[ik] [ik] ARM_KP_MULT=8.000 : arm kp scaled
[ik]      old (13..26): [np.float32(50.0), np.float32(50.0), np.float32(50.0), np.float32(50.0), np.float32(20.0), np.float32(20.0), np.float32(20.0), np.float32(50.0), np.float32(50.0), np.float32(50.0), np.float32(50.0), np.float32(20.0), np.float32(20.0), np.float32(20.0)]
[ik]      new (13..26): [np.float32(400.0), np.float32(400.0), np.float32(400.0), np.float32(400.0), np.float32(160.0), np.float32(160.0), np.float32(160.0), np.float32(400.0), np.float32(400.0), np.float32(400.0), np.float32(400.0), np.float32(160.0), np.float32(160.0), np.float32(160.0)]
[ik] [ik] urdf=h1_2_handless.urdf controller_config=sim_split_controller.yaml
[ik] StateSubscriber initialized.
[ik] LowCmdPublisher initialized.
[ik] All joints are locked in the initial position.
[ik] [ik] batch mode; goals=['q_reduced[14]', 'frame_delta:right']
[ik] [ik] goal=q_reduced[14] for 1.5s  q=[0. ,0. ,0. ,0. ,0. ,0. ,0. ,0. ,0. ,0. ,0.3,0. ,0. ,0. ]
[bridge] [bridge] summary:
[bridge]   elapsed_s=10.00
[bridge]   low_cmd_msgs_received=4362 (first at t+0.00s)
[bridge]   base_xyz=[0.01577121064370989, 0.03711823957056431, 0.8724596919632325]
[bridge]   q_des[0:12]=[-0.33000001311302185, -0.2933596968650818, 0.29798123240470886, 0.9468204379081726, -0.4325493574142456, -0.16179899871349335, -0.33000001311302185, -0.17955882847309113, -0.2633110284805298, 0.8365961313247681, -0.4803314805030823, 0.16179899871349335]
[bridge]   q_now[0:12]=[-0.34659499061091265, -0.25681322336568285, 0.31402906125805446, 1.162189811928054, -0.5802577665439601, -0.2639739640645952, -0.3340808660163233, -0.05976167274712291, -0.2863404926907428, 1.043433522745737, -0.6678307051648394, 0.26296011990144597]
[bridge]   q_des[13:20]=[0.0, 0.0, 0.0, 0.0, 0.0, 0.0, 0.0]  # left arm
[bridge]   q_now[13:20]=[0.0002809146565167053, 1.204559056007799e-05, -4.322163954836097e-05, -0.00012168961017524747, 1.5486446411371163e-05, 0.00014986403116037288, 3.343982812110405e-06]
[bridge]   q_des[20:27]=[0.0, 0.0, 0.0, 0.2456274926662445, -0.0, 0.0, 0.0]  # right arm
[bridge]   q_now[20:27]=[-0.0008368393640978988, 3.495077063295966e-05, -5.952435894444642e-05, 0.22755698005163796, -5.265243692172419e-05, -0.0003087170238715699, 3.184201176415023e-06]
[orchestrator] bridge exited with code 0
[orchestrator] sending SIGINT to safety (pgid=1016033)
[orchestrator] sending SIGINT to fame (pgid=1016126)
[orchestrator] sending SIGINT to ik (pgid=1016662)
[ik] [ik] interrupted, shutting down
[ik] StateSubscriber shutdown
[ik] RobotModel shutdown
[fame] [fame] interrupted, shutting down
[ik] LowCmdPublisher shutdown.
[safety] {"event": "relay_started", "mode": "split_mode"}
[safety] KeyboardInterrupt received, stopping safety layer...
[safety] [Reader] take sample error
[safety] {"event": "relay_stopped"}
[orchestrator] done
