[orchestrator] starting safety: /home/niraj/isaac_gym_projects/h12_adaptive_policy/.venv/bin/python /home/niraj/isaac_gym_projects/h12_safety_layer/h12_safety_layer/script/safety_layer_main.py --config /home/niraj/isaac_gym_projects/h12_fame_manipulation/configs/sim_safety_split.yaml
[orchestrator] starting bridge: /home/niraj/isaac_gym_projects/h12_adaptive_policy/.venv/bin/python -m h12_fame_ik_runner.mujoco_dds_bridge --config /home/niraj/isaac_gym_projects/h12_fame_manipulation/configs/h1_2_fame_ik_eval.yaml --headless --duration 28.0
[bridge] [bridge] PUSH_BLOCK_MASS override: 0.5000 -> 10.0000 kg (inertia x20.000)
[bridge] [bridge] scene=h1_2_table.xml headless=True low_state=rt/lowstate low_cmd_in=rt/lowcmd
[bridge] [bridge] warmup: holding sim frozen up to 3.00s or until first FAME leg cmd lands
[orchestrator] starting fame: /home/niraj/isaac_gym_projects/h12_adaptive_policy/.venv/bin/python -m h12_fame_ik_runner.fame_dds_runner --config /home/niraj/isaac_gym_projects/h12_fame_manipulation/configs/h1_2_fame_ik_eval.yaml
[fame] [fame] loaded encoder /home/niraj/isaac_gym_projects/h12_fame_manipulation/h12_fame_ik_runner/ckpts/handless/encoder_3999.pt
[fame] [fame] low_state=rt/lowstate low_cmd_out=rt/safety/lowcmd_lower_in decim=10 pub_hz=500.0
[bridge] [bridge] warmup done (first leg cmd at t+1.32s); stepping physics now
[orchestrator] starting ik: /home/niraj/isaac_gym_projects/h12_adaptive_policy/.venv/bin/python -m h12_fame_ik_runner.ik_dds_driver --config /home/niraj/isaac_gym_projects/h12_fame_manipulation/configs/h1_2_fame_ik_eval.yaml
[ik] [ik] urdf=h1_2_handless.urdf controller_config=sim_split_controller.yaml
[ik] StateSubscriber initialized.
[ik] LowCmdPublisher initialized.
[ik] All joints are locked in the initial position.
[ik] [ik] batch mode; goals=['q_reduced[14]', 'q_reduced[14]', 'q_reduced[14]', 'q_reduced[14]']
[ik] [ik] goal=q_reduced[14] for 6.0s  q=[-0.2,-0.3, 0. , 0.3, 0. , 0. , 0. ,-0.2, 0.3, 0. , 0.3, 0. , 0. , 0. ]
[bridge] [bridge] weld_block_right activated at t=10.000s  relpos=[0.063, -0.138, 0.034]  relquat=[0.957, -0.004, -0.134, 0.259]
[bridge] [bridge] weld_block_left activated at t=10.000s  relpos=[-0.063, 0.138, -0.034]  relquat=[0.973, -0.087, -0.124, 0.172]
[ik] [ik] goal=q_reduced[14] for 5.0s  q=[-0.85,-0.3 , 0.  , 0.3 , 0.  , 0.  , 0.  ,-0.85, 0.3 , 0.  , 0.3 , 0.  ,
[ik]   0.  , 0.  ]
[ik] [ik] goal=q_reduced[14] for 5.0s  q=[-0.85,-0.3 ,-0.55, 0.3 , 0.  , 0.  , 0.  ,-0.85, 0.3 ,-0.55, 0.3 , 0.  ,
[ik]   0.  , 0.  ]
[ik] [ik] goal=q_reduced[14] for 8.0s  q=[-0.2 ,-0.3 ,-0.55, 0.3 , 0.  , 0.  , 0.  ,-0.2 , 0.3 ,-0.55, 0.3 , 0.  ,
[ik]   0.  , 0.  ]
[bridge] [bridge] summary:
[bridge]   elapsed_s=28.00
[bridge]   low_cmd_msgs_received=10199 (first at t+0.00s)
[bridge]   base_xyz=[0.03367638294900138, 0.03425382865208097, 0.8815545389541785]
[bridge]   q_des[0:12]=[-0.33000001311302185, -0.22870250046253204, 0.145583376288414, 0.9208114147186279, 0.0903136283159256, -0.16179899871349335, -0.33000001311302185, -0.1968626230955124, -0.11545539647340775, 0.8057448267936707, -0.03877811133861542, 0.16179899871349335]
[bridge]   q_now[0:12]=[-0.3932070651461856, -0.32987971030481245, 0.3939385648510665, 1.0287236603130576, -0.4780572806935526, -0.26380954190949696, -0.29976816868873574, -0.08984980271911458, -0.3745254196572646, 0.9293006243803744, -0.6361847800626004, 0.26317194434365315]
[bridge]   q_des[13:20]=[-0.26913389563560486, -0.14530688524246216, -0.5470045208930969, 0.30000001192092896, 0.0, 0.0, 0.0]  # left arm
[bridge]   q_now[13:20]=[-0.32529101367760405, -0.07010236220577191, -0.39429162085682934, 0.4245439849324554, -0.05567838127442903, 0.06766828097763379, 0.28797657935853976]
[bridge]   q_des[20:27]=[-0.26387667655944824, 0.16350200772285461, -0.5532843470573425, 0.30000001192092896, 0.0, 0.0, 0.0]  # right arm
[bridge]   q_now[20:27]=[-0.2142672044456178, 0.11192745399395891, -0.3948754964473512, 0.3755203524297845, 0.047352458828444785, -0.06671963416061814, 0.26267543194351495]
[orchestrator] bridge exited with code 0
[orchestrator] sending SIGINT to safety (pgid=1548012)
[orchestrator] sending SIGINT to fame (pgid=1548107)
[orchestrator] sending SIGINT to ik (pgid=1548655)
[ik] [ik] interrupted, shutting down
[ik] StateSubscriber shutdown
[ik] RobotModel shutdown
[ik] LowCmdPublisher shutdown.
[fame] [fame] interrupted, shutting down
[safety] {"event": "relay_started", "mode": "split_mode"}
[safety] KeyboardInterrupt received, stopping safety layer...
[safety] [Reader] take sample error
[safety] {"event": "relay_stopped"}
[orchestrator] done
