[orchestrator] starting safety: /home/niraj/isaac_gym_projects/h12_adaptive_policy/.venv/bin/python /home/niraj/isaac_gym_projects/h12_safety_layer/h12_safety_layer/script/safety_layer_main.py --config /home/niraj/isaac_gym_projects/h12_fame_manipulation/configs/sim_safety_split.yaml
[orchestrator] starting bridge: /home/niraj/isaac_gym_projects/h12_adaptive_policy/.venv/bin/python -m h12_fame_ik_runner.mujoco_dds_bridge --config /home/niraj/isaac_gym_projects/h12_fame_manipulation/configs/h1_2_fame_ik_eval.yaml --headless --duration 10.0
[bridge] [bridge] PUSH_BLOCK_MASS override: 0.5000 -> 10.0000 kg (inertia x20.000)
[bridge] [bridge] scene=h1_2_table.xml headless=True low_state=rt/lowstate low_cmd_in=rt/lowcmd
[bridge] [bridge] warmup: holding sim frozen up to 3.00s or until first FAME leg cmd lands
[orchestrator] starting fame: /home/niraj/isaac_gym_projects/h12_adaptive_policy/.venv/bin/python -m h12_fame_ik_runner.fame_dds_runner --config /home/niraj/isaac_gym_projects/h12_fame_manipulation/configs/h1_2_fame_ik_eval.yaml
[fame] [fame] loaded encoder /home/niraj/isaac_gym_projects/h12_fame_manipulation/h12_fame_ik_runner/ckpts/handless/encoder_3999.pt
[fame] [fame] low_state=rt/lowstate low_cmd_out=rt/safety/lowcmd_lower_in decim=10 pub_hz=500.0
[bridge] [bridge] warmup done (first leg cmd at t+1.40s); stepping physics now
[orchestrator] starting ik: /home/niraj/isaac_gym_projects/h12_adaptive_policy/.venv/bin/python -m h12_fame_ik_runner.ik_dds_driver --config /home/niraj/isaac_gym_projects/h12_fame_manipulation/configs/h1_2_fame_ik_eval.yaml
[ik] [ik] urdf=h1_2_handless.urdf controller_config=sim_split_controller.yaml
[ik] StateSubscriber initialized.
[ik] LowCmdPublisher initialized.
[ik] All joints are locked in the initial position.
[ik] [ik] batch mode; goals=['q_reduced[14]', 'frame_delta:right']
[ik] [ik] goal=q_reduced[14] for 1.5s  q=[0. ,0. ,0. ,0. ,0. ,0. ,0. ,0. ,0. ,0. ,0.3,0. ,0. ,0. ]
[bridge] [bridge] summary:
[bridge]   elapsed_s=10.00
[bridge]   low_cmd_msgs_received=4378 (first at t+0.00s)
[bridge]   base_xyz=[0.02095102006182949, 0.03189899910494422, 0.8744018226420709]
[bridge]   q_des[0:12]=[-0.33000001311302185, -0.3015369772911072, 0.3190942704677582, 0.9479183554649353, -0.34251001477241516, -0.16179899871349335, -0.33000001311302185, -0.18696603178977966, -0.28482332825660706, 0.843880295753479, -0.39989525079727173, 0.16179899871349335]
[bridge]   q_now[0:12]=[-0.34476026749287597, -0.2747810413473337, 0.3178704603087143, 1.1504815506984059, -0.5752980201130898, -0.2639957100414276, -0.3391026849166949, -0.07886507431469901, -0.2893337168725843, 1.04110165451805, -0.6725436719563918, 0.2628474688437568]
[bridge]   q_des[13:20]=[2.0166182907543044e-16, 1.543584777420299e-20, 5.024202952180458e-21, 5.043900836751731e-20, 2.720334956161532e-22, 2.648198132352561e-21, 5.328254330320938e-23]  # left arm
[bridge]   q_now[13:20]=[0.016052053582955802, 0.002324977270977227, 0.0006177904847686804, 0.00974953286237477, 3.452067715248627e-05, 0.0003369208925190069, 6.893967743799934e-06]
[bridge]   q_des[20:27]=[2.0222822941934755e-16, 1.9392383506601967e-20, 6.05947966941131e-21, 0.045916780829429626, 4.423732532442594e-22, 2.9063489634578217e-21, 5.1198669403315833e-23]  # right arm
[bridge]   q_now[20:27]=[0.01511932264338692, 0.0033476662668901615, 0.0007891075861241469, 0.02092535098288707, 5.578741987376781e-05, 0.0003598264540700492, 6.423188792752424e-06]
[orchestrator] bridge exited with code 0
[orchestrator] sending SIGINT to safety (pgid=870376)
[orchestrator] sending SIGINT to fame (pgid=870469)
[orchestrator] sending SIGINT to ik (pgid=871025)
[ik] [ik] interrupted, shutting down
[ik] StateSubscriber shutdown
[ik] RobotModel shutdown
[fame] [fame] interrupted, shutting down
[ik] LowCmdPublisher shutdown.
[safety] {"event": "relay_started", "mode": "split_mode"}
[safety] KeyboardInterrupt received, stopping safety layer...
[safety] {"event": "relay_stopped"}
[orchestrator] done
