[orchestrator] starting safety: /home/niraj/isaac_gym_projects/h12_adaptive_policy/.venv/bin/python /home/niraj/isaac_gym_projects/h12_safety_layer/h12_safety_layer/script/safety_layer_main.py --config /home/niraj/isaac_gym_projects/h12_fame_manipulation/configs/sim_safety_split.yaml
[orchestrator] starting bridge: /home/niraj/isaac_gym_projects/h12_adaptive_policy/.venv/bin/python -m h12_fame_ik_runner.mujoco_dds_bridge --config /home/niraj/isaac_gym_projects/h12_fame_manipulation/configs/h1_2_fame_ik_eval.yaml --headless --duration 10.0
[bridge] [bridge] PUSH_BLOCK_MASS override: 0.5000 -> 50.0000 kg (inertia x100.000)
[bridge] [bridge] scene=h1_2_table.xml headless=True low_state=rt/lowstate low_cmd_in=rt/lowcmd
[bridge] [bridge] warmup: holding sim frozen up to 3.00s or until first FAME leg cmd lands
[orchestrator] starting fame: /home/niraj/isaac_gym_projects/h12_adaptive_policy/.venv/bin/python -m h12_fame_ik_runner.fame_dds_runner --config /home/niraj/isaac_gym_projects/h12_fame_manipulation/configs/h1_2_fame_ik_eval.yaml
[fame] [fame] loaded encoder /home/niraj/isaac_gym_projects/h12_fame_manipulation/h12_fame_ik_runner/ckpts/handless/encoder_3999.pt
[fame] [fame] low_state=rt/lowstate low_cmd_out=rt/safety/lowcmd_lower_in decim=10 pub_hz=500.0
[bridge] [bridge] warmup done (first leg cmd at t+1.39s); stepping physics now
[orchestrator] starting ik: /home/niraj/isaac_gym_projects/h12_adaptive_policy/.venv/bin/python -m h12_fame_ik_runner.ik_dds_driver --config /home/niraj/isaac_gym_projects/h12_fame_manipulation/configs/h1_2_fame_ik_eval.yaml
[ik] [ik] urdf=h1_2_handless.urdf controller_config=sim_split_controller.yaml
[ik] StateSubscriber initialized.
[ik] LowCmdPublisher initialized.
[ik] All joints are locked in the initial position.
[ik] [ik] batch mode; goals=['q_reduced[14]', 'frame_delta:right']
[ik] [ik] goal=q_reduced[14] for 1.5s  q=[0. ,0. ,0. ,0. ,0. ,0. ,0. ,0. ,0. ,0. ,0.3,0. ,0. ,0. ]
[bridge] [bridge] summary:
[bridge]   elapsed_s=10.00
[bridge]   low_cmd_msgs_received=4377 (first at t+0.00s)
[bridge]   base_xyz=[0.023740841689879024, 0.035753900487946536, 0.8737140762819514]
[bridge]   q_des[0:12]=[-0.33000001311302185, -0.30339935421943665, 0.32206642627716064, 0.9496609568595886, -0.3570575416088104, -0.16179899871349335, -0.33000001311302185, -0.1868544965982437, -0.28767213225364685, 0.8468664884567261, -0.4131423830986023, 0.16179899871349335]
[bridge]   q_now[0:12]=[-0.3424849083036459, -0.2735041314993954, 0.3143420560328323, 1.1573242243371173, -0.579854262108119, -0.26403150635131656, -0.3397915715360609, -0.07719372011655795, -0.2888619149881311, 1.0437902899364313, -0.6725397130392302, 0.26280586394489774]
[bridge]   q_des[13:20]=[0.011379368603229523, 0.001844265148974955, 0.0005917003727518022, 0.005825859494507313, 3.1482202757615596e-05, 0.00030617433367297053, 6.2589365370513406e-06]  # left arm
[bridge]   q_now[13:20]=[0.016393651015219866, 0.002413520883398224, 0.0006066175884118767, 0.011305283706616744, 3.3905362390241745e-05, 0.0003261651738125891, 6.266445110343029e-06]
[bridge]   q_des[20:27]=[0.011767369695007801, 0.0022390286903828382, 0.0006558093591593206, 0.006027886178344488, 5.1660372264450416e-05, 0.0003643525415100157, 6.002366717439145e-06]  # right arm
[bridge]   q_now[20:27]=[0.01661084894179051, 0.0035473618447146643, 0.0009012635707374015, 0.01114884711510978, 5.759777370378662e-05, 0.00038507429551773496, 6.707011166336981e-06]
[orchestrator] bridge exited with code 0
[orchestrator] sending SIGINT to safety (pgid=901800)
[orchestrator] sending SIGINT to fame (pgid=901893)
[orchestrator] sending SIGINT to ik (pgid=902439)
[ik] [ik] interrupted, shutting down
[ik] StateSubscriber shutdown
[ik] RobotModel shutdown
[fame] [fame] interrupted, shutting down
[ik] LowCmdPublisher shutdown.
[safety] {"event": "relay_started", "mode": "split_mode"}
[safety] KeyboardInterrupt received, stopping safety layer...
[safety] {"event": "relay_stopped"}
[orchestrator] done
