[orchestrator] starting safety: /home/niraj/isaac_gym_projects/h12_adaptive_policy/.venv/bin/python /home/niraj/isaac_gym_projects/h12_safety_layer/h12_safety_layer/script/safety_layer_main.py --config /home/niraj/isaac_gym_projects/h12_fame_manipulation/configs/sim_safety_split.yaml
[orchestrator] starting bridge: /home/niraj/isaac_gym_projects/h12_adaptive_policy/.venv/bin/python -m h12_fame_ik_runner.mujoco_dds_bridge --config /home/niraj/isaac_gym_projects/h12_fame_manipulation/configs/h1_2_fame_ik_eval.yaml --headless --duration 10.0
[bridge] [bridge] PUSH_BLOCK_MASS override: 0.5000 -> 50.0000 kg (inertia x100.000)
[bridge] [bridge] scene=h1_2_table.xml headless=True low_state=rt/lowstate low_cmd_in=rt/lowcmd
[bridge] [bridge] warmup: holding sim frozen up to 3.00s or until first FAME leg cmd lands
[orchestrator] starting fame: /home/niraj/isaac_gym_projects/h12_adaptive_policy/.venv/bin/python -m h12_fame_ik_runner.fame_dds_runner --config /home/niraj/isaac_gym_projects/h12_fame_manipulation/configs/h1_2_fame_ik_eval.yaml
[fame] [fame] loaded encoder /home/niraj/isaac_gym_projects/h12_fame_manipulation/h12_fame_ik_runner/ckpts/handless/encoder_3999.pt
[fame] [fame] low_state=rt/lowstate low_cmd_out=rt/safety/lowcmd_lower_in decim=10 pub_hz=500.0
[bridge] [bridge] warmup done (first leg cmd at t+1.33s); stepping physics now
[orchestrator] starting ik: /home/niraj/isaac_gym_projects/h12_adaptive_policy/.venv/bin/python -m h12_fame_ik_runner.ik_dds_driver --config /home/niraj/isaac_gym_projects/h12_fame_manipulation/configs/h1_2_fame_ik_eval.yaml
[ik] [ik] urdf=h1_2_handless.urdf controller_config=sim_split_controller.yaml
[ik] StateSubscriber initialized.
[ik] LowCmdPublisher initialized.
[ik] All joints are locked in the initial position.
[ik] [ik] batch mode; goals=['q_reduced[14]', 'frame_delta:right']
[ik] [ik] goal=q_reduced[14] for 1.5s  q=[0. ,0. ,0. ,0. ,0. ,0. ,0. ,0. ,0. ,0. ,0.3,0. ,0. ,0. ]
[bridge] [bridge] summary:
[bridge]   elapsed_s=10.00
[bridge]   low_cmd_msgs_received=4501 (first at t+0.00s)
[bridge]   base_xyz=[0.021089236137715343, 0.03816558445046738, 0.8741667453629338]
[bridge]   q_des[0:12]=[-0.33000001311302185, -0.3019114136695862, 0.31448298692703247, 0.9487703442573547, -0.36269325017929077, -0.16179899871349335, -0.33000001311302185, -0.18510644137859344, -0.2814982235431671, 0.8456830978393555, -0.41799402236938477, 0.16179899871349335]
[bridge]   q_now[0:12]=[-0.3439682089514033, -0.27411780093659543, 0.3147218643616912, 1.1545801094277508, -0.5757394636370486, -0.26400343630249246, -0.3388213730642486, -0.07844868383244234, -0.28934228456012745, 1.042248898473549, -0.668847410581108, 0.26292402100624185]
[bridge]   q_des[13:20]=[0.0, 0.0, 0.0, 0.0, 0.0, 0.0, 0.0]  # left arm
[bridge]   q_now[13:20]=[0.005294989802406478, 0.002252851428506687, 0.0005503036383628718, 0.0035951328100799363, 3.202405295868358e-05, 0.00031061165855561724, 6.579746842089392e-06]
[bridge]   q_des[20:27]=[0.0, 0.0, 0.0, 0.21550285816192627, 0.0, 0.0, 0.0]  # right arm
[bridge]   q_now[20:27]=[0.002068407344543153, 0.00643323748956251, 0.005254554276759247, 0.1673126355243999, -0.00010026795619688507, -0.00021904897732267326, 6.391473800626879e-06]
[orchestrator] bridge exited with code 0
[orchestrator] sending SIGINT to safety (pgid=906286)
[orchestrator] sending SIGINT to fame (pgid=906379)
[orchestrator] sending SIGINT to ik (pgid=906934)
[ik] [ik] interrupted, shutting down
[ik] StateSubscriber shutdown
[ik] RobotModel shutdown
[fame] [fame] interrupted, shutting down
[ik] LowCmdPublisher shutdown.
[safety] {"event": "relay_started", "mode": "split_mode"}
[safety] KeyboardInterrupt received, stopping safety layer...
[safety] [Reader] take sample error
[safety] [Reader] take sample error
[safety] {"event": "relay_stopped"}
[orchestrator] done
