[orchestrator] starting safety: /home/niraj/isaac_gym_projects/h12_adaptive_policy/.venv/bin/python /home/niraj/isaac_gym_projects/h12_safety_layer/h12_safety_layer/script/safety_layer_main.py --config /home/niraj/isaac_gym_projects/h12_fame_manipulation/configs/sim_safety_split.yaml
[orchestrator] starting bridge: /home/niraj/isaac_gym_projects/h12_adaptive_policy/.venv/bin/python -m h12_fame_ik_runner.mujoco_dds_bridge --config /home/niraj/isaac_gym_projects/h12_fame_manipulation/configs/h1_2_fame_ik_eval.yaml --headless --duration 10.0
[bridge] [bridge] PUSH_BLOCK_MASS override: 0.5000 -> 5.0000 kg (inertia x10.000)
[bridge] [bridge] scene=h1_2_table.xml headless=True low_state=rt/lowstate low_cmd_in=rt/lowcmd
[bridge] [bridge] warmup: holding sim frozen up to 3.00s or until first FAME leg cmd lands
[orchestrator] starting fame: /home/niraj/isaac_gym_projects/h12_adaptive_policy/.venv/bin/python -m h12_fame_ik_runner.fame_dds_runner --config /home/niraj/isaac_gym_projects/h12_fame_manipulation/configs/h1_2_fame_ik_eval.yaml
[fame] [fame] loaded encoder /home/niraj/isaac_gym_projects/h12_fame_manipulation/h12_fame_ik_runner/ckpts/handless/encoder_3999.pt
[fame] [fame] low_state=rt/lowstate low_cmd_out=rt/safety/lowcmd_lower_in decim=10 pub_hz=500.0
[bridge] [bridge] warmup done (first leg cmd at t+1.38s); stepping physics now
[orchestrator] starting ik: /home/niraj/isaac_gym_projects/h12_adaptive_policy/.venv/bin/python -m h12_fame_ik_runner.ik_dds_driver --config /home/niraj/isaac_gym_projects/h12_fame_manipulation/configs/h1_2_fame_ik_eval.yaml
[ik] [ik] urdf=h1_2_handless.urdf controller_config=sim_split_controller.yaml
[ik] StateSubscriber initialized.
[ik] LowCmdPublisher initialized.
[ik] All joints are locked in the initial position.
[ik] [ik] batch mode; goals=['q_reduced[14]', 'frame_delta:right']
[ik] [ik] goal=q_reduced[14] for 1.5s  q=[0. ,0. ,0. ,0. ,0. ,0. ,0. ,0. ,0. ,0. ,0.3,0. ,0. ,0. ]
[bridge] [bridge] summary:
[bridge]   elapsed_s=10.00
[bridge]   low_cmd_msgs_received=4355 (first at t+0.00s)
[bridge]   base_xyz=[0.02016322113759965, 0.03365229300919642, 0.8739942005404014]
[bridge]   q_des[0:12]=[-0.33000001311302185, -0.3053918480873108, 0.3206889033317566, 0.9501815438270569, -0.3436209559440613, -0.16179899871349335, -0.33000001311302185, -0.1893455535173416, -0.2881096303462982, 0.8475145101547241, -0.40057921409606934, 0.16179899871349335]
[bridge]   q_now[0:12]=[-0.3422847148018126, -0.2767149401872579, 0.3169822626254033, 1.1536924753138307, -0.5769473174292283, -0.26400037099908524, -0.3401785589760979, -0.08142742516159923, -0.28966644234792954, 1.0443049650018936, -0.6733901320896584, 0.2627679290225838]
[bridge]   q_des[13:20]=[0.0, 0.0, 0.0, 0.0, 0.0, 0.0, 0.0]  # left arm
[bridge]   q_now[13:20]=[0.014042988036937354, 0.004103688651297335, 0.0008197473238081976, 0.004146775599754107, 4.108630825496472e-05, 0.00039902327672005635, 8.500591280395219e-06]
[bridge]   q_des[20:27]=[0.0, 0.0, 0.0, 0.13579659163951874, 0.0, 0.0, 0.0]  # right arm
[bridge]   q_now[20:27]=[0.013545874332713703, 0.005616503156319377, 0.0027749543345983157, 0.08226387669344581, -1.5273972816647873e-05, 0.00029364678375045364, 7.473004352857058e-06]
[orchestrator] bridge exited with code 0
[orchestrator] sending SIGINT to safety (pgid=856904)
[orchestrator] sending SIGINT to fame (pgid=856997)
[orchestrator] sending SIGINT to ik (pgid=857553)
[ik] [ik] interrupted, shutting down
[ik] StateSubscriber shutdown
[ik] RobotModel shutdown
[fame] [fame] interrupted, shutting down
[ik] LowCmdPublisher shutdown.
[safety] {"event": "relay_started", "mode": "split_mode"}
[safety] KeyboardInterrupt received, stopping safety layer...
[safety] {"event": "relay_stopped"}
[orchestrator] done
