[orchestrator] starting safety: /home/niraj/isaac_gym_projects/h12_adaptive_policy/.venv/bin/python /home/niraj/isaac_gym_projects/h12_safety_layer/h12_safety_layer/script/safety_layer_main.py --config /home/niraj/isaac_gym_projects/h12_fame_manipulation/configs/sim_safety_split.yaml
[orchestrator] starting bridge: /home/niraj/isaac_gym_projects/h12_adaptive_policy/.venv/bin/python -m h12_fame_ik_runner.mujoco_dds_bridge --config /home/niraj/isaac_gym_projects/h12_fame_manipulation/configs/h1_2_fame_ik_eval.yaml --headless --duration 10.0
[bridge] [bridge] PUSH_BLOCK_MASS override: 0.5000 -> 50.0000 kg (inertia x100.000)
[bridge] [bridge] scene=h1_2_table.xml headless=True low_state=rt/lowstate low_cmd_in=rt/lowcmd
[bridge] [bridge] warmup: holding sim frozen up to 3.00s or until first FAME leg cmd lands
[orchestrator] starting fame: /home/niraj/isaac_gym_projects/h12_adaptive_policy/.venv/bin/python -m h12_fame_ik_runner.fame_dds_runner --config /home/niraj/isaac_gym_projects/h12_fame_manipulation/configs/h1_2_fame_ik_eval.yaml
[fame] [fame] loaded encoder /home/niraj/isaac_gym_projects/h12_fame_manipulation/h12_fame_ik_runner/ckpts/handless/encoder_3999.pt
[fame] [fame] low_state=rt/lowstate low_cmd_out=rt/safety/lowcmd_lower_in decim=10 pub_hz=500.0
[bridge] [bridge] warmup done (first leg cmd at t+1.42s); stepping physics now
[orchestrator] starting ik: /home/niraj/isaac_gym_projects/h12_adaptive_policy/.venv/bin/python -m h12_fame_ik_runner.ik_dds_driver --config /home/niraj/isaac_gym_projects/h12_fame_manipulation/configs/h1_2_fame_ik_eval.yaml
[ik] [ik] urdf=h1_2_handless.urdf controller_config=sim_split_controller.yaml
[ik] StateSubscriber initialized.
[ik] LowCmdPublisher initialized.
[ik] All joints are locked in the initial position.
[ik] [ik] batch mode; goals=['q_reduced[14]', 'frame_delta:right']
[ik] [ik] goal=q_reduced[14] for 1.5s  q=[0. ,0. ,0. ,0. ,0. ,0. ,0. ,0. ,0. ,0. ,0.3,0. ,0. ,0. ]
[bridge] [bridge] summary:
[bridge]   elapsed_s=10.00
[bridge]   low_cmd_msgs_received=4399 (first at t+0.00s)
[bridge]   base_xyz=[0.01835574712614533, 0.03218682028446607, 0.8739316563989544]
[bridge]   q_des[0:12]=[-0.33000001311302185, -0.30597808957099915, 0.3211911916732788, 0.9508627653121948, -0.34976354241371155, -0.16179899871349335, -0.33000001311302185, -0.1890057772397995, -0.2890802323818207, 0.8487969636917114, -0.4059761166572571, 0.16179899871349335]
[bridge]   q_now[0:12]=[-0.34237480393799646, -0.2785796454094828, 0.3162001144956959, 1.1555224865703084, -0.5753346362886192, -0.26400830379930507, -0.33998377939269003, -0.08270673138248233, -0.2896473055211227, 1.0448658927719419, -0.6706993090270476, 0.2628400215819814]
[bridge]   q_des[13:20]=[0.0, 0.0, 0.0, 0.0, 0.0, 0.0, 0.0]  # left arm
[bridge]   q_now[13:20]=[0.00805099096509025, 0.0033347912894886697, 0.0006619907383076918, 0.0034683701499383735, 3.7192533699158705e-05, 0.00036206683402099547, 7.387242919641069e-06]
[bridge]   q_des[20:27]=[0.0, 0.0, 0.0, 0.19558268785476685, 0.0, 0.0, 0.0]  # right arm
[bridge]   q_now[20:27]=[0.005441781226650755, 0.006517854020167505, 0.004587852398248834, 0.1426720302690537, -8.421655216526045e-05, -0.00019015659176070557, 7.105798123758792e-06]
[orchestrator] bridge exited with code 0
[orchestrator] sending SIGINT to safety (pgid=897328)
[orchestrator] sending SIGINT to fame (pgid=897421)
[orchestrator] sending SIGINT to ik (pgid=897947)
[ik] [ik] interrupted, shutting down
[ik] StateSubscriber shutdown
[ik] RobotModel shutdown
[fame] [fame] interrupted, shutting down
[ik] LowCmdPublisher shutdown.
[safety] {"event": "relay_started", "mode": "split_mode"}
[safety] KeyboardInterrupt received, stopping safety layer...
[safety] [Reader] take sample error
[safety] [Reader] take sample error
[safety] {"event": "relay_stopped"}
[orchestrator] done
