[orchestrator] starting safety: /home/niraj/isaac_gym_projects/h12_adaptive_policy/.venv/bin/python /home/niraj/isaac_gym_projects/h12_safety_layer/h12_safety_layer/script/safety_layer_main.py --config /home/niraj/isaac_gym_projects/h12_fame_manipulation/configs/sim_safety_split.yaml
[orchestrator] starting bridge: /home/niraj/isaac_gym_projects/h12_adaptive_policy/.venv/bin/python -m h12_fame_ik_runner.mujoco_dds_bridge --config /home/niraj/isaac_gym_projects/h12_fame_manipulation/configs/h1_2_fame_ik_eval.yaml --headless --duration 10.0
[bridge] [bridge] PUSH_BLOCK_MASS override: 0.5000 -> 5.0000 kg (inertia x10.000)
[bridge] [bridge] scene=h1_2_table.xml headless=True low_state=rt/lowstate low_cmd_in=rt/lowcmd
[bridge] [bridge] warmup: holding sim frozen up to 3.00s or until first FAME leg cmd lands
[orchestrator] starting fame: /home/niraj/isaac_gym_projects/h12_adaptive_policy/.venv/bin/python -m h12_fame_ik_runner.fame_dds_runner --config /home/niraj/isaac_gym_projects/h12_fame_manipulation/configs/h1_2_fame_ik_eval.yaml
[fame] [fame] loaded encoder /home/niraj/isaac_gym_projects/h12_fame_manipulation/h12_fame_ik_runner/ckpts/handless/encoder_3999.pt
[fame] [fame] low_state=rt/lowstate low_cmd_out=rt/safety/lowcmd_lower_in decim=10 pub_hz=500.0
[bridge] [bridge] warmup done (first leg cmd at t+1.32s); stepping physics now
[orchestrator] starting ik: /home/niraj/isaac_gym_projects/h12_adaptive_policy/.venv/bin/python -m h12_fame_ik_runner.ik_dds_driver --config /home/niraj/isaac_gym_projects/h12_fame_manipulation/configs/h1_2_fame_ik_eval.yaml
[ik] [ik] urdf=h1_2_handless.urdf controller_config=sim_split_controller.yaml
[ik] StateSubscriber initialized.
[ik] LowCmdPublisher initialized.
[ik] All joints are locked in the initial position.
[ik] [ik] batch mode; goals=['q_reduced[14]', 'frame_delta:right']
[ik] [ik] goal=q_reduced[14] for 1.5s  q=[0. ,0. ,0. ,0. ,0. ,0. ,0. ,0. ,0. ,0. ,0.3,0. ,0. ,0. ]
[bridge] [bridge] summary:
[bridge]   elapsed_s=10.00
[bridge]   low_cmd_msgs_received=4408 (first at t+0.00s)
[bridge]   base_xyz=[0.014499351715448295, 0.030545349954947988, 0.8737492901300499]
[bridge]   q_des[0:12]=[-0.33000001311302185, -0.2952636480331421, 0.2980591654777527, 0.9460079073905945, -0.38932371139526367, -0.16179899871349335, -0.33000001311302185, -0.18077093362808228, -0.26566097140312195, 0.8375887870788574, -0.4415777921676636, 0.16179899871349335]
[bridge]   q_now[0:12]=[-0.3481813139753238, -0.26289748686422515, 0.31591597463872545, 1.1521094072033755, -0.5746105340165446, -0.2639445612523836, -0.333647529694409, -0.06646018168525489, -0.28862297473344645, 1.0403531227148433, -0.6697528913098553, 0.26298179293311597]
[bridge]   q_des[13:20]=[0.0, 0.0, 0.0, 0.0, 0.0, 0.0, 0.0]  # left arm
[bridge]   q_now[13:20]=[0.00479454844709609, 0.001899369311679865, 0.0004952981677376568, 0.0032278592188257184, 2.965447819639665e-05, 0.00028765218417971207, 6.1872453217989005e-06]
[bridge]   q_des[20:27]=[0.0, 0.0, 0.0, 0.30000001192092896, 0.0, 0.0, 0.0]  # right arm
[bridge]   q_now[20:27]=[0.0018529678900123714, 0.003854948990319662, 0.002890998614271128, 0.27683788307192225, -0.00010779324891088454, -0.0006886643514794163, 6.068758447516265e-06]
[orchestrator] bridge exited with code 0
[orchestrator] sending SIGINT to safety (pgid=861389)
[orchestrator] sending SIGINT to fame (pgid=861482)
[orchestrator] sending SIGINT to ik (pgid=862038)
[ik] [ik] interrupted, shutting down
[ik] StateSubscriber shutdown
[ik] RobotModel shutdown
[fame] [fame] interrupted, shutting down
[ik] LowCmdPublisher shutdown.
[safety] {"event": "relay_started", "mode": "split_mode"}
[safety] KeyboardInterrupt received, stopping safety layer...
[safety] {"event": "relay_stopped"}
[orchestrator] done
