[orchestrator] starting safety: /home/niraj/isaac_gym_projects/h12_adaptive_policy/.venv/bin/python /home/niraj/isaac_gym_projects/h12_safety_layer/h12_safety_layer/script/safety_layer_main.py --config /home/niraj/isaac_gym_projects/h12_fame_manipulation/configs/sim_safety_split.yaml
[orchestrator] starting bridge: /home/niraj/isaac_gym_projects/h12_adaptive_policy/.venv/bin/python -m h12_fame_ik_runner.mujoco_dds_bridge --config /home/niraj/isaac_gym_projects/h12_fame_manipulation/configs/h1_2_fame_ik_eval.yaml --headless --duration 10.0
[bridge] [bridge] PUSH_BLOCK_MASS override: 0.5000 -> 5.0000 kg (inertia x10.000)
[bridge] [bridge] scene=h1_2_table.xml headless=True low_state=rt/lowstate low_cmd_in=rt/lowcmd
[bridge] [bridge] warmup: holding sim frozen up to 3.00s or until first FAME leg cmd lands
[orchestrator] starting fame: /home/niraj/isaac_gym_projects/h12_adaptive_policy/.venv/bin/python -m h12_fame_ik_runner.fame_dds_runner --config /home/niraj/isaac_gym_projects/h12_fame_manipulation/configs/h1_2_fame_ik_eval.yaml
[fame] [fame] loaded encoder /home/niraj/isaac_gym_projects/h12_fame_manipulation/h12_fame_ik_runner/ckpts/handless/encoder_3999.pt
[fame] [fame] low_state=rt/lowstate low_cmd_out=rt/safety/lowcmd_lower_in decim=10 pub_hz=500.0
[bridge] [bridge] warmup done (first leg cmd at t+1.40s); stepping physics now
[orchestrator] starting ik: /home/niraj/isaac_gym_projects/h12_adaptive_policy/.venv/bin/python -m h12_fame_ik_runner.ik_dds_driver --config /home/niraj/isaac_gym_projects/h12_fame_manipulation/configs/h1_2_fame_ik_eval.yaml
[ik] [ik] urdf=h1_2_handless.urdf controller_config=sim_split_controller.yaml
[ik] StateSubscriber initialized.
[ik] LowCmdPublisher initialized.
[ik] All joints are locked in the initial position.
[ik] [ik] batch mode; goals=['q_reduced[14]', 'frame_delta:right']
[ik] [ik] goal=q_reduced[14] for 1.5s  q=[0. ,0. ,0. ,0. ,0. ,0. ,0. ,0. ,0. ,0. ,0.3,0. ,0. ,0. ]
[bridge] [bridge] summary:
[bridge]   elapsed_s=10.00
[bridge]   low_cmd_msgs_received=4396 (first at t+0.00s)
[bridge]   base_xyz=[0.015536569034038605, 0.032521179982384234, 0.873538999246456]
[bridge]   q_des[0:12]=[-0.33000001311302185, -0.2964319884777069, 0.29961639642715454, 0.9472341537475586, -0.393121600151062, -0.16179899871349335, -0.33000001311302185, -0.18152014911174774, -0.2672797739505768, 0.8389941453933716, -0.4448055028915405, 0.16179899871349335]
[bridge]   q_now[0:12]=[-0.34604030034609823, -0.2649807081727204, 0.3147822107736147, 1.155501409238497, -0.5765454284030912, -0.26396390456717655, -0.33573429944998234, -0.06799406794158644, -0.2885941107199334, 1.0416885641038094, -0.6695479958387834, 0.26295706422387144]
[bridge]   q_des[13:20]=[0.0, 0.0, 0.0, 0.0, 0.0, 0.0, 0.0]  # left arm
[bridge]   q_now[13:20]=[0.004961663227944672, 0.0019233340486766387, 0.0005071074294204789, 0.0032750344349145857, 3.028254345917966e-05, 0.0002938980470926547, 6.261945617722684e-06]
[bridge]   q_des[20:27]=[0.0, 0.0, 0.0, 0.29999977350234985, -0.0, 0.0, 0.0]  # right arm
[bridge]   q_now[20:27]=[0.003142291220646978, 0.004027907954653075, 0.0029568778582536558, 0.2687033941917701, -0.00011607427635744101, -0.0009779909978788605, 6.150740005307548e-06]
[orchestrator] bridge exited with code 0
[orchestrator] sending SIGINT to safety (pgid=865881)
[orchestrator] sending SIGINT to fame (pgid=865984)
[orchestrator] sending SIGINT to ik (pgid=866520)
[ik] [ik] interrupted, shutting down
[ik] StateSubscriber shutdown
[ik] RobotModel shutdown
[fame] [fame] interrupted, shutting down
[ik] LowCmdPublisher shutdown.
[safety] {"event": "relay_started", "mode": "split_mode"}
[safety] KeyboardInterrupt received, stopping safety layer...
[safety] [Reader] take sample error
[safety] {"event": "relay_stopped"}
[orchestrator] done
