[orchestrator] starting safety: /home/niraj/isaac_gym_projects/h12_adaptive_policy/.venv/bin/python /home/niraj/isaac_gym_projects/h12_safety_layer/h12_safety_layer/script/safety_layer_main.py --config /home/niraj/isaac_gym_projects/h12_fame_manipulation/configs/sim_safety_split.yaml
[orchestrator] starting bridge: /home/niraj/isaac_gym_projects/h12_adaptive_policy/.venv/bin/python -m h12_fame_ik_runner.mujoco_dds_bridge --config /home/niraj/isaac_gym_projects/h12_fame_manipulation/configs/h1_2_fame_ik_eval.yaml --headless --duration 10.0
[bridge] [bridge] PUSH_BLOCK_MASS override: 0.5000 -> 20.0000 kg (inertia x40.000)
[bridge] [bridge] scene=h1_2_table.xml headless=True low_state=rt/lowstate low_cmd_in=rt/lowcmd
[bridge] [bridge] warmup: holding sim frozen up to 3.00s or until first FAME leg cmd lands
[orchestrator] starting fame: /home/niraj/isaac_gym_projects/h12_adaptive_policy/.venv/bin/python -m h12_fame_ik_runner.fame_dds_runner --config /home/niraj/isaac_gym_projects/h12_fame_manipulation/configs/h1_2_fame_ik_eval.yaml
[fame] [fame] loaded encoder /home/niraj/isaac_gym_projects/h12_fame_manipulation/h12_fame_ik_runner/ckpts/handless/encoder_3999.pt
[fame] [fame] low_state=rt/lowstate low_cmd_out=rt/safety/lowcmd_lower_in decim=10 pub_hz=500.0
[bridge] [bridge] warmup done (first leg cmd at t+1.39s); stepping physics now
[orchestrator] starting ik: /home/niraj/isaac_gym_projects/h12_adaptive_policy/.venv/bin/python -m h12_fame_ik_runner.ik_dds_driver --config /home/niraj/isaac_gym_projects/h12_fame_manipulation/configs/h1_2_fame_ik_eval.yaml
[ik] [ik] urdf=h1_2_handless.urdf controller_config=sim_split_controller.yaml
[ik] StateSubscriber initialized.
[ik] LowCmdPublisher initialized.
[ik] All joints are locked in the initial position.
[ik] [ik] batch mode; goals=['q_reduced[14]', 'frame_delta:right']
[ik] [ik] goal=q_reduced[14] for 1.5s  q=[0. ,0. ,0. ,0. ,0. ,0. ,0. ,0. ,0. ,0. ,0.3,0. ,0. ,0. ]
[bridge] [bridge] summary:
[bridge]   elapsed_s=10.00
[bridge]   low_cmd_msgs_received=4444 (first at t+0.01s)
[bridge]   base_xyz=[0.01735882912710293, 0.032941618474042485, 0.8745811989310155]
[bridge]   q_des[0:12]=[-0.33000001311302185, -0.29862603545188904, 0.3100404143333435, 0.9469075202941895, -0.3605800271034241, -0.16179899871349335, -0.33000001311302185, -0.18527789413928986, -0.2763884961605072, 0.8415823578834534, -0.4167948365211487, 0.16179899871349335]
[bridge]   q_now[0:12]=[-0.34519610837134024, -0.27291430554813634, 0.3176873995173916, 1.1489438319246583, -0.5714509991949922, -0.2639644737110649, -0.33777406452109243, -0.07771301130191025, -0.289713222671011, 1.040705896291214, -0.6690359253658645, 0.2628611986319071]
[bridge]   q_des[13:20]=[0.0, 0.0, 0.0, 0.0, 0.0, 0.0, 0.0]  # left arm
[bridge]   q_now[13:20]=[0.005623913899388562, 0.0020859042299381024, 0.0005286018619028892, 0.003654666725593783, 3.188280781963285e-05, 0.0003103831404900779, 6.221647811355626e-06]
[bridge]   q_des[20:27]=[0.0, 0.0, 0.0, 0.19583213329315186, 0.0, 0.0, 0.0]  # right arm
[bridge]   q_now[20:27]=[0.0016709805740930243, 0.004521089159965119, 0.003439375429770503, 0.1368298489451532, -4.63464830494187e-05, -0.00010970699398934623, 6.058864588667432e-06]
[orchestrator] bridge exited with code 0
[orchestrator] sending SIGINT to safety (pgid=883854)
[orchestrator] sending SIGINT to fame (pgid=883948)
[orchestrator] sending SIGINT to ik (pgid=884535)
[ik] [ik] interrupted, shutting down
[ik] StateSubscriber shutdown
[ik] RobotModel shutdown
[fame] [fame] interrupted, shutting down
[ik] LowCmdPublisher shutdown.
[safety] {"event": "relay_started", "mode": "split_mode"}
[safety] KeyboardInterrupt received, stopping safety layer...
[safety] [Reader] take sample error
[safety] {"event": "relay_stopped"}
[orchestrator] done
