[orchestrator] starting safety: /home/niraj/isaac_gym_projects/h12_adaptive_policy/.venv/bin/python /home/niraj/isaac_gym_projects/h12_safety_layer/h12_safety_layer/script/safety_layer_main.py --config /home/niraj/isaac_gym_projects/h12_fame_manipulation/configs/sim_safety_split.yaml
[orchestrator] starting bridge: /home/niraj/isaac_gym_projects/h12_adaptive_policy/.venv/bin/python -m h12_fame_ik_runner.mujoco_dds_bridge --config /home/niraj/isaac_gym_projects/h12_fame_manipulation/configs/h1_2_fame_ik_eval.yaml --headless --duration 10.0
[bridge] [bridge] PUSH_BLOCK_MASS override: 0.5000 -> 1.0000 kg (inertia x2.000)
[bridge] [bridge] scene=h1_2_table.xml headless=True low_state=rt/lowstate low_cmd_in=rt/lowcmd
[bridge] [bridge] warmup: holding sim frozen up to 3.00s or until first FAME leg cmd lands
[orchestrator] starting fame: /home/niraj/isaac_gym_projects/h12_adaptive_policy/.venv/bin/python -m h12_fame_ik_runner.fame_dds_runner --config /home/niraj/isaac_gym_projects/h12_fame_manipulation/configs/h1_2_fame_ik_eval.yaml
[fame] [fame] loaded encoder /home/niraj/isaac_gym_projects/h12_fame_manipulation/h12_fame_ik_runner/ckpts/handless/encoder_3999.pt
[fame] [fame] low_state=rt/lowstate low_cmd_out=rt/safety/lowcmd_lower_in decim=10 pub_hz=500.0
[bridge] [bridge] warmup done (first leg cmd at t+1.39s); stepping physics now
[orchestrator] starting ik: /home/niraj/isaac_gym_projects/h12_adaptive_policy/.venv/bin/python -m h12_fame_ik_runner.ik_dds_driver --config /home/niraj/isaac_gym_projects/h12_fame_manipulation/configs/h1_2_fame_ik_eval.yaml
[ik] [ik] urdf=h1_2_handless.urdf controller_config=sim_split_controller.yaml
[ik] StateSubscriber initialized.
[ik] LowCmdPublisher initialized.
[ik] All joints are locked in the initial position.
[ik] [ik] batch mode; goals=['q_reduced[14]', 'frame_delta:right']
[ik] [ik] goal=q_reduced[14] for 1.5s  q=[0. ,0. ,0. ,0. ,0. ,0. ,0. ,0. ,0. ,0. ,0.3,0. ,0. ,0. ]
[bridge] [bridge] summary:
[bridge]   elapsed_s=10.00
[bridge]   low_cmd_msgs_received=4413 (first at t+0.00s)
[bridge]   base_xyz=[0.02267600147397224, 0.03245522742730848, 0.8747265398550922]
[bridge]   q_des[0:12]=[-0.33000001311302185, -0.29866984486579895, 0.3088942766189575, 0.9483163952827454, -0.3400399088859558, -0.16179899871349335, -0.33000001311302185, -0.18820925056934357, -0.27683061361312866, 0.8409253358840942, -0.39856529235839844, 0.16179899871349335]
[bridge]   q_now[0:12]=[-0.3453922056218772, -0.27545411785407986, 0.31953011454938113, 1.1459493095691973, -0.570013572426504, -0.2639506493079683, -0.33764656659881914, -0.07691054252915511, -0.29045385361702547, 1.0393333351255596, -0.6734015277415035, 0.2628922948951913]
[bridge]   q_des[13:20]=[0.0, 0.0, 0.0, 0.0, 0.0, 0.0, 0.0]  # left arm
[bridge]   q_now[13:20]=[0.005566703141708603, 0.0020208709225443744, 0.0005284589841836902, 0.0036862776241127866, 3.1617637954537584e-05, 0.0003076594133089448, 6.365078227790703e-06]
[bridge]   q_des[20:27]=[0.0, 0.0, 0.0, 0.22589540481567383, 0.0, 0.0, 0.0]  # right arm
[bridge]   q_now[20:27]=[0.004524024586300035, 0.00246812415128058, 0.00040210604756592716, 0.17446840821229298, 2.49547299681185e-05, 0.0002989982248437315, 6.162797070555836e-06]
[orchestrator] bridge exited with code 0
[orchestrator] sending SIGINT to safety (pgid=834472)
[orchestrator] sending SIGINT to fame (pgid=834565)
[orchestrator] sending SIGINT to ik (pgid=835111)
[ik] [ik] interrupted, shutting down
[ik] StateSubscriber shutdown
[ik] RobotModel shutdown
[fame] [fame] interrupted, shutting down
[ik] LowCmdPublisher shutdown.
[safety] {"event": "relay_started", "mode": "split_mode"}
[safety] KeyboardInterrupt received, stopping safety layer...
[safety] {"event": "relay_stopped"}
[orchestrator] done
