[orchestrator] starting safety: /home/niraj/isaac_gym_projects/h12_adaptive_policy/.venv/bin/python /home/niraj/isaac_gym_projects/h12_safety_layer/h12_safety_layer/script/safety_layer_main.py --config /home/niraj/isaac_gym_projects/h12_fame_manipulation/configs/sim_safety_split.yaml
[orchestrator] starting bridge: /home/niraj/isaac_gym_projects/h12_adaptive_policy/.venv/bin/python -m h12_fame_ik_runner.mujoco_dds_bridge --config /home/niraj/isaac_gym_projects/h12_fame_manipulation/configs/h1_2_fame_ik_eval.yaml --headless --duration 10.0
[bridge] [bridge] PUSH_BLOCK_MASS override: 0.5000 -> 10.0000 kg (inertia x20.000)
[bridge] [bridge] scene=h1_2_table.xml headless=True low_state=rt/lowstate low_cmd_in=rt/lowcmd
[bridge] [bridge] warmup: holding sim frozen up to 3.00s or until first FAME leg cmd lands
[orchestrator] starting fame: /home/niraj/isaac_gym_projects/h12_adaptive_policy/.venv/bin/python -m h12_fame_ik_runner.fame_dds_runner --config /home/niraj/isaac_gym_projects/h12_fame_manipulation/configs/h1_2_fame_ik_eval.yaml
[fame] [fame] loaded encoder /home/niraj/isaac_gym_projects/h12_fame_manipulation/h12_fame_ik_runner/ckpts/handless/encoder_3999.pt
[fame] [fame] low_state=rt/lowstate low_cmd_out=rt/safety/lowcmd_lower_in decim=10 pub_hz=500.0
[bridge] [bridge] warmup done (first leg cmd at t+1.40s); stepping physics now
[orchestrator] starting ik: /home/niraj/isaac_gym_projects/h12_adaptive_policy/.venv/bin/python -m h12_fame_ik_runner.ik_dds_driver --config /home/niraj/isaac_gym_projects/h12_fame_manipulation/configs/h1_2_fame_ik_eval.yaml
[ik] [ik] urdf=h1_2_handless.urdf controller_config=sim_split_controller.yaml
[ik] StateSubscriber initialized.
[ik] LowCmdPublisher initialized.
[ik] All joints are locked in the initial position.
[ik] [ik] batch mode; goals=['q_reduced[14]', 'frame_delta:right']
[ik] [ik] goal=q_reduced[14] for 1.5s  q=[0. ,0. ,0. ,0. ,0. ,0. ,0. ,0. ,0. ,0. ,0.3,0. ,0. ,0. ]
[bridge] [bridge] summary:
[bridge]   elapsed_s=10.00
[bridge]   low_cmd_msgs_received=4371 (first at t+0.00s)
[bridge]   base_xyz=[0.01983219606107686, 0.0336115013959978, 0.8745650455549682]
[bridge]   q_des[0:12]=[-0.33000001311302185, -0.3021495044231415, 0.31448858976364136, 0.9465622305870056, -0.3566936254501343, -0.16179899871349335, -0.33000001311302185, -0.18684303760528564, -0.2819705605506897, 0.8430904150009155, -0.41213053464889526, 0.16179899871349335]
[bridge]   q_now[0:12]=[-0.34278502140618705, -0.2727159463316578, 0.3169415583056509, 1.150620570060881, -0.5748631933292323, -0.26398176845743127, -0.33875569149106277, -0.07762297605166976, -0.2889399346259384, 1.0406705904259603, -0.6704347265870962, 0.2627666205769929]
[bridge]   q_des[13:20]=[0.0, 0.0, 0.0, 0.0, 0.0, 0.0, 0.0]  # left arm
[bridge]   q_now[13:20]=[0.009380137738611915, 0.002462108349909095, 0.0005881735060850449, 0.0046313437986160045, 3.464405948590075e-05, 0.0003375762190464085, 6.839905644822333e-06]
[bridge]   q_des[20:27]=[0.0, 0.0, 0.0, 0.16587020456790924, 0.0, 0.0, 0.0]  # right arm
[bridge]   q_now[20:27]=[0.006192642479995414, 0.005622565148560087, 0.004243807372550192, 0.0831979189179782, -5.312925861263942e-05, -0.00036073086489140846, 6.026229676250001e-06]
[orchestrator] bridge exited with code 0
[orchestrator] sending SIGINT to safety (pgid=879389)
[orchestrator] sending SIGINT to fame (pgid=879483)
[orchestrator] sending SIGINT to ik (pgid=880029)
[ik] [ik] interrupted, shutting down
[ik] StateSubscriber shutdown
[ik] RobotModel shutdown
[ik] LowCmdPublisher shutdown.
[fame] [fame] interrupted, shutting down
[safety] {"event": "relay_started", "mode": "split_mode"}
[safety] KeyboardInterrupt received, stopping safety layer...
[safety] [Reader] take sample error
[safety] [Reader] take sample error
[safety] {"event": "relay_stopped"}
[orchestrator] done
