[orchestrator] starting safety: /home/niraj/isaac_gym_projects/h12_adaptive_policy/.venv/bin/python /home/niraj/isaac_gym_projects/h12_safety_layer/h12_safety_layer/script/safety_layer_main.py --config /home/niraj/isaac_gym_projects/h12_fame_manipulation/configs/sim_safety_split.yaml
[orchestrator] starting bridge: /home/niraj/isaac_gym_projects/h12_adaptive_policy/.venv/bin/python -m h12_fame_ik_runner.mujoco_dds_bridge --config /home/niraj/isaac_gym_projects/h12_fame_manipulation/configs/h1_2_fame_ik_eval.yaml --headless --duration 10.0
[bridge] [bridge] PUSH_BLOCK_MASS override: 0.5000 -> 0.1000 kg (inertia x0.200)
[bridge] [bridge] scene=h1_2_table.xml headless=True low_state=rt/lowstate low_cmd_in=rt/lowcmd
[bridge] [bridge] warmup: holding sim frozen up to 3.00s or until first FAME leg cmd lands
[orchestrator] starting fame: /home/niraj/isaac_gym_projects/h12_adaptive_policy/.venv/bin/python -m h12_fame_ik_runner.fame_dds_runner --config /home/niraj/isaac_gym_projects/h12_fame_manipulation/configs/h1_2_fame_ik_eval.yaml
[fame] [fame] loaded encoder /home/niraj/isaac_gym_projects/h12_fame_manipulation/h12_fame_ik_runner/ckpts/handless/encoder_3999.pt
[fame] [fame] low_state=rt/lowstate low_cmd_out=rt/safety/lowcmd_lower_in decim=10 pub_hz=500.0
[bridge] [bridge] warmup done (first leg cmd at t+1.40s); stepping physics now
[orchestrator] starting ik: /home/niraj/isaac_gym_projects/h12_adaptive_policy/.venv/bin/python -m h12_fame_ik_runner.ik_dds_driver --config /home/niraj/isaac_gym_projects/h12_fame_manipulation/configs/h1_2_fame_ik_eval.yaml
[ik] [ik] urdf=h1_2_handless.urdf controller_config=sim_split_controller.yaml
[ik] StateSubscriber initialized.
[ik] LowCmdPublisher initialized.
[ik] All joints are locked in the initial position.
[ik] [ik] batch mode; goals=['q_reduced[14]', 'frame_delta:right']
[ik] [ik] goal=q_reduced[14] for 1.5s  q=[0. ,0. ,0. ,0. ,0. ,0. ,0. ,0. ,0. ,0. ,0.3,0. ,0. ,0. ]
[bridge] [bridge] summary:
[bridge]   elapsed_s=10.00
[bridge]   low_cmd_msgs_received=4389 (first at t+0.00s)
[bridge]   base_xyz=[0.01960295335431804, 0.03019669745415037, 0.8738580077870663]
[bridge]   q_des[0:12]=[-0.33000001311302185, -0.29147806763648987, 0.29365256428718567, 0.9496998190879822, -0.362102746963501, -0.16179899871349335, -0.33000001311302185, -0.18565501272678375, -0.26169249415397644, 0.835951566696167, -0.42084091901779175, 0.16179899871349335]
[bridge]   q_now[0:12]=[-0.35061295858700536, -0.26740520344759927, 0.32135486251024215, 1.1445847850555002, -0.5667790648916983, -0.2638754118956116, -0.33158024911637357, -0.06658607317229905, -0.2905536579976772, 1.0402018755580966, -0.6760366889503199, 0.2629897791319208]
[bridge]   q_des[13:20]=[0.0, 0.0, 0.0, 0.0, 0.0, 0.0, 0.0]  # left arm
[bridge]   q_now[13:20]=[0.004389376706277191, 0.0020139194339992895, 0.0004282823273175144, 0.0028251762836094614, 2.8713924589218e-05, 0.00027837500017054243, 5.990012482890591e-06]
[bridge]   q_des[20:27]=[0.0, 0.0, 0.0, 0.30000001192092896, 0.0, 0.0, 0.0]  # right arm
[bridge]   q_now[20:27]=[0.0038245858728303307, 0.002688555643731521, 0.00040868045621168326, 0.2964264651832389, 2.94450039617337e-05, 0.0002802521730648766, 5.8644380635063316e-06]
[ik] [ik] goal=frame_delta:right_wrist_yaw_link  current=(+0.259,-0.120,+0.103)  delta=(+0.250,+0.000,+0.000)  target=(+0.509,-0.120,+0.103)  max=5.0s
[ik] [ik] driving frame_task on right_wrist_yaw_link; xyz=(+0.509,-0.120,+0.103) rpy_deg=(-4.9,+1.8,+19.5) timeout=5.0s
[ik] [ik]   linear=0.3074 m  angular=0.4161 rad
[orchestrator] bridge exited with code 0
[orchestrator] sending SIGINT to safety (pgid=812053)
[orchestrator] sending SIGINT to fame (pgid=812148)
[orchestrator] sending SIGINT to ik (pgid=812684)
[ik] [ik] interrupted, shutting down
[fame] [fame] interrupted, shutting down
[ik] StateSubscriber shutdown
[ik] RobotModel shutdown
[ik] LowCmdPublisher shutdown.
[safety] {"event": "relay_started", "mode": "split_mode"}
[safety] KeyboardInterrupt received, stopping safety layer...
[safety] {"event": "relay_stopped"}
[orchestrator] done
