[orchestrator] starting safety: /home/niraj/isaac_gym_projects/h12_adaptive_policy/.venv/bin/python /home/niraj/isaac_gym_projects/h12_safety_layer/h12_safety_layer/script/safety_layer_main.py --config /home/niraj/isaac_gym_projects/h12_fame_manipulation/configs/sim_safety_split.yaml
[orchestrator] starting bridge: /home/niraj/isaac_gym_projects/h12_adaptive_policy/.venv/bin/python -m h12_fame_ik_runner.mujoco_dds_bridge --config /home/niraj/isaac_gym_projects/h12_fame_manipulation/configs/h1_2_fame_ik_eval.yaml --headless --duration 10.0
[bridge] [bridge] PUSH_BLOCK_MASS override: 0.5000 -> 0.5000 kg (inertia x1.000)
[bridge] [bridge] scene=h1_2_table.xml headless=True low_state=rt/lowstate low_cmd_in=rt/lowcmd
[bridge] [bridge] warmup: holding sim frozen up to 3.00s or until first FAME leg cmd lands
[orchestrator] starting fame: /home/niraj/isaac_gym_projects/h12_adaptive_policy/.venv/bin/python -m h12_fame_ik_runner.fame_dds_runner --config /home/niraj/isaac_gym_projects/h12_fame_manipulation/configs/h1_2_fame_ik_eval.yaml
[fame] [fame] loaded encoder /home/niraj/isaac_gym_projects/h12_fame_manipulation/h12_fame_ik_runner/ckpts/handless/encoder_3999.pt
[fame] [fame] low_state=rt/lowstate low_cmd_out=rt/safety/lowcmd_lower_in decim=10 pub_hz=500.0
[bridge] [bridge] warmup done (first leg cmd at t+1.41s); stepping physics now
[orchestrator] starting ik: /home/niraj/isaac_gym_projects/h12_adaptive_policy/.venv/bin/python -m h12_fame_ik_runner.ik_dds_driver --config /home/niraj/isaac_gym_projects/h12_fame_manipulation/configs/h1_2_fame_ik_eval.yaml
[ik] [ik] urdf=h1_2_handless.urdf controller_config=sim_split_controller.yaml
[ik] StateSubscriber initialized.
[ik] LowCmdPublisher initialized.
[ik] All joints are locked in the initial position.
[ik] [ik] batch mode; goals=['q_reduced[14]', 'frame_delta:right']
[ik] [ik] goal=q_reduced[14] for 1.5s  q=[0. ,0. ,0. ,0. ,0. ,0. ,0. ,0. ,0. ,0. ,0.3,0. ,0. ,0. ]
[bridge] [bridge] summary:
[bridge]   elapsed_s=10.00
[bridge]   low_cmd_msgs_received=4407 (first at t+0.00s)
[bridge]   base_xyz=[0.020767526525240464, 0.03228781443218009, 0.8748008909594415]
[bridge]   q_des[0:12]=[-0.33000001311302185, -0.294369637966156, 0.3076736629009247, 0.9473190903663635, -0.34672778844833374, -0.16179899871349335, -0.33000001311302185, -0.1883116066455841, -0.273606538772583, 0.8368340134620667, -0.406113862991333, 0.16179899871349335]
[bridge]   q_now[0:12]=[-0.3462781133007178, -0.2724397978694108, 0.32211021653988375, 1.1436059663174711, -0.5674979190485517, -0.26393994200470766, -0.336654733845821, -0.07329742213432651, -0.28974517884756884, 1.0379175360404338, -0.6732934722662081, 0.2628355927102585]
[bridge]   q_des[13:20]=[0.0, 0.0, 0.0, 0.0, 0.0, 0.0, 0.0]  # left arm
[bridge]   q_now[13:20]=[0.008142164382095819, 0.0018813852956296047, 0.000540296229260903, 0.0041962773684035126, 3.196341808119874e-05, 0.00031215462842224337, 6.161887606792531e-06]
[bridge]   q_des[20:27]=[0.0, 0.0, 0.0, 0.13584420084953308, 0.0, 0.0, 0.0]  # right arm
[bridge]   q_now[20:27]=[0.006484017378880218, 0.0022784147095019362, 0.0004804930547503262, 0.08281492465825151, 3.115289787885421e-05, 0.0002952331440036789, 5.83647099278441e-06]
[orchestrator] bridge exited with code 0
[orchestrator] sending SIGINT to safety (pgid=825496)
[orchestrator] sending SIGINT to fame (pgid=825589)
[orchestrator] sending SIGINT to ik (pgid=826116)
[ik] [ik] interrupted, shutting down
[ik] StateSubscriber shutdown
[ik] RobotModel shutdown
[fame] [fame] interrupted, shutting down
[ik] LowCmdPublisher shutdown.
[safety] {"event": "relay_started", "mode": "split_mode"}
[safety] KeyboardInterrupt received, stopping safety layer...
[safety] {"event": "relay_stopped"}
[orchestrator] done
