[orchestrator] starting safety: /home/niraj/isaac_gym_projects/h12_adaptive_policy/.venv/bin/python /home/niraj/isaac_gym_projects/h12_safety_layer/h12_safety_layer/script/safety_layer_main.py --config /home/niraj/isaac_gym_projects/h12_fame_manipulation/configs/sim_safety_split.yaml
[orchestrator] starting bridge: /home/niraj/isaac_gym_projects/h12_adaptive_policy/.venv/bin/python -m h12_fame_ik_runner.mujoco_dds_bridge --config /home/niraj/isaac_gym_projects/h12_fame_manipulation/configs/h1_2_fame_ik_eval.yaml --headless --duration 10.0
[bridge] [bridge] PUSH_BLOCK_MASS override: 0.5000 -> 20.0000 kg (inertia x40.000)
[bridge] [bridge] scene=h1_2_table.xml headless=True low_state=rt/lowstate low_cmd_in=rt/lowcmd
[bridge] [bridge] warmup: holding sim frozen up to 3.00s or until first FAME leg cmd lands
[orchestrator] starting fame: /home/niraj/isaac_gym_projects/h12_adaptive_policy/.venv/bin/python -m h12_fame_ik_runner.fame_dds_runner --config /home/niraj/isaac_gym_projects/h12_fame_manipulation/configs/h1_2_fame_ik_eval.yaml
[fame] [fame] loaded encoder /home/niraj/isaac_gym_projects/h12_fame_manipulation/h12_fame_ik_runner/ckpts/handless/encoder_3999.pt
[fame] [fame] low_state=rt/lowstate low_cmd_out=rt/safety/lowcmd_lower_in decim=10 pub_hz=500.0
[bridge] [bridge] warmup done (first leg cmd at t+1.44s); stepping physics now
[orchestrator] starting ik: /home/niraj/isaac_gym_projects/h12_adaptive_policy/.venv/bin/python -m h12_fame_ik_runner.ik_dds_driver --config /home/niraj/isaac_gym_projects/h12_fame_manipulation/configs/h1_2_fame_ik_eval.yaml
[ik] [ik] urdf=h1_2_handless.urdf controller_config=sim_split_controller.yaml
[ik] StateSubscriber initialized.
[ik] LowCmdPublisher initialized.
[ik] All joints are locked in the initial position.
[ik] [ik] batch mode; goals=['q_reduced[14]', 'frame_delta:right']
[ik] [ik] goal=q_reduced[14] for 1.5s  q=[0. ,0. ,0. ,0. ,0. ,0. ,0. ,0. ,0. ,0. ,0.3,0. ,0. ,0. ]
[bridge] [bridge] summary:
[bridge]   elapsed_s=10.00
[bridge]   low_cmd_msgs_received=4366 (first at t+0.00s)
[bridge]   base_xyz=[0.019542406678985894, 0.03284861770403896, 0.8738698383646388]
[bridge]   q_des[0:12]=[-0.33000001311302185, -0.30582430958747864, 0.3237556219100952, 0.9504559636116028, -0.35211509466171265, -0.16179899871349335, -0.33000001311302185, -0.18866793811321259, -0.2907176911830902, 0.848932683467865, -0.40848809480667114, 0.16179899871349335]
[bridge]   q_now[0:12]=[-0.3403034976817646, -0.278579979325534, 0.3133853279481601, 1.1582148291188314, -0.5789216072564987, -0.26401854999847724, -0.3419363911164185, -0.08218630253918681, -0.28915076948471063, 1.0454085428717308, -0.6722470677929511, 0.262720358127301]
[bridge]   q_des[13:20]=[0.0, 0.0, 0.0, 0.0, 0.0, 0.0, 0.0]  # left arm
[bridge]   q_now[13:20]=[0.007368252340929803, 0.0020218120446655837, 0.0005653747974858427, 0.00434897439433355, 3.226188287004231e-05, 0.0003138357661888475, 6.466509113883573e-06]
[bridge]   q_des[20:27]=[0.0, 0.0, 0.0, 0.1256571114063263, 0.0, 0.0, 0.0]  # right arm
[bridge]   q_now[20:27]=[0.005799711564159953, 0.004410931605989116, 0.003446220309344904, 0.06180641868645832, -8.463901522759089e-05, -9.22663294989101e-05, 5.8579995546278085e-06]
[orchestrator] bridge exited with code 0
[orchestrator] sending SIGINT to safety (pgid=892863)
[orchestrator] sending SIGINT to fame (pgid=892956)
[orchestrator] sending SIGINT to ik (pgid=893482)
[ik] [ik] interrupted, shutting down
[ik] StateSubscriber shutdown
[ik] RobotModel shutdown
[fame] [fame] interrupted, shutting down
[ik] LowCmdPublisher shutdown.
[safety] {"event": "relay_started", "mode": "split_mode"}
[safety] KeyboardInterrupt received, stopping safety layer...
[safety] {"event": "relay_stopped"}
[orchestrator] done
