[orchestrator] starting safety: /home/niraj/isaac_gym_projects/h12_adaptive_policy/.venv/bin/python /home/niraj/isaac_gym_projects/h12_safety_layer/h12_safety_layer/script/safety_layer_main.py --config /home/niraj/isaac_gym_projects/h12_fame_manipulation/configs/sim_safety_split.yaml
[orchestrator] starting bridge: /home/niraj/isaac_gym_projects/h12_adaptive_policy/.venv/bin/python -m h12_fame_ik_runner.mujoco_dds_bridge --config /home/niraj/isaac_gym_projects/h12_fame_manipulation/configs/h1_2_fame_ik_eval.yaml --headless --duration 10.0
[bridge] [bridge] PUSH_BLOCK_MASS override: 0.5000 -> 0.1000 kg (inertia x0.200)
[bridge] [bridge] scene=h1_2_table.xml headless=True low_state=rt/lowstate low_cmd_in=rt/lowcmd
[bridge] [bridge] warmup: holding sim frozen up to 3.00s or until first FAME leg cmd lands
[orchestrator] starting fame: /home/niraj/isaac_gym_projects/h12_adaptive_policy/.venv/bin/python -m h12_fame_ik_runner.fame_dds_runner --config /home/niraj/isaac_gym_projects/h12_fame_manipulation/configs/h1_2_fame_ik_eval.yaml
[fame] [fame] loaded encoder /home/niraj/isaac_gym_projects/h12_fame_manipulation/h12_fame_ik_runner/ckpts/handless/encoder_3999.pt
[fame] [fame] low_state=rt/lowstate low_cmd_out=rt/safety/lowcmd_lower_in decim=10 pub_hz=500.0
[bridge] [bridge] warmup done (first leg cmd at t+1.38s); stepping physics now
[orchestrator] starting ik: /home/niraj/isaac_gym_projects/h12_adaptive_policy/.venv/bin/python -m h12_fame_ik_runner.ik_dds_driver --config /home/niraj/isaac_gym_projects/h12_fame_manipulation/configs/h1_2_fame_ik_eval.yaml
[ik] [ik] urdf=h1_2_handless.urdf controller_config=sim_split_controller.yaml
[ik] StateSubscriber initialized.
[ik] LowCmdPublisher initialized.
[ik] All joints are locked in the initial position.
[ik] [ik] batch mode; goals=['q_reduced[14]', 'frame_delta:right']
[ik] [ik] goal=q_reduced[14] for 1.5s  q=[0. ,0. ,0. ,0. ,0. ,0. ,0. ,0. ,0. ,0. ,0.3,0. ,0. ,0. ]
[bridge] [bridge] summary:
[bridge]   elapsed_s=10.00
[bridge]   low_cmd_msgs_received=4380 (first at t+0.00s)
[bridge]   base_xyz=[0.01945520515013751, 0.03161534994392545, 0.8737250931012011]
[bridge]   q_des[0:12]=[-0.33000001311302185, -0.29140347242355347, 0.292011022567749, 0.9493959546089172, -0.3655610680580139, -0.16179899871349335, -0.33000001311302185, -0.18589238822460175, -0.2599330246448517, 0.8355816006660461, -0.4239737391471863, 0.16179899871349335]
[bridge]   q_now[0:12]=[-0.35054330602244166, -0.26635960098836475, 0.3223604401210504, 1.144676250274583, -0.5668995590132337, -0.2638670629316545, -0.331456393899176, -0.06592227605492448, -0.29060491461780613, 1.0404579777043652, -0.6761114515931937, 0.2630200543643869]
[bridge]   q_des[13:20]=[0.0, 0.0, 0.0, 0.0, 0.0, 0.0, 0.0]  # left arm
[bridge]   q_now[13:20]=[0.004731297171579052, 0.002541009676343656, 0.0004652150518199584, 0.002826227212348361, 3.057798421644445e-05, 0.00029680358861974425, 6.354271918665994e-06]
[bridge]   q_des[20:27]=[0.0, 0.0, 0.0, 0.30000001192092896, 0.0, 0.0, 0.0]  # right arm
[bridge]   q_now[20:27]=[0.004314313297404118, 0.0032900721912845756, 0.0004945515195139826, 0.296190874520628, 3.154070860984277e-05, 0.00029924075586443006, 6.231625976514088e-06]
[ik] [ik] goal=frame_delta:right_wrist_yaw_link  current=(+0.259,-0.120,+0.104)  delta=(+0.250,+0.000,+0.000)  target=(+0.509,-0.120,+0.104)  max=5.0s
[ik] [ik] driving frame_task on right_wrist_yaw_link; xyz=(+0.509,-0.120,+0.104) rpy_deg=(-4.9,+1.7,+19.6) timeout=5.0s
[ik] [ik]   linear=0.3075 m  angular=0.4171 rad
[orchestrator] bridge exited with code 0
[orchestrator] sending SIGINT to safety (pgid=807572)
[orchestrator] sending SIGINT to fame (pgid=807665)
[orchestrator] sending SIGINT to ik (pgid=808221)
[ik] [ik] interrupted, shutting down
[ik] StateSubscriber shutdown
[ik] RobotModel shutdown
[fame] [fame] interrupted, shutting down
[ik] LowCmdPublisher shutdown.
[safety] {"event": "relay_started", "mode": "split_mode"}
[safety] KeyboardInterrupt received, stopping safety layer...
[safety] {"event": "relay_stopped"}
[orchestrator] done
