[orchestrator] starting safety: /home/niraj/isaac_gym_projects/h12_adaptive_policy/.venv/bin/python /home/niraj/isaac_gym_projects/h12_safety_layer/h12_safety_layer/script/safety_layer_main.py --config /home/niraj/isaac_gym_projects/h12_fame_manipulation/configs/sim_safety_split.yaml
[orchestrator] starting bridge: /home/niraj/isaac_gym_projects/h12_adaptive_policy/.venv/bin/python -m h12_fame_ik_runner.mujoco_dds_bridge --config /home/niraj/isaac_gym_projects/h12_fame_manipulation/configs/h1_2_fame_ik_eval.yaml --headless --duration 10.0
[bridge] [bridge] PUSH_BLOCK_MASS override: 0.5000 -> 0.1000 kg (inertia x0.200)
[bridge] [bridge] scene=h1_2_table.xml headless=True low_state=rt/lowstate low_cmd_in=rt/lowcmd
[bridge] [bridge] warmup: holding sim frozen up to 3.00s or until first FAME leg cmd lands
[orchestrator] starting fame: /home/niraj/isaac_gym_projects/h12_adaptive_policy/.venv/bin/python -m h12_fame_ik_runner.fame_dds_runner --config /home/niraj/isaac_gym_projects/h12_fame_manipulation/configs/h1_2_fame_ik_eval.yaml
[fame] [fame] loaded encoder /home/niraj/isaac_gym_projects/h12_fame_manipulation/h12_fame_ik_runner/ckpts/handless/encoder_3999.pt
[fame] [fame] low_state=rt/lowstate low_cmd_out=rt/safety/lowcmd_lower_in decim=10 pub_hz=500.0
[bridge] [bridge] warmup done (first leg cmd at t+1.44s); stepping physics now
[orchestrator] starting ik: /home/niraj/isaac_gym_projects/h12_adaptive_policy/.venv/bin/python -m h12_fame_ik_runner.ik_dds_driver --config /home/niraj/isaac_gym_projects/h12_fame_manipulation/configs/h1_2_fame_ik_eval.yaml
[ik] [ik] urdf=h1_2_handless.urdf controller_config=sim_split_controller.yaml
[ik] StateSubscriber initialized.
[ik] LowCmdPublisher initialized.
[ik] All joints are locked in the initial position.
[ik] [ik] batch mode; goals=['q_reduced[14]', 'frame_delta:right']
[ik] [ik] goal=q_reduced[14] for 1.5s  q=[0. ,0. ,0. ,0. ,0. ,0. ,0. ,0. ,0. ,0. ,0.3,0. ,0. ,0. ]
[bridge] [bridge] summary:
[bridge]   elapsed_s=10.00
[bridge]   low_cmd_msgs_received=4331 (first at t+0.00s)
[bridge]   base_xyz=[0.027771314341380842, 0.0381613693548504, 0.8743397356093503]
[bridge]   q_des[0:12]=[-0.33000001311302185, -0.28937867283821106, 0.28884732723236084, 0.946998119354248, -0.3544398546218872, -0.16179899871349335, -0.33000001311302185, -0.18467465043067932, -0.25713393092155457, 0.8325725793838501, -0.413912832736969, 0.16179899871349335]
[bridge]   q_now[0:12]=[-0.3525088248333462, -0.2653218138886928, 0.32383140916628783, 1.1391103549138564, -0.5641292810061621, -0.26384745409309907, -0.3287185898982999, -0.06462308945854811, -0.29082582948370644, 1.0367190937935544, -0.6760763761593014, 0.26310939518319676]
[bridge]   q_des[13:20]=[0.0, 0.0, 0.0, 0.0, 0.0, 0.0, 0.0]  # left arm
[bridge]   q_now[13:20]=[0.004359681412098359, 0.001832672030686571, 0.0004226671822706229, 0.0029720507905423494, 2.834054483718762e-05, 0.0002755582707902767, 5.637173028472007e-06]
[bridge]   q_des[20:27]=[0.0, 0.0, 0.0, 0.30000001192092896, 0.0, 0.0, 0.0]  # right arm
[bridge]   q_now[20:27]=[0.0039896782637317005, 0.0023966725513027125, 0.0003898680703233151, 0.2962863792480687, 2.9011712731887503e-05, 0.0002775310972825082, 5.472968423214004e-06]
[ik] [ik] goal=frame_delta:right_wrist_yaw_link  current=(+0.257,-0.127,+0.103)  delta=(+0.250,+0.000,+0.000)  target=(+0.507,-0.127,+0.103)  max=5.0s
[ik] [ik] driving frame_task on right_wrist_yaw_link; xyz=(+0.507,-0.127,+0.103) rpy_deg=(-4.8,+1.8,+18.1) timeout=5.0s
[ik] [ik]   linear=0.3027 m  angular=0.3956 rad
[orchestrator] bridge exited with code 0
[orchestrator] sending SIGINT to safety (pgid=803105)
[orchestrator] sending SIGINT to fame (pgid=803199)
[orchestrator] sending SIGINT to ik (pgid=803725)
[ik] [ik] interrupted, shutting down
[ik] StateSubscriber shutdown
[ik] RobotModel shutdown
[fame] [fame] interrupted, shutting down
[ik] LowCmdPublisher shutdown.
[safety] {"event": "relay_started", "mode": "split_mode"}
[safety] KeyboardInterrupt received, stopping safety layer...
[safety] {"event": "relay_stopped"}
[orchestrator] done
