[orchestrator] starting safety: /home/niraj/isaac_gym_projects/h12_adaptive_policy/.venv/bin/python /home/niraj/isaac_gym_projects/h12_safety_layer/h12_safety_layer/script/safety_layer_main.py --config /home/niraj/isaac_gym_projects/h12_fame_manipulation/configs/sim_safety_split.yaml
[orchestrator] starting bridge: /home/niraj/isaac_gym_projects/h12_adaptive_policy/.venv/bin/python -m h12_fame_ik_runner.mujoco_dds_bridge --config /home/niraj/isaac_gym_projects/h12_fame_manipulation/configs/h1_2_fame_ik_eval.yaml --headless --duration 18.0
[bridge] [bridge] PUSH_BLOCK_MASS override: 0.5000 -> 0.1000 kg (inertia x0.200)
[bridge] [bridge] scene=h1_2_table.xml headless=True low_state=rt/lowstate low_cmd_in=rt/lowcmd
[bridge] [bridge] warmup: holding sim frozen up to 6.00s or until first FAME leg cmd lands
[orchestrator] starting fame: /home/niraj/isaac_gym_projects/h12_adaptive_policy/.venv/bin/python -m h12_fame_ik_runner.fame_dds_runner --config /home/niraj/isaac_gym_projects/h12_fame_manipulation/configs/h1_2_fame_ik_eval.yaml
[fame] [fame] loaded encoder /home/niraj/isaac_gym_projects/h12_fame_manipulation/h12_fame_ik_runner/ckpts/handless/encoder_3999.pt
[fame] [fame] low_state=rt/lowstate low_cmd_out=rt/safety/lowcmd_lower_in decim=10 pub_hz=500.0
[bridge] [bridge] warmup done (first leg cmd at t+1.40s); stepping physics now
[orchestrator] starting ik: /home/niraj/isaac_gym_projects/h12_adaptive_policy/.venv/bin/python -m h12_fame_ik_runner.ik_dds_driver --config /home/niraj/isaac_gym_projects/h12_fame_manipulation/configs/h1_2_fame_ik_eval.yaml
[ik] [ik] urdf=h1_2_handless.urdf controller_config=sim_split_controller.yaml
[ik] StateSubscriber initialized.
[ik] LowCmdPublisher initialized.
[ik] All joints are locked in the initial position.
[ik] [ik] batch mode; goals=['q_reduced[14]', 'frame_delta:right']
[ik] [ik] goal=q_reduced[14] for 3.0s  q=[0. ,0. ,0. ,0. ,0. ,0. ,0. ,0. ,0. ,0. ,0.3,0. ,0. ,0. ]
[ik] [ik] goal=frame_delta:right_wrist_yaw_link  current=(+0.260,-0.120,+0.102)  delta=(+0.250,+0.000,+0.000)  target=(+0.510,-0.120,+0.102)  max=8.0s
[ik] [ik] driving frame_task on right_wrist_yaw_link; xyz=(+0.510,-0.120,+0.102) rpy_deg=(-4.7,+2.0,+19.5) timeout=8.0s
[ik] [ik]   linear=0.3076 m  angular=0.4123 rad
[ik] [ik]   linear=0.2005 m  angular=0.0011 rad
[ik] [ik]   linear=0.1356 m  angular=0.0023 rad
[ik] [ik]   linear=0.0993 m  angular=0.0035 rad
[ik] [ik]   linear=0.0797 m  angular=0.0027 rad
[ik] [ik]   linear=0.0663 m  angular=0.0022 rad
[ik] [ik]   linear=0.0601 m  angular=0.0046 rad
[ik] [ik]   linear=0.0601 m  angular=0.0046 rad
[ik] [ik]   linear=0.0601 m  angular=0.0046 rad
[ik] [ik]   linear=0.0601 m  angular=0.0046 rad
[ik] [ik]   linear=0.0601 m  angular=0.0046 rad
[ik] [ik]   linear=0.0601 m  angular=0.0046 rad
[ik] [ik]   linear=0.0601 m  angular=0.0046 rad
[bridge] [bridge] summary:
[bridge]   elapsed_s=18.00
[bridge]   low_cmd_msgs_received=6830 (first at t+0.00s)
[bridge]   base_xyz=[-0.004605722402469623, 0.03812464591290216, 0.8687169795115568]
[bridge]   q_des[0:12]=[-0.33000001311302185, -0.23450620472431183, 0.200873464345932, 0.9238700270652771, -0.5302513241767883, -0.16179899871349335, -0.33000001311302185, -0.1109180599451065, -0.21209785342216492, 0.7610183954238892, -0.5781883597373962, 0.16179899871349335]
[bridge]   q_now[0:12]=[-0.41127047334169786, -0.19664724087271493, 0.3177632468476623, 1.1264708155112717, -0.5417747005554694, -0.2635986598074665, -0.2670778995572078, 0.05426488001718883, -0.3230539018194719, 0.9785555403439522, -0.6577698679088723, 0.26357311711019965]
[bridge]   q_des[13:20]=[0.003008752129971981, 0.0015976898139342666, 0.0002375272015342489, 0.0015656767645850778, 2.07011526072165e-05, 0.00020002759993076324, 4.494067525229184e-06]  # left arm
[bridge]   q_now[13:20]=[0.00371663341409445, 0.001717034297349437, 0.00029300182075797985, 0.001502433222064801, 2.0642352647688994e-05, 0.00019518425352283366, 5.6015746110732525e-06]
[bridge]   q_des[20:27]=[-0.9690857529640198, 0.02522706426680088, -0.026638533920049667, 1.4209206104278564, -0.014718052931129932, -0.36250001192092896, 0.11609765142202377]  # right arm
[bridge]   q_now[20:27]=[-0.9666433560033345, 0.027690496195435167, -0.03109693445108248, 1.4189624911856644, -0.025782285596658107, -0.3556313989217806, 0.12373394981055823]
[orchestrator] bridge exited with code 0
[orchestrator] sending SIGINT to safety (pgid=694707)
[orchestrator] sending SIGINT to fame (pgid=694883)
[orchestrator] sending SIGINT to ik (pgid=695419)
[ik] [ik] interrupted, shutting down
[ik] StateSubscriber shutdown
[ik] RobotModel shutdown
[fame] [fame] interrupted, shutting down
[ik] LowCmdPublisher shutdown.
[safety] {"event": "relay_started", "mode": "split_mode"}
[safety] KeyboardInterrupt received, stopping safety layer...
[safety] {"event": "relay_stopped"}
[orchestrator] done
