[orchestrator] starting safety: /home/niraj/isaac_gym_projects/h12_adaptive_policy/.venv/bin/python /home/niraj/isaac_gym_projects/h12_safety_layer/h12_safety_layer/script/safety_layer_main.py --config /home/niraj/isaac_gym_projects/h12_fame_manipulation/configs/sim_safety_split.yaml
[orchestrator] starting bridge: /home/niraj/isaac_gym_projects/h12_adaptive_policy/.venv/bin/python -m h12_fame_ik_runner.mujoco_dds_bridge --config /home/niraj/isaac_gym_projects/h12_fame_manipulation/configs/h1_2_fame_ik_eval.yaml --headless --duration 18.0
[bridge] [bridge] PUSH_BLOCK_MASS override: 0.5000 -> 5.0000 kg (inertia x10.000)
[bridge] [bridge] scene=h1_2_table.xml headless=True low_state=rt/lowstate low_cmd_in=rt/lowcmd
[bridge] [bridge] warmup: holding sim frozen up to 6.00s or until first FAME leg cmd lands
[orchestrator] starting fame: /home/niraj/isaac_gym_projects/h12_adaptive_policy/.venv/bin/python -m h12_fame_ik_runner.fame_dds_runner --config /home/niraj/isaac_gym_projects/h12_fame_manipulation/configs/h1_2_fame_ik_eval.yaml
[fame] [fame] loaded encoder /home/niraj/isaac_gym_projects/h12_fame_manipulation/h12_fame_ik_runner/ckpts/handless/encoder_3999.pt
[fame] [fame] low_state=rt/lowstate low_cmd_out=rt/safety/lowcmd_lower_in decim=10 pub_hz=500.0
[bridge] [bridge] warmup done (first leg cmd at t+1.35s); stepping physics now
[orchestrator] starting ik: /home/niraj/isaac_gym_projects/h12_adaptive_policy/.venv/bin/python -m h12_fame_ik_runner.ik_dds_driver --config /home/niraj/isaac_gym_projects/h12_fame_manipulation/configs/h1_2_fame_ik_eval.yaml
[ik] [ik] urdf=h1_2_handless.urdf controller_config=sim_split_controller.yaml
[ik] StateSubscriber initialized.
[ik] LowCmdPublisher initialized.
[ik] All joints are locked in the initial position.
[ik] [ik] batch mode; goals=['q_reduced[14]', 'frame_delta:right']
[ik] [ik] goal=q_reduced[14] for 3.0s  q=[0. ,0. ,0. ,0. ,0. ,0. ,0. ,0. ,0. ,0. ,0.3,0. ,0. ,0. ]
[ik] [ik] goal=frame_delta:right_wrist_yaw_link  current=(+0.257,-0.120,+0.107)  delta=(+0.250,+0.000,+0.000)  target=(+0.507,-0.120,+0.107)  max=8.0s
[ik] [ik] driving frame_task on right_wrist_yaw_link; xyz=(+0.507,-0.120,+0.107) rpy_deg=(-5.1,+0.9,+19.4) timeout=8.0s
[ik] [ik]   linear=0.3055 m  angular=0.4212 rad
[ik] [ik]   linear=0.1970 m  angular=0.0011 rad
[ik] [ik]   linear=0.1340 m  angular=0.0022 rad
[ik] [ik]   linear=0.0978 m  angular=0.0035 rad
[ik] [ik]   linear=0.0779 m  angular=0.0027 rad
[ik] [ik]   linear=0.0634 m  angular=0.0022 rad
[ik] [ik]   linear=0.0557 m  angular=0.0019 rad
[ik] [ik]   linear=0.0547 m  angular=0.0051 rad
[ik] [ik]   linear=0.0547 m  angular=0.0051 rad
[ik] [ik]   linear=0.0547 m  angular=0.0051 rad
[ik] [ik]   linear=0.0547 m  angular=0.0051 rad
[bridge] [bridge] summary:
[bridge]   elapsed_s=18.00
[bridge]   low_cmd_msgs_received=7140 (first at t+0.00s)
[bridge]   base_xyz=[-0.016818224151477795, -0.03415162954240342, 0.8540183239120598]
[bridge]   q_des[0:12]=[-0.33000001311302185, -0.23635926842689514, 0.22221457958221436, 0.9592075347900391, -0.5244628190994263, -0.16179899871349335, -0.33000001311302185, -0.20061515271663666, -0.24816878139972687, 0.7777385115623474, -0.6718944907188416, 0.16179899871349335]
[bridge]   q_now[0:12]=[-0.3933373390862522, -0.20375633434358706, 0.36926578719351744, 1.0912260709417627, -0.44683397173091105, -0.26266586809704, -0.316669924328785, 0.016612512402798655, -0.31416503183602695, 1.1284479262599532, -0.7344546967627686, 0.2528927466559119]
[bridge]   q_des[13:20]=[0.0010753351962193847, 0.0018083512550219893, 0.0002872162440326065, 0.0015009645139798522, 2.427541585348081e-05, 0.00023706241336185485, 4.749209438159596e-06]  # left arm
[bridge]   q_now[13:20]=[0.008547351837767336, -0.007589219074771325, -0.0010291973377717653, -0.00010584129075162928, 2.08775621277931e-05, 0.00022029399618859143, -3.0067341521463793e-06]
[bridge]   q_des[20:27]=[-0.9634091258049011, 0.025480886921286583, -0.018129603937268257, 1.3954548835754395, -0.013218345120549202, -0.36250001192092896, 0.10874425619840622]  # right arm
[bridge]   q_now[20:27]=[-0.9593974516867497, 0.014183728946247798, -0.02302268121214791, 1.394866680532157, -0.024082955304468485, -0.3558422298785392, 0.11782256112421667]
[ik] [ik]   linear=0.0547 m  angular=0.0051 rad
[orchestrator] bridge exited with code 0
[orchestrator] sending SIGINT to safety (pgid=794293)
[orchestrator] sending SIGINT to fame (pgid=794387)
[orchestrator] sending SIGINT to ik (pgid=794923)
[ik] [ik] interrupted, shutting down
[ik] StateSubscriber shutdown
[ik] RobotModel shutdown
[fame] [fame] interrupted, shutting down
[ik] LowCmdPublisher shutdown.
[safety] {"event": "relay_started", "mode": "split_mode"}
[safety] KeyboardInterrupt received, stopping safety layer...
[safety] {"event": "relay_stopped"}
[orchestrator] done
