[orchestrator] starting safety: /home/niraj/isaac_gym_projects/h12_adaptive_policy/.venv/bin/python /home/niraj/isaac_gym_projects/h12_safety_layer/h12_safety_layer/script/safety_layer_main.py --config /home/niraj/isaac_gym_projects/h12_fame_manipulation/configs/sim_safety_split.yaml
[orchestrator] starting bridge: /home/niraj/isaac_gym_projects/h12_adaptive_policy/.venv/bin/python -m h12_fame_ik_runner.mujoco_dds_bridge --config /home/niraj/isaac_gym_projects/h12_fame_manipulation/configs/h1_2_fame_ik_eval.yaml --headless --duration 18.0
[bridge] [bridge] PUSH_BLOCK_MASS override: 0.5000 -> 1.0000 kg (inertia x2.000)
[bridge] [bridge] scene=h1_2_table.xml headless=True low_state=rt/lowstate low_cmd_in=rt/lowcmd
[bridge] [bridge] warmup: holding sim frozen up to 6.00s or until first FAME leg cmd lands
[orchestrator] starting fame: /home/niraj/isaac_gym_projects/h12_adaptive_policy/.venv/bin/python -m h12_fame_ik_runner.fame_dds_runner --config /home/niraj/isaac_gym_projects/h12_fame_manipulation/configs/h1_2_fame_ik_eval.yaml
[fame] [fame] loaded encoder /home/niraj/isaac_gym_projects/h12_fame_manipulation/h12_fame_ik_runner/ckpts/handless/encoder_3999.pt
[fame] [fame] low_state=rt/lowstate low_cmd_out=rt/safety/lowcmd_lower_in decim=10 pub_hz=500.0
[bridge] [bridge] warmup done (first leg cmd at t+1.40s); stepping physics now
[orchestrator] starting ik: /home/niraj/isaac_gym_projects/h12_adaptive_policy/.venv/bin/python -m h12_fame_ik_runner.ik_dds_driver --config /home/niraj/isaac_gym_projects/h12_fame_manipulation/configs/h1_2_fame_ik_eval.yaml
[ik] [ik] urdf=h1_2_handless.urdf controller_config=sim_split_controller.yaml
[ik] StateSubscriber initialized.
[ik] LowCmdPublisher initialized.
[ik] All joints are locked in the initial position.
[ik] [ik] batch mode; goals=['q_reduced[14]', 'frame_delta:right']
[ik] [ik] goal=q_reduced[14] for 3.0s  q=[0. ,0. ,0. ,0. ,0. ,0. ,0. ,0. ,0. ,0. ,0.3,0. ,0. ,0. ]
[ik] [ik] goal=frame_delta:right_wrist_yaw_link  current=(+0.259,-0.122,+0.103)  delta=(+0.250,+0.000,+0.000)  target=(+0.509,-0.122,+0.103)  max=8.0s
[ik] [ik] driving frame_task on right_wrist_yaw_link; xyz=(+0.509,-0.122,+0.103) rpy_deg=(-4.8,+1.7,+19.1) timeout=8.0s
[ik] [ik]   linear=0.3062 m  angular=0.4101 rad
[ik] [ik]   linear=0.1990 m  angular=0.0010 rad
[ik] [ik]   linear=0.1339 m  angular=0.0023 rad
[ik] [ik]   linear=0.0985 m  angular=0.0035 rad
[ik] [ik]   linear=0.0794 m  angular=0.0027 rad
[ik] [ik]   linear=0.0648 m  angular=0.0022 rad
[ik] [ik]   linear=0.0582 m  angular=0.0036 rad
[ik] [ik]   linear=0.0581 m  angular=0.0047 rad
[ik] [ik]   linear=0.0581 m  angular=0.0047 rad
[ik] [ik]   linear=0.0581 m  angular=0.0047 rad
[ik] [ik]   linear=0.0581 m  angular=0.0047 rad
[bridge] [bridge] summary:
[bridge]   elapsed_s=18.00
[bridge]   low_cmd_msgs_received=7241 (first at t+0.00s)
[bridge]   base_xyz=[0.06799148093499945, 0.06431884300646326, 0.8796729372087984]
[bridge]   q_des[0:12]=[-0.33000001311302185, -0.2035841941833496, 0.22960688173770905, 0.9879148006439209, 0.23674003779888153, -0.16179899871349335, -0.33000001311302185, -0.13506917655467987, -0.244096577167511, 0.8866495490074158, 0.07978875935077667, 0.16179899871349335]
[bridge]   q_now[0:12]=[-0.37042481372168284, -0.28201136878771366, 0.30448965655191235, 1.1078311701492496, -0.5966834724616222, -0.2641695229400504, -0.30328420800932127, -0.06744435717260754, -0.36934202526217913, 0.9675838822567557, -0.6289711761106267, 0.26259885696795915]
[bridge]   q_des[13:20]=[0.002721435623243451, 0.0011938039679080248, 0.00019660082762129605, 0.0015488100470975041, 1.9055089069297537e-05, 0.00018525485938880593, 3.7800846257596277e-06]  # left arm
[bridge]   q_now[13:20]=[-0.004230902835705893, 0.0032723245698704577, 0.00047866024236582744, 0.0015228565391269642, 1.994029779864403e-05, 0.0001834183871554306, 7.904000154587813e-06]
[bridge]   q_des[20:27]=[-0.9667534828186035, 0.022282566875219345, -0.026712801307439804, 1.4137972593307495, -0.01566559635102749, -0.36250001192092896, 0.11084252595901489]  # right arm
[bridge]   q_now[20:27]=[-0.9696090736360208, 0.023870855707914494, -0.031231002726779967, 1.4135226626144712, -0.026766901639828238, -0.35454860652694375, 0.11926805958574169]
[ik] [ik]   linear=0.0581 m  angular=0.0047 rad
[orchestrator] bridge exited with code 0
[orchestrator] sending SIGINT to safety (pgid=727997)
[orchestrator] sending SIGINT to fame (pgid=728093)
[orchestrator] sending SIGINT to ik (pgid=728624)
[ik] [ik] interrupted, shutting down
[ik] StateSubscriber shutdown
[ik] RobotModel shutdown
[fame] [fame] interrupted, shutting down
[ik] LowCmdPublisher shutdown.
[safety] {"event": "relay_started", "mode": "split_mode"}
[safety] KeyboardInterrupt received, stopping safety layer...
[safety] [Reader] take sample error
[safety] {"event": "relay_stopped"}
[orchestrator] done
