[orchestrator] starting safety: /home/niraj/isaac_gym_projects/h12_adaptive_policy/.venv/bin/python /home/niraj/isaac_gym_projects/h12_safety_layer/h12_safety_layer/script/safety_layer_main.py --config /home/niraj/isaac_gym_projects/h12_fame_manipulation/configs/sim_safety_split.yaml
[orchestrator] starting bridge: /home/niraj/isaac_gym_projects/h12_adaptive_policy/.venv/bin/python -m h12_fame_ik_runner.mujoco_dds_bridge --config /home/niraj/isaac_gym_projects/h12_fame_manipulation/configs/h1_2_fame_ik_eval.yaml --headless --duration 18.0
[bridge] [bridge] PUSH_BLOCK_MASS override: 0.5000 -> 0.5000 kg (inertia x1.000)
[bridge] [bridge] scene=h1_2_table.xml headless=True low_state=rt/lowstate low_cmd_in=rt/lowcmd
[bridge] [bridge] warmup: holding sim frozen up to 6.00s or until first FAME leg cmd lands
[orchestrator] starting fame: /home/niraj/isaac_gym_projects/h12_adaptive_policy/.venv/bin/python -m h12_fame_ik_runner.fame_dds_runner --config /home/niraj/isaac_gym_projects/h12_fame_manipulation/configs/h1_2_fame_ik_eval.yaml
[fame] [fame] loaded encoder /home/niraj/isaac_gym_projects/h12_fame_manipulation/h12_fame_ik_runner/ckpts/handless/encoder_3999.pt
[fame] [fame] low_state=rt/lowstate low_cmd_out=rt/safety/lowcmd_lower_in decim=10 pub_hz=500.0
[bridge] [bridge] warmup done (first leg cmd at t+1.33s); stepping physics now
[orchestrator] starting ik: /home/niraj/isaac_gym_projects/h12_adaptive_policy/.venv/bin/python -m h12_fame_ik_runner.ik_dds_driver --config /home/niraj/isaac_gym_projects/h12_fame_manipulation/configs/h1_2_fame_ik_eval.yaml
[ik] [ik] urdf=h1_2_handless.urdf controller_config=sim_split_controller.yaml
[ik] StateSubscriber initialized.
[ik] LowCmdPublisher initialized.
[ik] All joints are locked in the initial position.
[ik] [ik] batch mode; goals=['q_reduced[14]', 'frame_delta:right']
[ik] [ik] goal=q_reduced[14] for 3.0s  q=[0. ,0. ,0. ,0. ,0. ,0. ,0. ,0. ,0. ,0. ,0.3,0. ,0. ,0. ]
[ik] [ik] goal=frame_delta:right_wrist_yaw_link  current=(+0.258,-0.124,+0.103)  delta=(+0.250,+0.000,+0.000)  target=(+0.508,-0.124,+0.103)  max=8.0s
[ik] [ik] driving frame_task on right_wrist_yaw_link; xyz=(+0.508,-0.124,+0.103) rpy_deg=(-4.7,+1.9,+18.7) timeout=8.0s
[ik] [ik]   linear=0.3047 m  angular=0.4027 rad
[ik] [ik]   linear=0.2010 m  angular=0.0010 rad
[ik] [ik]   linear=0.1353 m  angular=0.0022 rad
[ik] [ik]   linear=0.0989 m  angular=0.0035 rad
[ik] [ik]   linear=0.0795 m  angular=0.0027 rad
[ik] [ik]   linear=0.0647 m  angular=0.0022 rad
[ik] [ik]   linear=0.0584 m  angular=0.0019 rad
[ik] [ik]   linear=0.0576 m  angular=0.0046 rad
[ik] [ik]   linear=0.0576 m  angular=0.0046 rad
[ik] [ik]   linear=0.0576 m  angular=0.0046 rad
[ik] [ik]   linear=0.0576 m  angular=0.0046 rad
[bridge] [bridge] summary:
[bridge]   elapsed_s=18.00
[bridge]   low_cmd_msgs_received=7078 (first at t+0.00s)
[bridge]   base_xyz=[0.033873573109269, 0.08426301693218924, 0.8611104216632955]
[bridge]   q_des[0:12]=[-0.33000001311302185, -0.24532094597816467, 0.18787339329719543, 0.9063378572463989, -0.5574138164520264, -0.16179899871349335, -0.33000001311302185, -0.05912933871150017, -0.19849200546741486, 0.7464147806167603, -0.5508570075035095, 0.16179899871349335]
[bridge]   q_now[0:12]=[-0.39435079275358753, -0.17244504982533085, 0.31074560219473724, 1.1910768917637422, -0.637573189457428, -0.2643989144738776, -0.2701880883862001, 0.12208730196121895, -0.35349621642932094, 0.9200271178128753, -0.6670750325186414, 0.2630095264686714]
[bridge]   q_des[13:20]=[0.002872280078008771, 0.0021880818530917168, 0.0002686276566237211, 0.001492640352807939, 2.297791070304811e-05, 0.00022264645667746663, 4.836906100535998e-06]  # left arm
[bridge]   q_now[13:20]=[0.011508602772584082, 0.0072273768167647485, 0.0007277000708101175, 0.0011582572871631706, 2.1535416549836263e-05, 0.00019458138078401796, 1.1453118478905428e-05]
[bridge]   q_des[20:27]=[-0.965003490447998, 0.02066517248749733, -0.029854055494070053, 1.415183424949646, -0.01548695471137762, -0.36250001192092896, 0.1077912300825119]  # right arm
[bridge]   q_now[20:27]=[-0.9712222574959521, 0.02992809457665187, -0.0338080728918423, 1.4133380252847418, -0.02690200106587088, -0.3541776118989777, 0.11654208476329572]
[ik] [ik]   linear=0.0576 m  angular=0.0046 rad
[orchestrator] bridge exited with code 0
[orchestrator] sending SIGINT to safety (pgid=703101)
[orchestrator] sending SIGINT to fame (pgid=703194)
[orchestrator] sending SIGINT to ik (pgid=703750)
[ik] [ik] interrupted, shutting down
[ik] StateSubscriber shutdown
[ik] RobotModel shutdown
[fame] [fame] interrupted, shutting down
[ik] LowCmdPublisher shutdown.
[safety] {"event": "relay_started", "mode": "split_mode"}
[safety] KeyboardInterrupt received, stopping safety layer...
[safety] {"event": "relay_stopped"}
[orchestrator] done
