[orchestrator] starting safety: /home/niraj/isaac_gym_projects/h12_adaptive_policy/.venv/bin/python /home/niraj/isaac_gym_projects/h12_safety_layer/h12_safety_layer/script/safety_layer_main.py --config /home/niraj/isaac_gym_projects/h12_fame_manipulation/configs/sim_safety_split.yaml
[orchestrator] starting bridge: /home/niraj/isaac_gym_projects/h12_adaptive_policy/.venv/bin/python -m h12_fame_ik_runner.mujoco_dds_bridge --config /home/niraj/isaac_gym_projects/h12_fame_manipulation/configs/h1_2_fame_ik_eval.yaml --headless --duration 18.0
[bridge] [bridge] PUSH_BLOCK_MASS override: 0.5000 -> 1.0000 kg (inertia x2.000)
[bridge] [bridge] scene=h1_2_table.xml headless=True low_state=rt/lowstate low_cmd_in=rt/lowcmd
[bridge] [bridge] warmup: holding sim frozen up to 6.00s or until first FAME leg cmd lands
[orchestrator] starting fame: /home/niraj/isaac_gym_projects/h12_adaptive_policy/.venv/bin/python -m h12_fame_ik_runner.fame_dds_runner --config /home/niraj/isaac_gym_projects/h12_fame_manipulation/configs/h1_2_fame_ik_eval.yaml
[fame] [fame] loaded encoder /home/niraj/isaac_gym_projects/h12_fame_manipulation/h12_fame_ik_runner/ckpts/handless/encoder_3999.pt
[fame] [fame] low_state=rt/lowstate low_cmd_out=rt/safety/lowcmd_lower_in decim=10 pub_hz=500.0
[bridge] [bridge] warmup done (first leg cmd at t+1.30s); stepping physics now
[orchestrator] starting ik: /home/niraj/isaac_gym_projects/h12_adaptive_policy/.venv/bin/python -m h12_fame_ik_runner.ik_dds_driver --config /home/niraj/isaac_gym_projects/h12_fame_manipulation/configs/h1_2_fame_ik_eval.yaml
[ik] [ik] urdf=h1_2_handless.urdf controller_config=sim_split_controller.yaml
[ik] StateSubscriber initialized.
[ik] LowCmdPublisher initialized.
[ik] All joints are locked in the initial position.
[ik] [ik] batch mode; goals=['q_reduced[14]', 'frame_delta:right']
[ik] [ik] goal=q_reduced[14] for 3.0s  q=[0. ,0. ,0. ,0. ,0. ,0. ,0. ,0. ,0. ,0. ,0.3,0. ,0. ,0. ]
[ik] [ik] goal=frame_delta:right_wrist_yaw_link  current=(+0.260,-0.120,+0.102)  delta=(+0.250,+0.000,+0.000)  target=(+0.510,-0.120,+0.102)  max=8.0s
[ik] [ik] driving frame_task on right_wrist_yaw_link; xyz=(+0.510,-0.120,+0.102) rpy_deg=(-4.6,+2.1,+19.5) timeout=8.0s
[ik] [ik]   linear=0.3075 m  angular=0.4120 rad
[ik] [ik]   linear=0.2005 m  angular=0.0011 rad
[ik] [ik]   linear=0.1356 m  angular=0.0023 rad
[ik] [ik]   linear=0.0993 m  angular=0.0035 rad
[ik] [ik]   linear=0.0784 m  angular=0.0027 rad
[ik] [ik]   linear=0.0659 m  angular=0.0022 rad
[ik] [ik]   linear=0.0605 m  angular=0.0020 rad
[ik] [ik]   linear=0.0601 m  angular=0.0046 rad
[ik] [ik]   linear=0.0601 m  angular=0.0046 rad
[ik] [ik]   linear=0.0601 m  angular=0.0046 rad
[ik] [ik]   linear=0.0601 m  angular=0.0046 rad
[bridge] [bridge] summary:
[bridge]   elapsed_s=18.00
[bridge]   low_cmd_msgs_received=6833 (first at t+0.00s)
[bridge]   base_xyz=[-0.008836711785756325, 0.034699825968330045, 0.8676645319356993]
[bridge]   q_des[0:12]=[-0.33000001311302185, -0.235019713640213, 0.205570250749588, 0.9238519668579102, -0.5450291633605957, -0.16179899871349335, -0.33000001311302185, -0.11200439929962158, -0.21738308668136597, 0.7607234716415405, -0.5933624505996704, 0.16179899871349335]
[bridge]   q_now[0:12]=[-0.41112758820120554, -0.19423353686555098, 0.3176437441801133, 1.130963196656699, -0.5422980730212186, -0.26361338628811837, -0.2685496335578698, 0.056825093239075766, -0.32154212584976305, 0.9838971533112321, -0.6595153777629417, 0.26362031433805694]
[bridge]   q_des[13:20]=[0.003008155385032296, 0.002005793619900942, 0.00025488229584880173, 0.0015555818099528551, 2.2168636860442348e-05, 0.0002141105360351503, 4.838144832319813e-06]  # left arm
[bridge]   q_now[13:20]=[0.004321897689955619, 0.0020735184475746734, 0.0002655595375589336, 0.0014963752367164926, 2.191653059464785e-05, 0.00020993473991687788, 5.1011991322598996e-06]
[bridge]   q_des[20:27]=[-0.9690452814102173, 0.025647304952144623, -0.03150336444377899, 1.4213770627975464, -0.018867237493395805, -0.36250001192092896, 0.11672261357307434]  # right arm
[bridge]   q_now[20:27]=[-0.9667890380291916, 0.02726979410274429, -0.03573095496621273, 1.4191632104326837, -0.02978771149434935, -0.35481141523573506, 0.12491398315320965]
[ik] [ik]   linear=0.0601 m  angular=0.0046 rad
[orchestrator] bridge exited with code 0
[orchestrator] sending SIGINT to safety (pgid=736191)
[orchestrator] sending SIGINT to fame (pgid=736285)
[orchestrator] sending SIGINT to ik (pgid=736841)
[ik] [ik] interrupted, shutting down
[ik] StateSubscriber shutdown
[ik] RobotModel shutdown
[fame] [fame] interrupted, shutting down
[ik] LowCmdPublisher shutdown.
[safety] {"event": "relay_started", "mode": "split_mode"}
[safety] KeyboardInterrupt received, stopping safety layer...
[safety] {"event": "relay_stopped"}
[orchestrator] done
