[orchestrator] starting safety: /home/niraj/isaac_gym_projects/h12_adaptive_policy/.venv/bin/python /home/niraj/isaac_gym_projects/h12_safety_layer/h12_safety_layer/script/safety_layer_main.py --config /home/niraj/isaac_gym_projects/h12_fame_manipulation/configs/sim_safety_split.yaml
[orchestrator] starting bridge: /home/niraj/isaac_gym_projects/h12_adaptive_policy/.venv/bin/python -m h12_fame_ik_runner.mujoco_dds_bridge --config /home/niraj/isaac_gym_projects/h12_fame_manipulation/configs/h1_2_fame_ik_eval.yaml --headless --duration 18.0
[bridge] [bridge] PUSH_BLOCK_MASS override: 0.5000 -> 1.0000 kg (inertia x2.000)
[bridge] [bridge] scene=h1_2_table.xml headless=True low_state=rt/lowstate low_cmd_in=rt/lowcmd
[bridge] [bridge] warmup: holding sim frozen up to 6.00s or until first FAME leg cmd lands
[orchestrator] starting fame: /home/niraj/isaac_gym_projects/h12_adaptive_policy/.venv/bin/python -m h12_fame_ik_runner.fame_dds_runner --config /home/niraj/isaac_gym_projects/h12_fame_manipulation/configs/h1_2_fame_ik_eval.yaml
[fame] [fame] loaded encoder /home/niraj/isaac_gym_projects/h12_fame_manipulation/h12_fame_ik_runner/ckpts/handless/encoder_3999.pt
[fame] [fame] low_state=rt/lowstate low_cmd_out=rt/safety/lowcmd_lower_in decim=10 pub_hz=500.0
[bridge] [bridge] warmup done (first leg cmd at t+1.44s); stepping physics now
[orchestrator] starting ik: /home/niraj/isaac_gym_projects/h12_adaptive_policy/.venv/bin/python -m h12_fame_ik_runner.ik_dds_driver --config /home/niraj/isaac_gym_projects/h12_fame_manipulation/configs/h1_2_fame_ik_eval.yaml
[ik] [ik] urdf=h1_2_handless.urdf controller_config=sim_split_controller.yaml
[ik] StateSubscriber initialized.
[ik] LowCmdPublisher initialized.
[ik] All joints are locked in the initial position.
[ik] [ik] batch mode; goals=['q_reduced[14]', 'frame_delta:right']
[ik] [ik] goal=q_reduced[14] for 3.0s  q=[0. ,0. ,0. ,0. ,0. ,0. ,0. ,0. ,0. ,0. ,0.3,0. ,0. ,0. ]
[ik] [ik] goal=frame_delta:right_wrist_yaw_link  current=(+0.261,-0.119,+0.102)  delta=(+0.250,+0.000,+0.000)  target=(+0.511,-0.119,+0.102)  max=8.0s
[ik] [ik] driving frame_task on right_wrist_yaw_link; xyz=(+0.511,-0.119,+0.102) rpy_deg=(-4.6,+2.0,+19.7) timeout=8.0s
[ik] [ik]   linear=0.3080 m  angular=0.4140 rad
[ik] [ik]   linear=0.2068 m  angular=0.0017 rad
[ik] [ik]   linear=0.1406 m  angular=0.0022 rad
[ik] [ik]   linear=0.1057 m  angular=0.0038 rad
[ik] [ik]   linear=0.0837 m  angular=0.0029 rad
[ik] [ik]   linear=0.0703 m  angular=0.0024 rad
[ik] [ik]   linear=0.0621 m  angular=0.0021 rad
[ik] [ik]   linear=0.0604 m  angular=0.0046 rad
[ik] [ik]   linear=0.0604 m  angular=0.0046 rad
[ik] [ik]   linear=0.0604 m  angular=0.0046 rad
[ik] [ik]   linear=0.0604 m  angular=0.0046 rad
[bridge] [bridge] summary:
[bridge]   elapsed_s=18.00
[bridge]   low_cmd_msgs_received=6918 (first at t+0.00s)
[bridge]   base_xyz=[-0.0017948107434850218, 0.032757920411193964, 0.8721923710604033]
[bridge]   q_des[0:12]=[-0.33000001311302185, -0.24121329188346863, 0.17361462116241455, 0.9410336017608643, -0.34069716930389404, -0.16179899871349335, -0.33000001311302185, -0.12517030537128448, -0.17922262847423553, 0.7948340773582458, -0.4114132523536682, 0.16179899871349335]
[bridge]   q_now[0:12]=[-0.40626495140550833, -0.22877307161662572, 0.3170562759361422, 1.11426705209648, -0.5338811255499956, -0.26356470289586625, -0.2683923907298544, 0.015383941410930262, -0.3259312911889345, 0.983069367644183, -0.6583930000963207, 0.2634715047406202]
[bridge]   q_des[13:20]=[0.003072143066674471, 0.001971143763512373, 0.0002559655986260623, 0.001555945142172277, 2.2257561795413494e-05, 0.00021530954109039158, 4.791320861841086e-06]  # left arm
[bridge]   q_now[13:20]=[0.002942247408765857, 0.0020643478187788566, 0.00028602099411802277, 0.0015639127553385155, 2.2615561105468274e-05, 0.00021538357398302363, 5.530604055479523e-06]
[bridge]   q_des[20:27]=[-0.9696727991104126, 0.026491723954677582, -0.031251318752765656, 1.4212950468063354, -0.01909361220896244, -0.36250001192092896, 0.11800851672887802]  # right arm
[bridge]   q_now[20:27]=[-0.9666615497894404, 0.02872324292662941, -0.03576900666891551, 1.4187394054168252, -0.030187378519205044, -0.35428568964314466, 0.12660578141276438]
[ik] [ik]   linear=0.0604 m  angular=0.0046 rad
[orchestrator] bridge exited with code 0
[orchestrator] sending SIGINT to safety (pgid=744535)
[orchestrator] sending SIGINT to fame (pgid=744629)
[orchestrator] sending SIGINT to ik (pgid=745166)
[ik] [ik] interrupted, shutting down
[ik] StateSubscriber shutdown
[ik] RobotModel shutdown
[ik] LowCmdPublisher shutdown.
[fame] [fame] interrupted, shutting down
[safety] {"event": "relay_started", "mode": "split_mode"}
[safety] KeyboardInterrupt received, stopping safety layer...
[safety] [Reader] take sample error
[safety] {"event": "relay_stopped"}
[orchestrator] done
