[orchestrator] starting safety: /home/niraj/isaac_gym_projects/h12_adaptive_policy/.venv/bin/python /home/niraj/isaac_gym_projects/h12_safety_layer/h12_safety_layer/script/safety_layer_main.py --config /home/niraj/isaac_gym_projects/h12_fame_manipulation/configs/sim_safety_split.yaml
[orchestrator] starting bridge: /home/niraj/isaac_gym_projects/h12_adaptive_policy/.venv/bin/python -m h12_fame_ik_runner.mujoco_dds_bridge --config /home/niraj/isaac_gym_projects/h12_fame_manipulation/configs/h1_2_fame_ik_eval.yaml --headless --duration 18.0
[bridge] [bridge] PUSH_BLOCK_MASS override: 0.5000 -> 0.1000 kg (inertia x0.200)
[bridge] [bridge] scene=h1_2_table.xml headless=True low_state=rt/lowstate low_cmd_in=rt/lowcmd
[bridge] [bridge] warmup: holding sim frozen up to 6.00s or until first FAME leg cmd lands
[orchestrator] starting fame: /home/niraj/isaac_gym_projects/h12_adaptive_policy/.venv/bin/python -m h12_fame_ik_runner.fame_dds_runner --config /home/niraj/isaac_gym_projects/h12_fame_manipulation/configs/h1_2_fame_ik_eval.yaml
[fame] [fame] loaded encoder /home/niraj/isaac_gym_projects/h12_fame_manipulation/h12_fame_ik_runner/ckpts/handless/encoder_3999.pt
[fame] [fame] low_state=rt/lowstate low_cmd_out=rt/safety/lowcmd_lower_in decim=10 pub_hz=500.0
[bridge] [bridge] warmup done (first leg cmd at t+1.39s); stepping physics now
[orchestrator] starting ik: /home/niraj/isaac_gym_projects/h12_adaptive_policy/.venv/bin/python -m h12_fame_ik_runner.ik_dds_driver --config /home/niraj/isaac_gym_projects/h12_fame_manipulation/configs/h1_2_fame_ik_eval.yaml
[ik] [ik] urdf=h1_2_handless.urdf controller_config=sim_split_controller.yaml
[ik] StateSubscriber initialized.
[ik] LowCmdPublisher initialized.
[ik] All joints are locked in the initial position.
[ik] [ik] batch mode; goals=['q_reduced[14]', 'frame_delta:right']
[ik] [ik] goal=q_reduced[14] for 3.0s  q=[0. ,0. ,0. ,0. ,0. ,0. ,0. ,0. ,0. ,0. ,0.3,0. ,0. ,0. ]
[ik] [ik] goal=frame_delta:right_wrist_yaw_link  current=(+0.261,-0.119,+0.102)  delta=(+0.250,+0.000,+0.000)  target=(+0.511,-0.119,+0.102)  max=8.0s
[ik] [ik] driving frame_task on right_wrist_yaw_link; xyz=(+0.511,-0.119,+0.102) rpy_deg=(-4.7,+2.0,+19.8) timeout=8.0s
[ik] [ik]   linear=0.3083 m  angular=0.4157 rad
[ik] [ik]   linear=0.2069 m  angular=0.0018 rad
[ik] [ik]   linear=0.1457 m  angular=0.0020 rad
[ik] [ik]   linear=0.1047 m  angular=0.0037 rad
[ik] [ik]   linear=0.0862 m  angular=0.0030 rad
[ik] [ik]   linear=0.0699 m  angular=0.0024 rad
[ik] [ik]   linear=0.0615 m  angular=0.0020 rad
[ik] [ik]   linear=0.0605 m  angular=0.0047 rad
[ik] [ik]   linear=0.0605 m  angular=0.0047 rad
[ik] [ik]   linear=0.0605 m  angular=0.0047 rad
[ik] [ik]   linear=0.0605 m  angular=0.0047 rad
[ik] [ik]   linear=0.0605 m  angular=0.0047 rad
[ik] [ik]   linear=0.0605 m  angular=0.0047 rad
[bridge] [bridge] summary:
[bridge]   elapsed_s=18.00
[bridge]   low_cmd_msgs_received=6979 (first at t+0.00s)
[bridge]   base_xyz=[0.03703125642305213, 0.06622174062283445, 0.8732757121979308]
[bridge]   q_des[0:12]=[-0.33000001311302185, -0.23386982083320618, 0.16018036007881165, 0.9609004855155945, -0.05902621150016785, -0.16179899871349335, -0.33000001311302185, -0.12096355855464935, -0.1772025227546692, 0.8346537351608276, -0.17112913727760315, 0.16179899871349335]
[bridge]   q_now[0:12]=[-0.391286002673409, -0.2636215382307688, 0.3022105229432102, 1.1406080265489054, -0.5942349280790605, -0.264122707006467, -0.267564701409698, 0.005651109463733674, -0.35662847917047746, 0.9340979504284259, -0.6622833468531867, 0.2628219439042863]
[bridge]   q_des[13:20]=[0.002488422440364957, 0.001300270901992917, 0.00019933815929107368, 0.0015946411294862628, 1.9793131286860444e-05, 0.000191931874724105, 3.878795723721851e-06]  # left arm
[bridge]   q_now[13:20]=[-0.0004085278061870069, 0.0032037005494528255, 0.0003812488508810323, 0.0016008270441097729, 1.9842279633579798e-05, 0.0001879563185986384, 6.627632900804955e-06]
[bridge]   q_des[20:27]=[-0.9700505137443542, 0.02627314068377018, -0.026860937476158142, 1.4199782609939575, -0.0155284833163023, -0.36250001192092896, 0.1183658242225647]  # right arm
[bridge]   q_now[20:27]=[-0.973244009429154, 0.029797648106620427, -0.031026846455100475, 1.4181717710284798, -0.026411522442382665, -0.3556611102528063, 0.1260463546455335]
[ik] [ik]   linear=0.0605 m  angular=0.0047 rad
[orchestrator] bridge exited with code 0
[orchestrator] sending SIGINT to safety (pgid=678043)
[orchestrator] sending SIGINT to fame (pgid=678137)
[orchestrator] sending SIGINT to ik (pgid=678684)
[ik] [ik] interrupted, shutting down
[ik] StateSubscriber shutdown
[ik] RobotModel shutdown
[fame] [fame] interrupted, shutting down
[ik] LowCmdPublisher shutdown.
[safety] {"event": "relay_started", "mode": "split_mode"}
[safety] KeyboardInterrupt received, stopping safety layer...
[safety] {"event": "relay_stopped"}
[orchestrator] done
