[orchestrator] starting safety: /home/niraj/isaac_gym_projects/h12_adaptive_policy/.venv/bin/python /home/niraj/isaac_gym_projects/h12_safety_layer/h12_safety_layer/script/safety_layer_main.py --config /home/niraj/isaac_gym_projects/h12_fame_manipulation/configs/sim_safety_split.yaml
[orchestrator] starting bridge: /home/niraj/isaac_gym_projects/h12_adaptive_policy/.venv/bin/python -m h12_fame_ik_runner.mujoco_dds_bridge --config /home/niraj/isaac_gym_projects/h12_fame_manipulation/configs/h1_2_fame_ik_eval.yaml --headless --duration 18.0
[bridge] [bridge] PUSH_BLOCK_MASS override: 0.5000 -> 0.5000 kg (inertia x1.000)
[bridge] [bridge] scene=h1_2_table.xml headless=True low_state=rt/lowstate low_cmd_in=rt/lowcmd
[bridge] [bridge] warmup: holding sim frozen up to 6.00s or until first FAME leg cmd lands
[orchestrator] starting fame: /home/niraj/isaac_gym_projects/h12_adaptive_policy/.venv/bin/python -m h12_fame_ik_runner.fame_dds_runner --config /home/niraj/isaac_gym_projects/h12_fame_manipulation/configs/h1_2_fame_ik_eval.yaml
[fame] [fame] loaded encoder /home/niraj/isaac_gym_projects/h12_fame_manipulation/h12_fame_ik_runner/ckpts/handless/encoder_3999.pt
[fame] [fame] low_state=rt/lowstate low_cmd_out=rt/safety/lowcmd_lower_in decim=10 pub_hz=500.0
[bridge] [bridge] warmup done (first leg cmd at t+1.40s); stepping physics now
[orchestrator] starting ik: /home/niraj/isaac_gym_projects/h12_adaptive_policy/.venv/bin/python -m h12_fame_ik_runner.ik_dds_driver --config /home/niraj/isaac_gym_projects/h12_fame_manipulation/configs/h1_2_fame_ik_eval.yaml
[ik] [ik] urdf=h1_2_handless.urdf controller_config=sim_split_controller.yaml
[ik] StateSubscriber initialized.
[ik] LowCmdPublisher initialized.
[ik] All joints are locked in the initial position.
[ik] [ik] batch mode; goals=['q_reduced[14]', 'frame_delta:right']
[ik] [ik] goal=q_reduced[14] for 3.0s  q=[0. ,0. ,0. ,0. ,0. ,0. ,0. ,0. ,0. ,0. ,0.3,0. ,0. ,0. ]
[ik] [ik] goal=frame_delta:right_wrist_yaw_link  current=(+0.261,-0.120,+0.102)  delta=(+0.250,+0.000,+0.000)  target=(+0.511,-0.120,+0.102)  max=8.0s
[ik] [ik] driving frame_task on right_wrist_yaw_link; xyz=(+0.511,-0.120,+0.102) rpy_deg=(-4.7,+2.0,+19.5) timeout=8.0s
[ik] [ik]   linear=0.3076 m  angular=0.4124 rad
[ik] [ik]   linear=0.2065 m  angular=0.0017 rad
[ik] [ik]   linear=0.1452 m  angular=0.0020 rad
[ik] [ik]   linear=0.1065 m  angular=0.0038 rad
[ik] [ik]   linear=0.0842 m  angular=0.0029 rad
[ik] [ik]   linear=0.0690 m  angular=0.0023 rad
[ik] [ik]   linear=0.0612 m  angular=0.0020 rad
[ik] [ik]   linear=0.0601 m  angular=0.0046 rad
[ik] [ik]   linear=0.0601 m  angular=0.0046 rad
[ik] [ik]   linear=0.0601 m  angular=0.0046 rad
[ik] [ik]   linear=0.0601 m  angular=0.0046 rad
[ik] [ik]   linear=0.0601 m  angular=0.0046 rad
[bridge] [bridge] summary:
[bridge]   elapsed_s=18.00
[bridge]   low_cmd_msgs_received=6704 (first at t+0.00s)
[bridge]   base_xyz=[0.008491424712475479, 0.040038568541651644, 0.8716830362070966]
[bridge]   q_des[0:12]=[-0.33000001311302185, -0.24064625799655914, 0.16982848942279816, 0.9393442273139954, -0.3196045756340027, -0.16179899871349335, -0.33000001311302185, -0.12078382074832916, -0.17749682068824768, 0.7925102710723877, -0.38890284299850464, 0.16179899871349335]
[bridge]   q_now[0:12]=[-0.40686159918052023, -0.221682250331596, 0.31599659557305243, 1.1215012286740311, -0.5495364097312089, -0.2636663149259574, -0.2681587023041117, 0.030720422148089472, -0.32693510526599645, 0.9710604051454158, -0.6629555391768636, 0.2633983629520276]
[bridge]   q_des[13:20]=[0.002896025078371167, 0.0013680271804332733, 0.00022379125584848225, 0.001551430905237794, 1.9936491298722103e-05, 0.00019303258159197867, 4.2198294067929965e-06]  # left arm
[bridge]   q_now[13:20]=[0.002982040382671301, 0.0015292816626598816, 0.000295698946604053, 0.0015366355480530523, 2.0060578983643087e-05, 0.0001908836300845531, 5.476374281862784e-06]
[bridge]   q_des[20:27]=[-0.9692201614379883, 0.025150828063488007, -0.029098084196448326, 1.4207954406738281, -0.017319979146122932, -0.36250001192092896, 0.11629748344421387]  # right arm
[bridge]   q_now[20:27]=[-0.9663158378828187, 0.028737656792817905, -0.03360785776622501, 1.418250563543431, -0.02852526629445473, -0.3546703826618053, 0.1247313692902852]
[orchestrator] bridge exited with code 0
[orchestrator] sending SIGINT to safety (pgid=711429)
[orchestrator] sending SIGINT to fame (pgid=711522)
[orchestrator] sending SIGINT to ik (pgid=712058)
[ik] [ik] interrupted, shutting down
[ik] StateSubscriber shutdown
[ik] RobotModel shutdown
[fame] [fame] interrupted, shutting down
[ik] LowCmdPublisher shutdown.
[safety] {"event": "relay_started", "mode": "split_mode"}
[safety] KeyboardInterrupt received, stopping safety layer...
[safety] {"event": "relay_stopped"}
[orchestrator] done
