[orchestrator] starting safety: /home/niraj/isaac_gym_projects/h12_adaptive_policy/.venv/bin/python /home/niraj/isaac_gym_projects/h12_safety_layer/h12_safety_layer/script/safety_layer_main.py --config /home/niraj/isaac_gym_projects/h12_fame_manipulation/configs/sim_safety_split.yaml
[orchestrator] starting bridge: /home/niraj/isaac_gym_projects/h12_adaptive_policy/.venv/bin/python -m h12_fame_ik_runner.mujoco_dds_bridge --config /home/niraj/isaac_gym_projects/h12_fame_manipulation/configs/h1_2_fame_ik_eval.yaml --headless --duration 18.0
[bridge] [bridge] PUSH_BLOCK_MASS override: 0.5000 -> 5.0000 kg (inertia x10.000)
[bridge] [bridge] scene=h1_2_table.xml headless=True low_state=rt/lowstate low_cmd_in=rt/lowcmd
[bridge] [bridge] warmup: holding sim frozen up to 6.00s or until first FAME leg cmd lands
[orchestrator] starting fame: /home/niraj/isaac_gym_projects/h12_adaptive_policy/.venv/bin/python -m h12_fame_ik_runner.fame_dds_runner --config /home/niraj/isaac_gym_projects/h12_fame_manipulation/configs/h1_2_fame_ik_eval.yaml
[fame] [fame] loaded encoder /home/niraj/isaac_gym_projects/h12_fame_manipulation/h12_fame_ik_runner/ckpts/handless/encoder_3999.pt
[fame] [fame] low_state=rt/lowstate low_cmd_out=rt/safety/lowcmd_lower_in decim=10 pub_hz=500.0
[bridge] [bridge] warmup done (first leg cmd at t+1.38s); stepping physics now
[orchestrator] starting ik: /home/niraj/isaac_gym_projects/h12_adaptive_policy/.venv/bin/python -m h12_fame_ik_runner.ik_dds_driver --config /home/niraj/isaac_gym_projects/h12_fame_manipulation/configs/h1_2_fame_ik_eval.yaml
[ik] [ik] urdf=h1_2_handless.urdf controller_config=sim_split_controller.yaml
[ik] StateSubscriber initialized.
[ik] LowCmdPublisher initialized.
[ik] All joints are locked in the initial position.
[ik] [ik] batch mode; goals=['q_reduced[14]', 'frame_delta:right']
[ik] [ik] goal=q_reduced[14] for 3.0s  q=[0. ,0. ,0. ,0. ,0. ,0. ,0. ,0. ,0. ,0. ,0.3,0. ,0. ,0. ]
[ik] [ik] goal=frame_delta:right_wrist_yaw_link  current=(+0.258,-0.119,+0.103)  delta=(+0.250,+0.000,+0.000)  target=(+0.508,-0.119,+0.103)  max=8.0s
[ik] [ik] driving frame_task on right_wrist_yaw_link; xyz=(+0.508,-0.119,+0.103) rpy_deg=(-4.6,+1.8,+19.6) timeout=8.0s
[ik] [ik]   linear=0.3057 m  angular=0.4119 rad
[ik] [ik]   linear=0.2077 m  angular=0.0023 rad
[ik] [ik]   linear=0.1459 m  angular=0.0020 rad
[ik] [ik]   linear=0.1057 m  angular=0.0037 rad
[ik] [ik]   linear=0.0856 m  angular=0.0030 rad
[ik] [ik]   linear=0.0708 m  angular=0.0024 rad
[ik] [ik]   linear=0.0628 m  angular=0.0021 rad
[ik] [ik]   linear=0.0581 m  angular=0.0047 rad
[ik] [ik]   linear=0.0581 m  angular=0.0047 rad
[ik] [ik]   linear=0.0581 m  angular=0.0047 rad
[ik] [ik]   linear=0.0581 m  angular=0.0047 rad
[bridge] [bridge] summary:
[bridge]   elapsed_s=18.00
[bridge]   low_cmd_msgs_received=7045 (first at t+0.00s)
[bridge]   base_xyz=[0.0108319636760446, 0.044467454770213216, 0.8711047924936651]
[bridge]   q_des[0:12]=[-0.33000001311302185, -0.2404392659664154, 0.1730719953775406, 0.9480637907981873, -0.27428150177001953, -0.16179899871349335, -0.33000001311302185, -0.12184375524520874, -0.18056979775428772, 0.8050429821014404, -0.3503590226173401, 0.16179899871349335]
[bridge]   q_now[0:12]=[-0.4035553042715284, -0.22910142462478517, 0.3146465390767964, 1.1315767266049375, -0.5581374487326705, -0.26376665191576426, -0.27043199794998257, 0.026640653344176788, -0.3270318351990848, 0.9722511569189757, -0.6655984940093238, 0.2633339861938137]
[bridge]   q_des[13:20]=[0.0025640674866735935, 0.0013360942248255014, 0.00020242464961484075, 0.0015239816857501864, 1.959987093869131e-05, 0.00019086187239736319, 3.843756076093996e-06]  # left arm
[bridge]   q_now[13:20]=[0.003230106596823261, 0.0014263638463651027, 0.00026136941333412285, 0.0014936487953367155, 1.923678539832817e-05, 0.0001861488120236016, 4.678328050016697e-06]
[bridge]   q_des[20:27]=[-0.9668663144111633, 0.02845710702240467, -0.02894430048763752, 1.413994312286377, -0.01745748147368431, -0.36250001192092896, 0.11431014537811279]  # right arm
[bridge]   q_now[20:27]=[-0.96477887883012, 0.031141094202107103, -0.03337646909002798, 1.4116599560394785, -0.028798538832514854, -0.35408402962466745, 0.12332082866044179]
[ik] [ik]   linear=0.0581 m  angular=0.0047 rad
[orchestrator] bridge exited with code 0
[orchestrator] sending SIGINT to safety (pgid=777716)
[orchestrator] sending SIGINT to fame (pgid=777810)
[orchestrator] sending SIGINT to ik (pgid=778336)
[ik] [ik] interrupted, shutting down
[ik] StateSubscriber shutdown
[ik] RobotModel shutdown
[fame] [fame] interrupted, shutting down
[safety] {"event": "relay_started", "mode": "split_mode"}
[safety] KeyboardInterrupt received, stopping safety layer...
[safety] {"event": "relay_stopped"}
[ik] LowCmdPublisher shutdown.
[orchestrator] done
