[orchestrator] starting safety: /home/niraj/isaac_gym_projects/h12_adaptive_policy/.venv/bin/python /home/niraj/isaac_gym_projects/h12_safety_layer/h12_safety_layer/script/safety_layer_main.py --config /home/niraj/isaac_gym_projects/h12_fame_manipulation/configs/sim_safety_split.yaml
[orchestrator] starting bridge: /home/niraj/isaac_gym_projects/h12_adaptive_policy/.venv/bin/python -m h12_fame_ik_runner.mujoco_dds_bridge --config /home/niraj/isaac_gym_projects/h12_fame_manipulation/configs/h1_2_fame_ik_eval.yaml --headless --duration 28.0
[bridge] [bridge] PUSH_BLOCK_MASS override: 0.5000 -> 20.0000 kg (inertia x40.000)
[bridge] [bridge] scene=h1_2_table.xml headless=True low_state=rt/lowstate low_cmd_in=rt/lowcmd
[bridge] [bridge] warmup: holding sim frozen up to 3.00s or until first FAME leg cmd lands
[orchestrator] starting fame: /home/niraj/isaac_gym_projects/h12_adaptive_policy/.venv/bin/python -m h12_fame_ik_runner.fame_dds_runner --config /home/niraj/isaac_gym_projects/h12_fame_manipulation/configs/h1_2_fame_ik_eval.yaml
[fame] [fame] loaded encoder /home/niraj/isaac_gym_projects/h12_fame_manipulation/h12_fame_ik_runner/ckpts/handless/encoder_3999.pt
[fame] [fame] low_state=rt/lowstate low_cmd_out=rt/safety/lowcmd_lower_in decim=10 pub_hz=500.0
[bridge] [bridge] warmup done (first leg cmd at t+1.39s); stepping physics now
[orchestrator] starting ik: /home/niraj/isaac_gym_projects/h12_adaptive_policy/.venv/bin/python -m h12_fame_ik_runner.ik_dds_driver --config /home/niraj/isaac_gym_projects/h12_fame_manipulation/configs/h1_2_fame_ik_eval.yaml
[ik] [ik] urdf=h1_2_handless.urdf controller_config=sim_split_controller.yaml
[ik] StateSubscriber initialized.
[ik] LowCmdPublisher initialized.
[ik] All joints are locked in the initial position.
[ik] [ik] batch mode; goals=['q_reduced[14]', 'q_reduced[14]', 'q_reduced[14]', 'q_reduced[14]']
[ik] [ik] goal=q_reduced[14] for 6.0s  q=[-0.2,-0.3, 0. , 0.3, 0. , 0. , 0. ,-0.2, 0.3, 0. , 0.3, 0. , 0. , 0. ]
[bridge] [bridge] weld_block_right activated at t=10.000s  relpos=[0.065, -0.136, 0.03]  relquat=[0.959, 0.008, -0.11, 0.261]
[bridge] [bridge] weld_block_left activated at t=10.000s  relpos=[-0.065, 0.136, -0.03]  relquat=[0.977, -0.077, -0.096, 0.174]
[ik] [ik] goal=q_reduced[14] for 5.0s  q=[-0.85,-0.3 , 0.  , 0.3 , 0.  , 0.  , 0.  ,-0.85, 0.3 , 0.  , 0.3 , 0.  ,
[ik]   0.  , 0.  ]
[ik] [ik] goal=q_reduced[14] for 5.0s  q=[-0.85,-0.3 ,-0.55, 0.3 , 0.  , 0.  , 0.  ,-0.85, 0.3 ,-0.55, 0.3 , 0.  ,
[ik]   0.  , 0.  ]
[ik] [ik] goal=q_reduced[14] for 8.0s  q=[-0.2 ,-0.3 ,-0.55, 0.3 , 0.  , 0.  , 0.  ,-0.2 , 0.3 ,-0.55, 0.3 , 0.  ,
[ik]   0.  , 0.  ]
[bridge] [bridge] summary:
[bridge]   elapsed_s=28.00
[bridge]   low_cmd_msgs_received=10418 (first at t+0.00s)
[bridge]   base_xyz=[0.010713667327934474, 0.05324080193835321, 0.8812092039159632]
[bridge]   q_des[0:12]=[-0.33000001311302185, -0.2517734467983246, 0.11503518372774124, 0.888517439365387, -0.12672759592533112, -0.16179899871349335, -0.33000001311302185, -0.15561123192310333, -0.07619985193014145, 0.7673652768135071, -0.19329604506492615, 0.16179899871349335]
[bridge]   q_now[0:12]=[-0.4207102459264975, -0.28764345564263577, 0.38647417700134234, 1.067209946105853, -0.5230257113584109, -0.2641040097377205, -0.271682161293625, -0.04746604339577167, -0.3640486344965838, 0.8801875551559176, -0.5917687513801371, 0.2627801107135744]
[bridge]   q_des[13:20]=[-0.2691347002983093, -0.14530515670776367, -0.5470045208930969, 0.30000001192092896, 0.0, 0.0, 0.0]  # left arm
[bridge]   q_now[13:20]=[-0.25650960406007384, -0.06795006152708173, -0.3895019654460565, 0.4753611232899761, -0.11962346107606325, 0.029787945159228127, 0.29248315521579266]
[bridge]   q_des[20:27]=[-0.2638767659664154, 0.16350187361240387, -0.5532843470573425, 0.30000001192092896, 0.0, 0.0, 0.0]  # right arm
[bridge]   q_now[20:27]=[-0.17632916197165352, 0.11162582678264892, -0.3348150287162058, 0.37888045581736784, -0.005386616983942753, -0.02531978342461045, 0.2388341439999832]
[orchestrator] bridge exited with code 0
[orchestrator] sending SIGINT to safety (pgid=1639685)
[orchestrator] sending SIGINT to fame (pgid=1639778)
[orchestrator] sending SIGINT to ik (pgid=1640295)
[ik] [ik] interrupted, shutting down
[ik] StateSubscriber shutdown
[ik] RobotModel shutdown
[fame] [fame] interrupted, shutting down
[ik] LowCmdPublisher shutdown.
[safety] {"event": "relay_started", "mode": "split_mode"}
[safety] KeyboardInterrupt received, stopping safety layer...
[safety] {"event": "relay_stopped"}
[orchestrator] done
