[orchestrator] starting safety: /home/niraj/isaac_gym_projects/h12_adaptive_policy/.venv/bin/python /home/niraj/isaac_gym_projects/h12_safety_layer/h12_safety_layer/script/safety_layer_main.py --config /home/niraj/isaac_gym_projects/h12_fame_manipulation/configs/sim_safety_split.yaml
[orchestrator] starting bridge: /home/niraj/isaac_gym_projects/h12_adaptive_policy/.venv/bin/python -m h12_fame_ik_runner.mujoco_dds_bridge --config /home/niraj/isaac_gym_projects/h12_fame_manipulation/configs/h1_2_fame_ik_eval.yaml --headless --duration 28.0
[bridge] [bridge] PUSH_BLOCK_MASS override: 0.5000 -> 100.0000 kg (inertia x200.000)
[bridge] [bridge] scene=h1_2_table.xml headless=True low_state=rt/lowstate low_cmd_in=rt/lowcmd
[bridge] [bridge] warmup: holding sim frozen up to 3.00s or until first FAME leg cmd lands
[bridge] [bridge] warmup done (first leg cmd at t+0.03s); stepping physics now
[orchestrator] starting fame: /home/niraj/isaac_gym_projects/h12_adaptive_policy/.venv/bin/python -m h12_fame_ik_runner.fame_dds_runner --config /home/niraj/isaac_gym_projects/h12_fame_manipulation/configs/h1_2_fame_ik_eval.yaml
[fame] [fame] loaded encoder /home/niraj/isaac_gym_projects/h12_fame_manipulation/h12_fame_ik_runner/ckpts/handless/encoder_3999.pt
[fame] [fame] low_state=rt/lowstate low_cmd_out=rt/safety/lowcmd_lower_in decim=10 pub_hz=500.0
[orchestrator] starting ik: /home/niraj/isaac_gym_projects/h12_adaptive_policy/.venv/bin/python -m h12_fame_ik_runner.ik_dds_driver --config /home/niraj/isaac_gym_projects/h12_fame_manipulation/configs/h1_2_fame_ik_eval.yaml
[ik] [ik] urdf=h1_2_handless.urdf controller_config=sim_split_controller.yaml
[ik] StateSubscriber initialized.
[ik] LowCmdPublisher initialized.
[ik] All joints are locked in the initial position.
[ik] [ik] batch mode; goals=['q_reduced[14]', 'q_reduced[14]', 'q_reduced[14]', 'q_reduced[14]']
[ik] [ik] goal=q_reduced[14] for 6.0s  q=[-0.2,-0.3, 0. , 0.3, 0. , 0. , 0. ,-0.2, 0.3, 0. , 0.3, 0. , 0. , 0. ]
[bridge] [bridge] weld_block_right activated at t=10.000s  relpos=[0.06, -0.145, 0.012]  relquat=[0.707, 0.125, -0.667, 0.2]
[bridge] [bridge] weld_block_left activated at t=10.000s  relpos=[-0.06, 0.145, -0.012]  relquat=[0.712, 0.094, -0.69, 0.089]
[ik] [ik] goal=q_reduced[14] for 5.0s  q=[-0.85,-0.3 , 0.  , 0.3 , 0.  , 0.  , 0.  ,-0.85, 0.3 , 0.  , 0.3 , 0.  ,
[ik]   0.  , 0.  ]
[ik] [ik] goal=q_reduced[14] for 5.0s  q=[-0.85,-0.3 ,-0.55, 0.3 , 0.  , 0.  , 0.  ,-0.85, 0.3 ,-0.55, 0.3 , 0.  ,
[ik]   0.  , 0.  ]
[bridge] [bridge] summary:
[bridge]   elapsed_s=28.00
[bridge]   low_cmd_msgs_received=10654 (first at t+0.03s)
[bridge]   base_xyz=[-0.8001651794488912, -0.19546135487437208, 0.07233735010834479]
[bridge]   q_des[0:12]=[-0.11604498326778412, -0.09772109240293503, 0.3060654401779175, 0.4757167398929596, -0.7973340153694153, 0.09066662192344666, 0.004172861576080322, -0.259525328874588, 0.13905255496501923, 0.5854429006576538, 0.37433284521102905, 0.16179899871349335]
[bridge]   q_now[0:12]=[-0.10940200607745407, -0.15008027007775365, 0.31228171255481874, 0.4257268630772819, -0.8577887980612113, 0.09976815202062887, 0.05551184778638515, -0.34625774281829885, 0.13850351005541597, 0.53837825028855, 0.38800191945457757, 0.12917514788848852]
[bridge]   q_des[13:20]=[-0.8901451826095581, -0.26860323548316956, -0.5345134139060974, 0.2737937867641449, -3.4742639400064945e-05, -0.004656813573092222, 0.0015646914253011346]  # left arm
[bridge]   q_now[13:20]=[0.08481513695588731, -0.08453252053387592, -0.41423299624320525, 1.0342484689497584, -0.31413528691180764, -0.3061201407957592, 0.164702318329739]
[bridge]   q_des[20:27]=[-0.8140930533409119, 0.2561175525188446, -0.5652536153793335, 0.3118966817855835, -5.943691576248966e-05, 0.0, 0.0]  # right arm
[bridge]   q_now[20:27]=[0.09390867843774661, 0.116688749170483, -0.3822757598423745, 1.0235160270627148, -0.2719695845789721, -0.2598171102779594, 0.16040821382875178]
[orchestrator] bridge exited with code 0
[orchestrator] sending SIGINT to safety (pgid=1715937)
[orchestrator] sending SIGINT to fame (pgid=1716665)
[orchestrator] sending SIGINT to ik (pgid=1717592)
[ik] [ik] interrupted, shutting down
[ik] StateSubscriber shutdown
[ik] RobotModel shutdown
[fame] [fame] interrupted, shutting down
[ik] LowCmdPublisher shutdown.
[safety] {"event": "relay_started", "mode": "split_mode"}
[safety] KeyboardInterrupt received, stopping safety layer...
[safety] [Reader] take sample error
[safety] {"event": "relay_stopped"}
[orchestrator] done
