[orchestrator] starting safety: /home/niraj/isaac_gym_projects/h12_adaptive_policy/.venv/bin/python /home/niraj/isaac_gym_projects/h12_safety_layer/h12_safety_layer/script/safety_layer_main.py --config /home/niraj/isaac_gym_projects/h12_fame_manipulation/configs/sim_safety_split.yaml
[orchestrator] starting bridge: /home/niraj/isaac_gym_projects/h12_adaptive_policy/.venv/bin/python -m h12_fame_ik_runner.mujoco_dds_bridge --config /home/niraj/isaac_gym_projects/h12_fame_manipulation/configs/h1_2_fame_ik_eval.yaml --headless --duration 28.0
[bridge] [bridge] PUSH_BLOCK_MASS override: 0.5000 -> 100.0000 kg (inertia x200.000)
[bridge] [bridge] scene=h1_2_table.xml headless=True low_state=rt/lowstate low_cmd_in=rt/lowcmd
[bridge] [bridge] warmup: holding sim frozen up to 3.00s or until first FAME leg cmd lands
[orchestrator] starting fame: /home/niraj/isaac_gym_projects/h12_adaptive_policy/.venv/bin/python -m h12_fame_ik_runner.fame_dds_runner --config /home/niraj/isaac_gym_projects/h12_fame_manipulation/configs/h1_2_fame_ik_eval.yaml
[fame] [fame] loaded encoder /home/niraj/isaac_gym_projects/h12_fame_manipulation/h12_fame_ik_runner/ckpts/handless/encoder_3999.pt
[fame] [fame] low_state=rt/lowstate low_cmd_out=rt/safety/lowcmd_lower_in decim=10 pub_hz=500.0
[bridge] [bridge] warmup done (first leg cmd at t+1.44s); stepping physics now
[orchestrator] starting ik: /home/niraj/isaac_gym_projects/h12_adaptive_policy/.venv/bin/python -m h12_fame_ik_runner.ik_dds_driver --config /home/niraj/isaac_gym_projects/h12_fame_manipulation/configs/h1_2_fame_ik_eval.yaml
[ik] [ik] urdf=h1_2_handless.urdf controller_config=sim_split_controller.yaml
[ik] StateSubscriber initialized.
[ik] LowCmdPublisher initialized.
[ik] All joints are locked in the initial position.
[ik] [ik] batch mode; goals=['q_reduced[14]', 'q_reduced[14]', 'q_reduced[14]', 'q_reduced[14]']
[ik] [ik] goal=q_reduced[14] for 6.0s  q=[-0.2,-0.3, 0. , 0.3, 0. , 0. , 0. ,-0.2, 0.3, 0. , 0.3, 0. , 0. , 0. ]
[bridge] [bridge] weld_block_right activated at t=10.000s  relpos=[0.063, -0.138, 0.029]  relquat=[0.96, 0.01, -0.116, 0.254]
[bridge] [bridge] weld_block_left activated at t=10.000s  relpos=[-0.063, 0.138, -0.029]  relquat=[0.978, -0.073, -0.104, 0.167]
[ik] [ik] goal=q_reduced[14] for 5.0s  q=[-0.85,-0.3 , 0.  , 0.3 , 0.  , 0.  , 0.  ,-0.85, 0.3 , 0.  , 0.3 , 0.  ,
[ik]   0.  , 0.  ]
[ik] [ik] goal=q_reduced[14] for 5.0s  q=[-0.85,-0.3 ,-0.55, 0.3 , 0.  , 0.  , 0.  ,-0.85, 0.3 ,-0.55, 0.3 , 0.  ,
[ik]   0.  , 0.  ]
[ik] [ik] goal=q_reduced[14] for 8.0s  q=[-0.2 ,-0.3 ,-0.55, 0.3 , 0.  , 0.  , 0.  ,-0.2 , 0.3 ,-0.55, 0.3 , 0.  ,
[ik]   0.  , 0.  ]
[bridge] [bridge] summary:
[bridge]   elapsed_s=28.00
[bridge]   low_cmd_msgs_received=10448 (first at t+0.00s)
[bridge]   base_xyz=[0.01600943092459868, 0.08168980354437741, 0.8526514525371067]
[bridge]   q_des[0:12]=[-0.33000001311302185, -0.294493705034256, 0.12480344623327255, 0.9393966197967529, -0.1822374314069748, -0.16179899871349335, -0.33000001311302185, -0.12366960942745209, -0.10231220722198486, 0.8439833521842957, -0.2144279181957245, 0.16179899871349335]
[bridge]   q_now[0:12]=[-0.430491163303301, -0.254701434897667, 0.39812387171407304, 1.209517970635653, -0.6387739169731832, -0.2645611292521967, -0.2468496628924544, -0.027926155834368572, -0.3990717197158846, 0.9417273116637893, -0.6086723828681787, 0.26255510843527763]
[bridge]   q_des[13:20]=[-0.2691347002983093, -0.14530515670776367, -0.5470045208930969, 0.30000001192092896, 0.0, 0.0, 0.0]  # left arm
[bridge]   q_now[13:20]=[-0.2450685898269935, -0.048328457564987375, -0.3891425510744834, 0.4961170912141819, -0.11891638639355352, -0.20902332553347353, 0.2936289349317484]
[bridge]   q_des[20:27]=[-0.2638767659664154, 0.16350187361240387, -0.5532843470573425, 0.30000001192092896, 0.0, 0.0, 0.0]  # right arm
[bridge]   q_now[20:27]=[-0.16729337546170406, 0.11225921255538608, -0.27268114711887764, 0.33043518733960214, -0.018786094889880967, -0.17809491171571554, 0.23159969327344945]
[orchestrator] bridge exited with code 0
[orchestrator] sending SIGINT to safety (pgid=1729167)
[orchestrator] sending SIGINT to fame (pgid=1729262)
[orchestrator] sending SIGINT to ik (pgid=1729778)
[ik] [ik] interrupted, shutting down
[ik] StateSubscriber shutdown
[ik] RobotModel shutdown
[fame] [fame] interrupted, shutting down
[ik] LowCmdPublisher shutdown.
[safety] {"event": "relay_started", "mode": "split_mode"}
[safety] KeyboardInterrupt received, stopping safety layer...
[safety] {"event": "relay_stopped"}
[orchestrator] done
