[orchestrator] starting safety: /home/niraj/isaac_gym_projects/h12_adaptive_policy/.venv/bin/python /home/niraj/isaac_gym_projects/h12_safety_layer/h12_safety_layer/script/safety_layer_main.py --config /home/niraj/isaac_gym_projects/h12_fame_manipulation/configs/sim_safety_split.yaml
[orchestrator] starting bridge: /home/niraj/isaac_gym_projects/h12_adaptive_policy/.venv/bin/python -m h12_fame_ik_runner.mujoco_dds_bridge --config /home/niraj/isaac_gym_projects/h12_fame_manipulation/configs/h1_2_fame_ik_eval.yaml --headless --duration 28.0
[bridge] [bridge] PUSH_BLOCK_MASS override: 0.5000 -> 100.0000 kg (inertia x200.000)
[bridge] [bridge] scene=h1_2_table.xml headless=True low_state=rt/lowstate low_cmd_in=rt/lowcmd
[bridge] [bridge] warmup: holding sim frozen up to 3.00s or until first FAME leg cmd lands
[orchestrator] starting fame: /home/niraj/isaac_gym_projects/h12_adaptive_policy/.venv/bin/python -m h12_fame_ik_runner.fame_dds_runner --config /home/niraj/isaac_gym_projects/h12_fame_manipulation/configs/h1_2_fame_ik_eval.yaml
[fame] [fame] loaded encoder /home/niraj/isaac_gym_projects/h12_fame_manipulation/h12_fame_ik_runner/ckpts/handless/encoder_3999.pt
[fame] [fame] low_state=rt/lowstate low_cmd_out=rt/safety/lowcmd_lower_in decim=10 pub_hz=500.0
[bridge] [bridge] warmup done (first leg cmd at t+1.46s); stepping physics now
[orchestrator] starting ik: /home/niraj/isaac_gym_projects/h12_adaptive_policy/.venv/bin/python -m h12_fame_ik_runner.ik_dds_driver --config /home/niraj/isaac_gym_projects/h12_fame_manipulation/configs/h1_2_fame_ik_eval.yaml
[ik] [ik] urdf=h1_2_handless.urdf controller_config=sim_split_controller.yaml
[ik] StateSubscriber initialized.
[ik] LowCmdPublisher initialized.
[ik] All joints are locked in the initial position.
[ik] [ik] batch mode; goals=['q_reduced[14]', 'q_reduced[14]', 'q_reduced[14]', 'q_reduced[14]']
[ik] [ik] goal=q_reduced[14] for 6.0s  q=[-0.2,-0.3, 0. , 0.3, 0. , 0. , 0. ,-0.2, 0.3, 0. , 0.3, 0. , 0. , 0. ]
[bridge] [bridge] weld_block_right activated at t=10.000s  relpos=[0.052, -0.141, 0.031]  relquat=[0.947, -0.021, -0.207, 0.247]
[bridge] [bridge] weld_block_left activated at t=10.000s  relpos=[-0.052, 0.141, -0.031]  relquat=[0.959, -0.092, -0.223, 0.15]
[ik] [ik] goal=q_reduced[14] for 5.0s  q=[-0.85,-0.3 , 0.  , 0.3 , 0.  , 0.  , 0.  ,-0.85, 0.3 , 0.  , 0.3 , 0.  ,
[ik]   0.  , 0.  ]
[ik] [ik] goal=q_reduced[14] for 5.0s  q=[-0.85,-0.3 ,-0.55, 0.3 , 0.  , 0.  , 0.  ,-0.85, 0.3 ,-0.55, 0.3 , 0.  ,
[ik]   0.  , 0.  ]
[ik] [ik] goal=q_reduced[14] for 8.0s  q=[-0.2 ,-0.3 ,-0.55, 0.3 , 0.  , 0.  , 0.  ,-0.2 , 0.3 ,-0.55, 0.3 , 0.  ,
[ik]   0.  , 0.  ]
[bridge] [bridge] summary:
[bridge]   elapsed_s=28.00
[bridge]   low_cmd_msgs_received=13273 (first at t+0.00s)
[bridge]   base_xyz=[-0.2041172242511951, 0.2187831677119377, 0.5729702585862632]
[bridge]   q_des[0:12]=[-0.33000001311302185, -0.12563925981521606, 0.20296335220336914, 1.3426876068115234, -0.42674702405929565, -0.08363910764455795, -0.33000001311302185, 0.44669845700263977, -0.18128865957260132, 1.0028125047683716, -0.21492673456668854, 0.16179899871349335]
[bridge]   q_now[0:12]=[-0.4376970005696476, 0.0016823931949224052, 0.36101823375182424, 1.919507469542814, -0.6424717453540879, -0.1659457947854676, -0.027542329290475103, 0.5680659793032377, -0.4556649854738458, 1.1846140467872708, -0.35582108944525753, 0.26293696213594436]
[bridge]   q_des[13:20]=[-0.7301451563835144, -0.2302968055009842, -0.5496654510498047, 0.30000001192092896, -0.0, -0.0, 0.0]  # left arm
[bridge]   q_now[13:20]=[-0.08660966158730485, -0.06783113571119238, -0.26284693706239354, 0.9899660494374725, -0.09711206710585571, 0.2374318482813725, 0.12793665497695755]
[bridge]   q_des[20:27]=[-0.6540932059288025, 0.22110508382320404, -0.55052649974823, 0.30000001192092896, -0.0, 0.0, 0.0]  # right arm
[bridge]   q_now[20:27]=[-0.11104313490462599, 0.11045488634160694, -0.3245608323464903, 1.3782997488959992, 0.01431631662497466, -0.14994117694310824, 0.10182397007223133]
[orchestrator] bridge exited with code 0
[orchestrator] sending SIGINT to safety (pgid=1704949)
[orchestrator] sending SIGINT to fame (pgid=1705046)
[orchestrator] sending SIGINT to ik (pgid=1705558)
[ik] [ik] interrupted, shutting down
[ik] StateSubscriber shutdown
[ik] RobotModel shutdown
[ik] LowCmdPublisher shutdown.
[safety] {"event": "relay_started", "mode": "split_mode"}
[safety] KeyboardInterrupt received, stopping safety layer...
[safety] {"event": "relay_stopped"}
[fame] [fame] interrupted, shutting down
[orchestrator] done
