[orchestrator] starting safety: /home/niraj/isaac_gym_projects/h12_adaptive_policy/.venv/bin/python /home/niraj/isaac_gym_projects/h12_safety_layer/h12_safety_layer/script/safety_layer_main.py --config /home/niraj/isaac_gym_projects/h12_fame_manipulation/configs/sim_safety_split.yaml
[orchestrator] starting bridge: /home/niraj/isaac_gym_projects/h12_adaptive_policy/.venv/bin/python -m h12_fame_ik_runner.mujoco_dds_bridge --config /home/niraj/isaac_gym_projects/h12_fame_manipulation/configs/h1_2_fame_ik_eval.yaml --headless --duration 28.0
[bridge] [bridge] PUSH_BLOCK_MASS override: 0.5000 -> 20.0000 kg (inertia x40.000)
[bridge] [bridge] scene=h1_2_table.xml headless=True low_state=rt/lowstate low_cmd_in=rt/lowcmd
[bridge] [bridge] warmup: holding sim frozen up to 3.00s or until first FAME leg cmd lands
[orchestrator] starting fame: /home/niraj/isaac_gym_projects/h12_adaptive_policy/.venv/bin/python -m h12_fame_ik_runner.fame_dds_runner --config /home/niraj/isaac_gym_projects/h12_fame_manipulation/configs/h1_2_fame_ik_eval.yaml
[fame] [fame] loaded encoder /home/niraj/isaac_gym_projects/h12_fame_manipulation/h12_fame_ik_runner/ckpts/handless/encoder_3999.pt
[fame] [fame] low_state=rt/lowstate low_cmd_out=rt/safety/lowcmd_lower_in decim=10 pub_hz=500.0
[bridge] [bridge] warmup done (first leg cmd at t+1.33s); stepping physics now
[orchestrator] starting ik: /home/niraj/isaac_gym_projects/h12_adaptive_policy/.venv/bin/python -m h12_fame_ik_runner.ik_dds_driver --config /home/niraj/isaac_gym_projects/h12_fame_manipulation/configs/h1_2_fame_ik_eval.yaml
[ik] [ik] urdf=h1_2_handless.urdf controller_config=sim_split_controller.yaml
[ik] StateSubscriber initialized.
[ik] LowCmdPublisher initialized.
[ik] All joints are locked in the initial position.
[ik] [ik] batch mode; goals=['q_reduced[14]', 'q_reduced[14]', 'q_reduced[14]', 'q_reduced[14]']
[ik] [ik] goal=q_reduced[14] for 6.0s  q=[-0.2,-0.3, 0. , 0.3, 0. , 0. , 0. ,-0.2, 0.3, 0. , 0.3, 0. , 0. , 0. ]
[bridge] [bridge] weld_block_right activated at t=10.000s  relpos=[0.063, -0.138, 0.032]  relquat=[0.959, 0.003, -0.122, 0.257]
[bridge] [bridge] weld_block_left activated at t=10.000s  relpos=[-0.063, 0.138, -0.032]  relquat=[0.976, -0.08, -0.109, 0.17]
[ik] [ik] goal=q_reduced[14] for 5.0s  q=[-0.85,-0.3 , 0.  , 0.3 , 0.  , 0.  , 0.  ,-0.85, 0.3 , 0.  , 0.3 , 0.  ,
[ik]   0.  , 0.  ]
[ik] [ik] goal=q_reduced[14] for 5.0s  q=[-0.85,-0.3 ,-0.55, 0.3 , 0.  , 0.  , 0.  ,-0.85, 0.3 ,-0.55, 0.3 , 0.  ,
[ik]   0.  , 0.  ]
[ik] [ik] goal=q_reduced[14] for 8.0s  q=[-0.2 ,-0.3 ,-0.55, 0.3 , 0.  , 0.  , 0.  ,-0.2 , 0.3 ,-0.55, 0.3 , 0.  ,
[ik]   0.  , 0.  ]
[bridge] [bridge] summary:
[bridge]   elapsed_s=28.00
[bridge]   low_cmd_msgs_received=10129 (first at t+0.00s)
[bridge]   base_xyz=[0.028660764928848347, 0.057024591200411014, 0.8823428816920909]
[bridge]   q_des[0:12]=[-0.33000001311302185, -0.24489188194274902, 0.11056634783744812, 0.9016033411026001, 0.013867601752281189, -0.16179899871349335, -0.33000001311302185, -0.17258481681346893, -0.07179026305675507, 0.7856425046920776, -0.09846244007349014, 0.16179899871349335]
[bridge]   q_now[0:12]=[-0.40652241709955944, -0.31042113965420093, 0.39948113687494197, 1.0606016101324605, -0.5210877231416013, -0.2641521128741256, -0.2885359804930716, -0.0812358094979463, -0.3717823276264618, 0.8811278432249099, -0.5856276278022321, 0.2627077443481493]
[bridge]   q_des[13:20]=[-0.2691342532634735, -0.14530619978904724, -0.5470045208930969, 0.30000001192092896, 0.0, 0.0, 0.0]  # left arm
[bridge]   q_now[13:20]=[-0.2818752037236565, -0.059579425904560085, -0.37914330525851964, 0.474898456648818, -0.13421811264266267, 0.0311098878539819, 0.2933181075996841]
[bridge]   q_des[20:27]=[-0.26387670636177063, 0.16350194811820984, -0.5532843470573425, 0.30000001192092896, 0.0, 0.0, 0.0]  # right arm
[bridge]   q_now[20:27]=[-0.20970239192491552, 0.11263892347579076, -0.34095428478663253, 0.38110180463030263, -0.019661507426873132, -0.013065079276333769, 0.23704936996960926]
[orchestrator] bridge exited with code 0
[orchestrator] sending SIGINT to safety (pgid=1652714)
[orchestrator] sending SIGINT to fame (pgid=1652808)
[orchestrator] sending SIGINT to ik (pgid=1653408)
[ik] [ik] interrupted, shutting down
[ik] StateSubscriber shutdown
[ik] RobotModel shutdown
[fame] [fame] interrupted, shutting down
[ik] LowCmdPublisher shutdown.
[safety] {"event": "relay_started", "mode": "split_mode"}
[safety] KeyboardInterrupt received, stopping safety layer...
[safety] [Reader] take sample error
[safety] {"event": "relay_stopped"}
[orchestrator] done
