[orchestrator] starting safety: /home/niraj/isaac_gym_projects/h12_adaptive_policy/.venv/bin/python /home/niraj/isaac_gym_projects/h12_safety_layer/h12_safety_layer/script/safety_layer_main.py --config /home/niraj/isaac_gym_projects/h12_fame_manipulation/configs/sim_safety_split.yaml
[orchestrator] starting bridge: /home/niraj/isaac_gym_projects/h12_adaptive_policy/.venv/bin/python -m h12_fame_ik_runner.mujoco_dds_bridge --config /home/niraj/isaac_gym_projects/h12_fame_manipulation/configs/h1_2_fame_ik_eval.yaml --headless --duration 10.0
[bridge] [bridge] PUSH_BLOCK_MASS override: 0.5000 -> 5.0000 kg (inertia x10.000)
[bridge] [bridge] scene=h1_2_table.xml headless=True low_state=rt/lowstate low_cmd_in=rt/lowcmd
[bridge] [bridge] warmup: holding sim frozen up to 3.00s or until first FAME leg cmd lands
[orchestrator] starting fame: /home/niraj/isaac_gym_projects/h12_adaptive_policy/.venv/bin/python -m h12_fame_ik_runner.fame_dds_runner --config /home/niraj/isaac_gym_projects/h12_fame_manipulation/configs/h1_2_fame_ik_eval.yaml
[fame] [fame] loaded encoder /home/niraj/isaac_gym_projects/h12_fame_manipulation/h12_fame_ik_runner/ckpts/handless/encoder_3999.pt
[fame] [fame] low_state=rt/lowstate low_cmd_out=rt/safety/lowcmd_lower_in decim=10 pub_hz=500.0
[bridge] [bridge] warmup done (first leg cmd at t+1.38s); stepping physics now
[orchestrator] starting ik: /home/niraj/isaac_gym_projects/h12_adaptive_policy/.venv/bin/python -m h12_fame_ik_runner.ik_dds_driver --config /home/niraj/isaac_gym_projects/h12_fame_manipulation/configs/h1_2_fame_ik_eval.yaml
[ik] [ik] urdf=h1_2_handless.urdf controller_config=sim_split_controller.yaml
[ik] StateSubscriber initialized.
[ik] LowCmdPublisher initialized.
[ik] All joints are locked in the initial position.
[ik] [ik] batch mode; goals=['q_reduced[14]', 'frame_delta:right']
[ik] [ik] goal=q_reduced[14] for 1.5s  q=[0. ,0. ,0. ,0. ,0. ,0. ,0. ,0. ,0. ,0. ,0.3,0. ,0. ,0. ]
[bridge] [bridge] summary:
[bridge]   elapsed_s=10.00
[bridge]   low_cmd_msgs_received=4312 (first at t+0.00s)
[bridge]   base_xyz=[0.018652000693097914, 0.035314301756976876, 0.872513992001163]
[bridge]   q_des[0:12]=[-0.33000001311302185, -0.30216094851493835, 0.3064805865287781, 0.9519240260124207, -0.37750545144081116, -0.16179899871349335, -0.33000001311302185, -0.1838141530752182, -0.2754571735858917, 0.8466763496398926, -0.4306504726409912, 0.16179899871349335]
[bridge]   q_now[0:12]=[-0.345083702412277, -0.26961720686414253, 0.3138270937231263, 1.161700711062935, -0.5820457372677463, -0.26398852279740204, -0.3366800265681278, -0.07190857478717198, -0.2890193327689926, 1.0470518297238618, -0.674796764503091, 0.2629620247836052]
[bridge]   q_des[13:20]=[0.0, 0.0, 0.0, 0.0, 0.0, 0.0, 0.0]  # left arm
[bridge]   q_now[13:20]=[0.005015084159385243, 0.002436186527362837, 0.0005090449245510383, 0.0028516579791194323, 3.17073789286835e-05, 0.0003080031145301337, 6.647860594342894e-06]
[bridge]   q_des[20:27]=[0.0, 0.0, -0.0, 0.30000001192092896, -0.0, 0.0, 0.0]  # right arm
[bridge]   q_now[20:27]=[0.004874644988804933, 0.003688684981450917, 0.0018043181871685336, 0.2955802690637317, -0.0001423554734646382, -0.0007915122147354055, 6.501295882365553e-06]
[orchestrator] bridge exited with code 0
[orchestrator] sending SIGINT to safety (pgid=915835)
[orchestrator] sending SIGINT to fame (pgid=915928)
[orchestrator] sending SIGINT to ik (pgid=916454)
[ik] [ik] interrupted, shutting down
[ik] StateSubscriber shutdown
[ik] RobotModel shutdown
[fame] [fame] interrupted, shutting down
[ik] LowCmdPublisher shutdown.
[safety] {"event": "relay_started", "mode": "split_mode"}
[safety] KeyboardInterrupt received, stopping safety layer...
[safety] [Reader] take sample error
[safety] [Reader] take sample error
[safety] {"event": "relay_stopped"}
[orchestrator] done
