[orchestrator] starting safety: /home/niraj/isaac_gym_projects/h12_adaptive_policy/.venv/bin/python /home/niraj/isaac_gym_projects/h12_safety_layer/h12_safety_layer/script/safety_layer_main.py --config /home/niraj/isaac_gym_projects/h12_fame_manipulation/configs/sim_safety_split.yaml
[orchestrator] starting bridge: /home/niraj/isaac_gym_projects/h12_adaptive_policy/.venv/bin/python -m h12_fame_ik_runner.mujoco_dds_bridge --config /home/niraj/isaac_gym_projects/h12_fame_manipulation/configs/h1_2_fame_ik_eval.yaml --headless --duration 10.0
[bridge] [bridge] PUSH_BLOCK_MASS override: 0.5000 -> 5.0000 kg (inertia x10.000)
[bridge] [bridge] scene=h1_2_table.xml headless=True low_state=rt/lowstate low_cmd_in=rt/lowcmd
[bridge] [bridge] warmup: holding sim frozen up to 3.00s or until first FAME leg cmd lands
[orchestrator] starting fame: /home/niraj/isaac_gym_projects/h12_adaptive_policy/.venv/bin/python -m h12_fame_ik_runner.fame_dds_runner --config /home/niraj/isaac_gym_projects/h12_fame_manipulation/configs/h1_2_fame_ik_eval.yaml
[fame] [fame] loaded encoder /home/niraj/isaac_gym_projects/h12_fame_manipulation/h12_fame_ik_runner/ckpts/handless/encoder_3999.pt
[fame] [fame] low_state=rt/lowstate low_cmd_out=rt/safety/lowcmd_lower_in decim=10 pub_hz=500.0
[bridge] [bridge] warmup done (first leg cmd at t+1.41s); stepping physics now
[orchestrator] starting ik: /home/niraj/isaac_gym_projects/h12_adaptive_policy/.venv/bin/python -m h12_fame_ik_runner.ik_dds_driver --config /home/niraj/isaac_gym_projects/h12_fame_manipulation/configs/h1_2_fame_ik_eval.yaml
[ik] [ik] urdf=h1_2_handless.urdf controller_config=sim_split_controller.yaml
[ik] StateSubscriber initialized.
[ik] LowCmdPublisher initialized.
[ik] All joints are locked in the initial position.
[ik] [ik] batch mode; goals=['q_reduced[14]', 'frame_delta:right']
[ik] [ik] goal=q_reduced[14] for 1.5s  q=[0. ,0. ,0. ,0. ,0. ,0. ,0. ,0. ,0. ,0. ,0.3,0. ,0. ,0. ]
[bridge] [bridge] summary:
[bridge]   elapsed_s=10.00
[bridge]   low_cmd_msgs_received=4380 (first at t+0.00s)
[bridge]   base_xyz=[0.020358695248069568, 0.035789093385698474, 0.8730770054181527]
[bridge]   q_des[0:12]=[-0.33000001311302185, -0.3053160011768341, 0.3105110228061676, 0.951322078704834, -0.35923051834106445, -0.16179899871349335, -0.33000001311302185, -0.18410331010818481, -0.2812502682209015, 0.8489370346069336, -0.41328173875808716, 0.16179899871349335]
[bridge]   q_now[0:12]=[-0.3446550681570888, -0.27225527634562247, 0.3129513101926843, 1.1594329241138632, -0.58166436001874, -0.2639988392769788, -0.33614240440447785, -0.07480745778205432, -0.2892908061719389, 1.0452923046723346, -0.6747248646121807, 0.2629768345107649]
[bridge]   q_des[13:20]=[0.0, 0.0, 0.0, 0.0, 0.0, 0.0, 0.0]  # left arm
[bridge]   q_now[13:20]=[0.00356547301285681, 0.0020268271799616495, 0.00044496791044867164, 0.00258594293529788, 2.9785164687989923e-05, 0.0002900773895701976, 6.027077112198859e-06]
[bridge]   q_des[20:27]=[0.0, 0.0, -0.0, 0.30000001192092896, -0.0, 0.0, 0.0]  # right arm
[bridge]   q_now[20:27]=[0.004840930278246296, 0.005975308033225462, 0.002539051005461208, 0.2926888954718956, -0.00014785768304966085, -0.0016179871643341788, 5.711570562894352e-06]
[ik] [ik] PUSH_DELTA_X override: delta_x 0.250 -> 0.250
[ik] [ik] goal=frame_delta:right_wrist_yaw_link  current=(+0.257,-0.121,+0.104)  delta=(+0.250,+0.000,+0.000)  target=(+0.507,-0.121,+0.104)  max=5.0s
[ik] [ik] driving frame_task on right_wrist_yaw_link; xyz=(+0.507,-0.121,+0.104) rpy_deg=(-4.9,+1.7,+19.0) timeout=5.0s
[ik] [ik]   linear=0.3044 m  angular=0.4049 rad
[orchestrator] bridge exited with code 0
[orchestrator] sending SIGINT to safety (pgid=911387)
[orchestrator] sending SIGINT to fame (pgid=911480)
[orchestrator] sending SIGINT to ik (pgid=912006)
[ik] [ik] interrupted, shutting down
[ik] StateSubscriber shutdown
[ik] RobotModel shutdown
[fame] [fame] interrupted, shutting down
[ik] LowCmdPublisher shutdown.
[safety] {"event": "relay_started", "mode": "split_mode"}
[safety] KeyboardInterrupt received, stopping safety layer...
[safety] {"event": "relay_stopped"}
[orchestrator] done
