[orchestrator] starting safety: /home/niraj/isaac_gym_projects/h12_adaptive_policy/.venv/bin/python /home/niraj/isaac_gym_projects/h12_safety_layer/h12_safety_layer/script/safety_layer_main.py --config /home/niraj/isaac_gym_projects/h12_fame_manipulation/configs/sim_safety_split.yaml
[orchestrator] starting bridge: /home/niraj/isaac_gym_projects/h12_adaptive_policy/.venv/bin/python -m h12_fame_ik_runner.mujoco_dds_bridge --config /home/niraj/isaac_gym_projects/h12_fame_manipulation/configs/h1_2_fame_ik_eval.yaml --headless --duration 35.0
[bridge] [bridge] PUSH_BLOCK_MASS override: 0.5000 -> 0.5000 kg (inertia x1.000)
[bridge] [bridge] scene=h1_2_table.xml headless=True low_state=rt/lowstate low_cmd_in=rt/lowcmd
[bridge] [bridge] warmup: holding sim frozen up to 6.00s or until first FAME leg cmd lands
[bridge] [bridge] warmup done (first leg cmd at t+0.00s); stepping physics now
[orchestrator] starting fame: /home/niraj/isaac_gym_projects/h12_adaptive_policy/.venv/bin/python -m h12_fame_ik_runner.fame_dds_runner --config /home/niraj/isaac_gym_projects/h12_fame_manipulation/configs/h1_2_fame_ik_eval.yaml
[fame] [fame] loaded encoder /home/niraj/isaac_gym_projects/h12_fame_manipulation/h12_fame_ik_runner/ckpts/handless/encoder_3999.pt
[fame] [fame] low_state=rt/lowstate low_cmd_out=rt/safety/lowcmd_lower_in decim=10 pub_hz=500.0
[orchestrator] starting ik: /home/niraj/isaac_gym_projects/h12_adaptive_policy/.venv/bin/python -m h12_fame_ik_runner.ik_dds_driver --config /home/niraj/isaac_gym_projects/h12_fame_manipulation/configs/h1_2_fame_ik_eval.yaml
[ik] [ik] urdf=h1_2_handless.urdf controller_config=sim_split_controller.yaml
[ik] StateSubscriber initialized.
[ik] LowCmdPublisher initialized.
[ik] All joints are locked in the initial position.
[ik] [ik] batch mode; goals=['named:home', 'frame_delta:right', 'named:home']
[ik] [ik] goal=named:home for 5.0s
[ik] [ik] goal=frame_delta:right_wrist_yaw_link  current=(+0.338,-0.181,+0.119)  delta=(+0.250,+0.000,+0.000)  target=(+0.588,-0.181,+0.119)  max=15.0s
[ik] [ik] driving frame_task on right_wrist_yaw_link; xyz=(+0.588,-0.181,+0.119) rpy_deg=(-12.7,-5.4,+1.7) timeout=15.0s
[ik] [ik]   linear=0.2987 m  angular=0.2766 rad
[ik] [ik]   linear=0.2604 m  angular=0.0725 rad
[ik] [ik]   linear=0.2251 m  angular=0.0050 rad
[ik] [ik]   linear=0.1924 m  angular=0.0062 rad
[ik] [ik]   linear=0.1752 m  angular=0.0070 rad
[ik] [ik]   linear=0.1612 m  angular=0.0063 rad
[ik] [ik]   linear=0.1508 m  angular=0.0058 rad
[ik] [ik]   linear=0.1390 m  angular=0.0053 rad
[ik] [ik]   linear=0.1285 m  angular=0.0048 rad
[ik] [ik]   linear=0.1200 m  angular=0.0044 rad
[ik] [ik]   linear=0.1156 m  angular=0.0042 rad
[ik] [ik]   linear=0.1118 m  angular=0.0083 rad
[ik] [ik]   linear=0.1118 m  angular=0.0097 rad
[ik] [ik]   linear=0.1118 m  angular=0.0097 rad
[ik] [ik]   linear=0.1118 m  angular=0.0096 rad
[ik] [ik]   linear=0.1118 m  angular=0.0096 rad
[ik] [ik]   linear=0.1118 m  angular=0.0096 rad
[ik] [ik]   linear=0.1118 m  angular=0.0096 rad
[ik] [ik]   linear=0.1118 m  angular=0.0096 rad
[ik] [ik]   linear=0.1118 m  angular=0.0096 rad
[ik] [ik]   linear=0.1118 m  angular=0.0096 rad
[ik] [ik]   linear=0.1118 m  angular=0.0096 rad
[ik] [ik]   linear=0.1118 m  angular=0.0096 rad
[ik] [ik]   linear=0.1118 m  angular=0.0096 rad
[ik] [ik]   linear=0.1118 m  angular=0.0096 rad
[ik] [ik]   linear=0.1118 m  angular=0.0096 rad
[ik] [ik]   linear=0.1118 m  angular=0.0096 rad
[ik] [ik]   linear=0.1118 m  angular=0.0096 rad
[ik] [ik]   linear=0.1118 m  angular=0.0096 rad
[ik] [ik]   linear=0.1118 m  angular=0.0096 rad
[ik] [ik] goal=named:home for 8.0s
[bridge] [bridge] summary:
[bridge]   elapsed_s=35.00
[bridge]   low_cmd_msgs_received=16183 (first at t+0.00s)
[bridge]   base_xyz=[-0.8204467954455723, 0.1604337667858027, 0.0727865468773969]
[bridge]   q_des[0:12]=[-0.10513941943645477, 0.25432273745536804, -0.10372741520404816, 0.3686226010322571, 0.21894215047359467, -0.16179899871349335, -0.16307540237903595, -0.26457104086875916, -0.1976097971200943, 0.1481957733631134, -0.7973340153694153, -0.018720081076025963]
[bridge]   q_now[0:12]=[-0.08548841598321233, -0.13333001222763374, -0.035790382362656435, 0.2061101524462855, 0.17028819394380795, -0.19019172856737487, -0.16403864793049225, -0.09917495089416364, -0.2281880541232291, 0.17236776026249806, -0.7974433614387005, -0.022169958894048276]
[bridge]   q_des[13:20]=[0.0, 0.0, 0.0, 0.0, 0.0, 0.0, 0.0]  # left arm
[bridge]   q_now[13:20]=[-0.0028075145315501412, -0.003317390407116993, 0.0003382136877806655, 0.00304636521138673, 0.00400522112027042, -0.0043649290678960725, -2.556531952189306e-06]
[bridge]   q_des[20:27]=[-0.14082176983356476, 0.0, 0.0, 0.515681266784668, 0.0, -0.0, -0.0]  # right arm
[bridge]   q_now[20:27]=[-0.22586726036180876, -0.009373317453750009, 0.0008463460360415014, 0.5501728570325468, -0.008267823645041021, -0.010967800264153131, -0.00957619608417309]
[orchestrator] bridge exited with code 0
[orchestrator] sending SIGINT to safety (pgid=151095)
[orchestrator] sending SIGINT to fame (pgid=151791)
[orchestrator] sending SIGINT to ik (pgid=152706)
[ik] [ik] interrupted, shutting down
[ik] StateSubscriber shutdown
[ik] RobotModel shutdown
[ik] LowCmdPublisher shutdown.
[fame] [fame] interrupted, shutting down
[safety] {"event": "relay_started", "mode": "split_mode"}
[safety] KeyboardInterrupt received, stopping safety layer...
[safety] {"event": "relay_stopped"}
[orchestrator] done
