[orchestrator] starting safety: /home/niraj/isaac_gym_projects/h12_adaptive_policy/.venv/bin/python /home/niraj/isaac_gym_projects/h12_safety_layer/h12_safety_layer/script/safety_layer_main.py --config /home/niraj/isaac_gym_projects/h12_fame_manipulation/configs/sim_safety_split.yaml
[orchestrator] starting bridge: /home/niraj/isaac_gym_projects/h12_adaptive_policy/.venv/bin/python -m h12_fame_ik_runner.mujoco_dds_bridge --config /home/niraj/isaac_gym_projects/h12_fame_manipulation/configs/h1_2_fame_ik_eval.yaml --headless --duration 10.0
[bridge] [bridge] PUSH_BLOCK_MASS override: 0.5000 -> 5.0000 kg (inertia x10.000)
[bridge] [bridge] scene=h1_2_table.xml headless=True low_state=rt/lowstate low_cmd_in=rt/lowcmd
[bridge] [bridge] warmup: holding sim frozen up to 3.00s or until first FAME leg cmd lands
[orchestrator] starting fame: /home/niraj/isaac_gym_projects/h12_adaptive_policy/.venv/bin/python -m h12_fame_ik_runner.fame_dds_runner --config /home/niraj/isaac_gym_projects/h12_fame_manipulation/configs/h1_2_fame_ik_eval.yaml
[fame] [fame] loaded encoder /home/niraj/isaac_gym_projects/h12_fame_manipulation/h12_fame_ik_runner/ckpts/handless/encoder_3999.pt
[fame] [fame] low_state=rt/lowstate low_cmd_out=rt/safety/lowcmd_lower_in decim=10 pub_hz=500.0
[bridge] [bridge] warmup done (first leg cmd at t+1.42s); stepping physics now
[orchestrator] starting ik: /home/niraj/isaac_gym_projects/h12_adaptive_policy/.venv/bin/python -m h12_fame_ik_runner.ik_dds_driver --config /home/niraj/isaac_gym_projects/h12_fame_manipulation/configs/h1_2_fame_ik_eval.yaml
[ik] [ik] ARM_KP_MULT=4.000 : arm kp scaled
[ik]      old (13..26): [np.float32(50.0), np.float32(50.0), np.float32(50.0), np.float32(50.0), np.float32(20.0), np.float32(20.0), np.float32(20.0), np.float32(50.0), np.float32(50.0), np.float32(50.0), np.float32(50.0), np.float32(20.0), np.float32(20.0), np.float32(20.0)]
[ik]      new (13..26): [np.float32(200.0), np.float32(200.0), np.float32(200.0), np.float32(200.0), np.float32(80.0), np.float32(80.0), np.float32(80.0), np.float32(200.0), np.float32(200.0), np.float32(200.0), np.float32(200.0), np.float32(80.0), np.float32(80.0), np.float32(80.0)]
[ik] [ik] urdf=h1_2_handless.urdf controller_config=sim_split_controller.yaml
[ik] StateSubscriber initialized.
[ik] LowCmdPublisher initialized.
[ik] All joints are locked in the initial position.
[ik] [ik] batch mode; goals=['q_reduced[14]', 'frame_delta:right']
[ik] [ik] goal=q_reduced[14] for 1.5s  q=[0. ,0. ,0. ,0. ,0. ,0. ,0. ,0. ,0. ,0. ,0.3,0. ,0. ,0. ]
[bridge] [bridge] summary:
[bridge]   elapsed_s=10.00
[bridge]   low_cmd_msgs_received=4432 (first at t+0.00s)
[bridge]   base_xyz=[0.0121839340462042, 0.035178866226075925, 0.8736112170094551]
[bridge]   q_des[0:12]=[-0.33000001311302185, -0.29251089692115784, 0.296661376953125, 0.9449368119239807, -0.41761982440948486, -0.16179899871349335, -0.33000001311302185, -0.17936737835407257, -0.2623572051525116, 0.8351191282272339, -0.4671688675880432, 0.16179899871349335]
[bridge]   q_now[0:12]=[-0.3470296173116644, -0.25879386127607823, 0.31483731640316936, 1.1549094367163117, -0.5741087194817931, -0.2639532485028056, -0.3344167208353845, -0.06265793381566093, -0.2874319395822438, 1.040152723628227, -0.665316298441809, 0.2629124302490954]
[bridge]   q_des[13:20]=[0.0, 0.0, 0.0, 0.0, 0.0, 0.0, 0.0]  # left arm
[bridge]   q_now[13:20]=[-0.0005701089681702364, -0.0001110413576699415, 7.155986830392234e-05, -0.0007916982571402202, 2.5948658446142404e-05, 0.0002524536755078664, 4.959118702379994e-06]
[bridge]   q_des[20:27]=[0.0, 0.0, 0.0, 0.25574827194213867, 0.0, 0.0, 0.0]  # right arm
[bridge]   q_now[20:27]=[-8.302190774883119e-06, 0.0006056329757278455, 0.00030113306889408334, 0.2413321882653493, -0.00034887164606547873, -0.0016795655847853122, 4.944705724001956e-06]
[orchestrator] bridge exited with code 0
[orchestrator] sending SIGINT to safety (pgid=1002600)
[orchestrator] sending SIGINT to fame (pgid=1002693)
[orchestrator] sending SIGINT to ik (pgid=1003229)
[ik] [ik] interrupted, shutting down
[ik] StateSubscriber shutdown
[ik] RobotModel shutdown
[fame] [fame] interrupted, shutting down
[ik] LowCmdPublisher shutdown.
[safety] {"event": "relay_started", "mode": "split_mode"}
[safety] KeyboardInterrupt received, stopping safety layer...
[safety] {"event": "relay_stopped"}
[orchestrator] done
