[orchestrator] starting safety: /home/niraj/isaac_gym_projects/h12_adaptive_policy/.venv/bin/python /home/niraj/isaac_gym_projects/h12_safety_layer/h12_safety_layer/script/safety_layer_main.py --config /home/niraj/isaac_gym_projects/h12_fame_manipulation/configs/sim_safety_split.yaml
[orchestrator] starting bridge: /home/niraj/isaac_gym_projects/h12_adaptive_policy/.venv/bin/python -m h12_fame_ik_runner.mujoco_dds_bridge --config /home/niraj/isaac_gym_projects/h12_fame_manipulation/configs/h1_2_fame_ik_eval.yaml --headless --duration 10.0
[bridge] [bridge] PUSH_BLOCK_MASS override: 0.5000 -> 5.0000 kg (inertia x10.000)
[bridge] [bridge] scene=h1_2_table.xml headless=True low_state=rt/lowstate low_cmd_in=rt/lowcmd
[bridge] [bridge] warmup: holding sim frozen up to 3.00s or until first FAME leg cmd lands
[orchestrator] starting fame: /home/niraj/isaac_gym_projects/h12_adaptive_policy/.venv/bin/python -m h12_fame_ik_runner.fame_dds_runner --config /home/niraj/isaac_gym_projects/h12_fame_manipulation/configs/h1_2_fame_ik_eval.yaml
[fame] [fame] loaded encoder /home/niraj/isaac_gym_projects/h12_fame_manipulation/h12_fame_ik_runner/ckpts/handless/encoder_3999.pt
[fame] [fame] low_state=rt/lowstate low_cmd_out=rt/safety/lowcmd_lower_in decim=10 pub_hz=500.0
[bridge] [bridge] warmup done (first leg cmd at t+1.43s); stepping physics now
[orchestrator] starting ik: /home/niraj/isaac_gym_projects/h12_adaptive_policy/.venv/bin/python -m h12_fame_ik_runner.ik_dds_driver --config /home/niraj/isaac_gym_projects/h12_fame_manipulation/configs/h1_2_fame_ik_eval.yaml
[ik] [ik] urdf=h1_2_handless.urdf controller_config=sim_split_controller.yaml
[ik] StateSubscriber initialized.
[ik] LowCmdPublisher initialized.
[ik] All joints are locked in the initial position.
[ik] [ik] batch mode; goals=['q_reduced[14]', 'frame_delta:right']
[ik] [ik] goal=q_reduced[14] for 1.5s  q=[0. ,0. ,0. ,0. ,0. ,0. ,0. ,0. ,0. ,0. ,0.3,0. ,0. ,0. ]
[bridge] [bridge] summary:
[bridge]   elapsed_s=10.00
[bridge]   low_cmd_msgs_received=4361 (first at t+0.00s)
[bridge]   base_xyz=[0.022666096402862296, 0.03630898278969483, 0.8741405610739407]
[bridge]   q_des[0:12]=[-0.33000001311302185, -0.30444592237472534, 0.32291361689567566, 0.9497431516647339, -0.3459610939025879, -0.16179899871349335, -0.33000001311302185, -0.18813364207744598, -0.2891254127025604, 0.8468230962753296, -0.4021403193473816, 0.16179899871349335]
[bridge]   q_now[0:12]=[-0.34180135879523826, -0.2758361858802115, 0.3149597806540845, 1.1548935954071942, -0.5786527477502833, -0.264023007760381, -0.34085716281563677, -0.07988111439052262, -0.28940480722740813, 1.042862141703874, -0.6726970577812648, 0.26279555853635733]
[bridge]   q_des[13:20]=[3.77235742643478e-12, 2.8473803968363397e-16, 9.305172424546232e-17, 9.324928541598653e-16, 5.031104391449627e-18, 4.895413683766428e-17, 9.870607696842677e-19]  # left arm
[bridge]   q_now[13:20]=[0.023799071139059234, 0.0030586713918730733, 0.000655993781892609, 0.01832552222389367, 3.696087346131868e-05, 0.0003578492714310706, 7.046133733395066e-06]
[bridge]   q_des[20:27]=[4.098815471059725e-12, 2.994033563741581e-16, 7.564264284565489e-17, 0.03588389977812767, 5.553568623540676e-18, 5.495786666313336e-17, 9.523527881694255e-19]  # right arm
[bridge]   q_now[20:27]=[0.023124240092242426, 0.00416448298884614, 0.0008303582132621881, 0.02083983998877983, 4.1365908145502756e-05, 0.00038688730366274744, 7.271266849495694e-06]
[orchestrator] bridge exited with code 0
[orchestrator] sending SIGINT to safety (pgid=942820)
[orchestrator] sending SIGINT to fame (pgid=942917)
[orchestrator] sending SIGINT to ik (pgid=943453)
[ik] [ik] interrupted, shutting down
[fame] [fame] interrupted, shutting down
[ik] StateSubscriber shutdown
[ik] RobotModel shutdown
[ik] LowCmdPublisher shutdown.
[safety] {"event": "relay_started", "mode": "split_mode"}
[safety] KeyboardInterrupt received, stopping safety layer...
[safety] [Reader] take sample error
[safety] {"event": "relay_stopped"}
[orchestrator] done
