[orchestrator] starting safety: /home/niraj/isaac_gym_projects/h12_adaptive_policy/.venv/bin/python /home/niraj/isaac_gym_projects/h12_safety_layer/h12_safety_layer/script/safety_layer_main.py --config /home/niraj/isaac_gym_projects/h12_fame_manipulation/configs/sim_safety_split.yaml
[orchestrator] starting bridge: /home/niraj/isaac_gym_projects/h12_adaptive_policy/.venv/bin/python -m h12_fame_ik_runner.mujoco_dds_bridge --config /home/niraj/isaac_gym_projects/h12_fame_manipulation/configs/h1_2_fame_ik_eval.yaml --headless --duration 35.0
[bridge] [bridge] PUSH_BLOCK_MASS override: 0.5000 -> 0.5000 kg (inertia x1.000)
[bridge] [bridge] scene=h1_2_table.xml headless=True low_state=rt/lowstate low_cmd_in=rt/lowcmd
[bridge] [bridge] warmup: holding sim frozen up to 6.00s or until first FAME leg cmd lands
[orchestrator] starting fame: /home/niraj/isaac_gym_projects/h12_adaptive_policy/.venv/bin/python -m h12_fame_ik_runner.fame_dds_runner --config /home/niraj/isaac_gym_projects/h12_fame_manipulation/configs/h1_2_fame_ik_eval.yaml
[fame] [fame] loaded encoder /home/niraj/isaac_gym_projects/h12_fame_manipulation/h12_fame_ik_runner/ckpts/handless/encoder_3999.pt
[fame] [fame] low_state=rt/lowstate low_cmd_out=rt/safety/lowcmd_lower_in decim=10 pub_hz=500.0
[bridge] [bridge] warmup done (first leg cmd at t+1.38s); stepping physics now
[orchestrator] starting ik: /home/niraj/isaac_gym_projects/h12_adaptive_policy/.venv/bin/python -m h12_fame_ik_runner.ik_dds_driver --config /home/niraj/isaac_gym_projects/h12_fame_manipulation/configs/h1_2_fame_ik_eval.yaml
[ik] [ik] urdf=h1_2_handless.urdf controller_config=sim_split_controller.yaml
[ik] StateSubscriber initialized.
[ik] LowCmdPublisher initialized.
[ik] All joints are locked in the initial position.
[ik] [ik] batch mode; goals=['named:home', 'frame_delta:right', 'named:home']
[ik] [ik] goal=named:home for 5.0s
[ik] [ik] goal=frame_delta:right_wrist_yaw_link  current=(+0.244,-0.122,+0.180)  delta=(+0.250,+0.000,+0.000)  target=(+0.494,-0.122,+0.180)  max=15.0s
[ik] [ik] driving frame_task on right_wrist_yaw_link; xyz=(+0.494,-0.122,+0.180) rpy_deg=(-5.5,-17.6,+20.2) timeout=15.0s
[ik] [ik]   linear=0.2842 m  angular=0.4311 rad
[ik] [ik]   linear=0.2042 m  angular=0.0033 rad
[ik] [ik]   linear=0.1404 m  angular=0.0023 rad
[ik] [ik]   linear=0.0895 m  angular=0.0028 rad
[ik] [ik]   linear=0.0562 m  angular=0.0025 rad
[ik] [ik]   linear=0.0364 m  angular=0.0016 rad
[ik] [ik]   linear=0.0239 m  angular=0.0074 rad
[ik] [ik]   linear=0.0239 m  angular=0.0074 rad
[ik] [ik]   linear=0.0239 m  angular=0.0074 rad
[ik] [ik]   linear=0.0239 m  angular=0.0074 rad
[ik] /home/niraj/isaac_gym_projects/h12_adaptive_policy/.venv/lib/python3.10/site-packages/pink/limits/acceleration_limit.py:166: RuntimeWarning: invalid value encountered in sqrt
[ik]   dt * np.sqrt(2 * self.a_max * Delta_q_min),
[ik] [ik]   linear=0.0239 m  angular=0.0074 rad
[ik] [ik]   linear=0.0239 m  angular=0.0074 rad
[ik] [ik]   linear=0.0239 m  angular=0.0074 rad
[ik] [ik]   linear=0.0239 m  angular=0.0074 rad
[ik] [ik]   linear=0.0239 m  angular=0.0074 rad
[ik] [ik]   linear=0.0239 m  angular=0.0074 rad
[ik] [ik]   linear=0.0239 m  angular=0.0074 rad
[ik] [ik]   linear=0.0239 m  angular=0.0074 rad
[ik] [ik]   linear=0.0239 m  angular=0.0074 rad
[ik] [ik]   linear=0.0239 m  angular=0.0074 rad
[ik] [ik]   linear=0.0239 m  angular=0.0074 rad
[ik] [ik]   linear=0.0239 m  angular=0.0074 rad
[ik] [ik]   linear=0.0239 m  angular=0.0074 rad
[ik] [ik]   linear=0.0239 m  angular=0.0074 rad
[ik] [ik]   linear=0.0239 m  angular=0.0074 rad
[ik] [ik]   linear=0.0239 m  angular=0.0074 rad
[ik] [ik]   linear=0.0239 m  angular=0.0074 rad
[ik] [ik]   linear=0.0239 m  angular=0.0074 rad
[ik] [ik]   linear=0.0239 m  angular=0.0074 rad
[ik] [ik]   linear=0.0239 m  angular=0.0074 rad
[ik] [ik] goal=named:home for 8.0s
[bridge] [bridge] summary:
[bridge]   elapsed_s=35.00
[bridge]   low_cmd_msgs_received=12760 (first at t+0.00s)
[bridge]   base_xyz=[-0.7740830215101038, 0.08884940505357636, 0.07276379053094548]
[bridge]   q_des[0:12]=[-0.33000001311302185, 0.18784135580062866, -0.0718347430229187, 0.24757438898086548, 0.14630086719989777, -0.16179899871349335, -0.33000001311302185, -0.24324394762516022, -0.22935830056667328, -0.014345347881317139, -0.7973340153694153, 0.16179899871349335]
[bridge]   q_now[0:12]=[-0.3158663374522518, -0.10017950006448925, -0.017449643271705, 0.13445120496371274, 0.19859773609641354, -0.25032524065519607, -0.32934045717285043, -0.10904770559904844, -0.293583223058048, 0.018015937208710676, -0.7976573789593945, 0.16496843357120922]
[bridge]   q_des[13:20]=[0.0, 0.0, 0.0, 0.0, 0.0, 0.0, 0.0]  # left arm
[bridge]   q_now[13:20]=[-0.002983536889294625, -0.022072060001799607, -0.005977711077729402, 0.002892606013386765, -0.00010637774265136095, -0.0006476960467299084, -0.0003310413126411243]
[bridge]   q_des[20:27]=[-0.0, 0.0, 0.0, 0.0, 0.0, 0.0, 0.0]  # right arm
[bridge]   q_now[20:27]=[6.514205860529707e-05, -0.02447410510674642, -0.006757072611996985, 0.0026047085329575096, -0.00019831146643201712, -0.008731422177967352, 0.007610881782984146]
[orchestrator] bridge exited with code 0
[orchestrator] sending SIGINT to safety (pgid=183116)
[orchestrator] sending SIGINT to fame (pgid=183209)
[orchestrator] sending SIGINT to ik (pgid=183765)
[ik] [ik] interrupted, shutting down
[ik] StateSubscriber shutdown
[ik] RobotModel shutdown
[fame] [fame] interrupted, shutting down
[ik] LowCmdPublisher shutdown.
[safety] {"event": "relay_started", "mode": "split_mode"}
[safety] KeyboardInterrupt received, stopping safety layer...
[safety] {"event": "relay_stopped"}
[orchestrator] done
