[orchestrator] starting safety: /home/niraj/isaac_gym_projects/h12_adaptive_policy/.venv/bin/python /home/niraj/isaac_gym_projects/h12_safety_layer/h12_safety_layer/script/safety_layer_main.py --config /home/niraj/isaac_gym_projects/h12_fame_manipulation/configs/sim_safety_split.yaml
[orchestrator] starting bridge: /home/niraj/isaac_gym_projects/h12_adaptive_policy/.venv/bin/python -m h12_fame_ik_runner.mujoco_dds_bridge --config /home/niraj/isaac_gym_projects/h12_fame_manipulation/configs/h1_2_fame_ik_eval.yaml --headless --duration 35.0
[bridge] [bridge] PUSH_BLOCK_MASS override: 0.5000 -> 0.5000 kg (inertia x1.000)
[bridge] [bridge] scene=h1_2_table.xml headless=True low_state=rt/lowstate low_cmd_in=rt/lowcmd
[bridge] [bridge] warmup: holding sim frozen up to 6.00s or until first FAME leg cmd lands
[orchestrator] starting fame: /home/niraj/isaac_gym_projects/h12_adaptive_policy/.venv/bin/python -m h12_fame_ik_runner.fame_dds_runner --config /home/niraj/isaac_gym_projects/h12_fame_manipulation/configs/h1_2_fame_ik_eval.yaml
[fame] [fame] loaded encoder /home/niraj/isaac_gym_projects/h12_fame_manipulation/h12_fame_ik_runner/ckpts/handless/encoder_3999.pt
[fame] [fame] low_state=rt/lowstate low_cmd_out=rt/safety/lowcmd_lower_in decim=10 pub_hz=500.0
[bridge] [bridge] warmup done (first leg cmd at t+1.38s); stepping physics now
[orchestrator] starting ik: /home/niraj/isaac_gym_projects/h12_adaptive_policy/.venv/bin/python -m h12_fame_ik_runner.ik_dds_driver --config /home/niraj/isaac_gym_projects/h12_fame_manipulation/configs/h1_2_fame_ik_eval.yaml
[ik] [ik] urdf=h1_2_handless.urdf controller_config=sim_split_controller.yaml
[ik] StateSubscriber initialized.
[ik] LowCmdPublisher initialized.
[ik] All joints are locked in the initial position.
[ik] [ik] batch mode; goals=['named:home', 'frame_delta:right', 'named:home']
[ik] [ik] goal=named:home for 5.0s
[ik] [ik] goal=frame_delta:right_wrist_yaw_link  current=(+0.248,-0.118,+0.178)  delta=(+0.250,+0.000,+0.000)  target=(+0.498,-0.118,+0.178)  max=15.0s
[ik] [ik] driving frame_task on right_wrist_yaw_link; xyz=(+0.498,-0.118,+0.178) rpy_deg=(-5.3,-17.4,+21.2) timeout=15.0s
[ik] [ik]   linear=0.2883 m  angular=0.4415 rad
[ik] [ik]   linear=0.1951 m  angular=0.0032 rad
[ik] [ik]   linear=0.1240 m  angular=0.0025 rad
[ik] [ik]   linear=0.0757 m  angular=0.0034 rad
[ik] [ik]   linear=0.0488 m  angular=0.0021 rad
[ik] [ik]   linear=0.0306 m  angular=0.0013 rad
[ik] [ik]   linear=0.0274 m  angular=0.0083 rad
[ik] [ik]   linear=0.0274 m  angular=0.0083 rad
[ik] /home/niraj/isaac_gym_projects/h12_adaptive_policy/.venv/lib/python3.10/site-packages/pink/limits/acceleration_limit.py:166: RuntimeWarning: invalid value encountered in sqrt
[ik]   dt * np.sqrt(2 * self.a_max * Delta_q_min),
[ik] [ik]   linear=0.0274 m  angular=0.0083 rad
[ik] [ik]   linear=0.0274 m  angular=0.0083 rad
[ik] [ik]   linear=0.0274 m  angular=0.0083 rad
[ik] [ik]   linear=0.0274 m  angular=0.0083 rad
[ik] [ik]   linear=0.0274 m  angular=0.0083 rad
[ik] [ik]   linear=0.0274 m  angular=0.0083 rad
[ik] [ik]   linear=0.0274 m  angular=0.0083 rad
[ik] [ik]   linear=0.0274 m  angular=0.0083 rad
[ik] [ik]   linear=0.0274 m  angular=0.0083 rad
[ik] [ik]   linear=0.0274 m  angular=0.0083 rad
[ik] [ik]   linear=0.0274 m  angular=0.0083 rad
[ik] [ik]   linear=0.0274 m  angular=0.0083 rad
[ik] [ik]   linear=0.0274 m  angular=0.0083 rad
[ik] [ik]   linear=0.0274 m  angular=0.0083 rad
[ik] [ik]   linear=0.0274 m  angular=0.0083 rad
[ik] [ik]   linear=0.0274 m  angular=0.0083 rad
[ik] [ik]   linear=0.0274 m  angular=0.0083 rad
[ik] [ik]   linear=0.0274 m  angular=0.0083 rad
[ik] [ik]   linear=0.0274 m  angular=0.0083 rad
[ik] [ik]   linear=0.0274 m  angular=0.0083 rad
[ik] [ik]   linear=0.0274 m  angular=0.0083 rad
[ik] [ik]   linear=0.0274 m  angular=0.0083 rad
[ik] [ik] goal=named:home for 8.0s
[bridge] [bridge] summary:
[bridge]   elapsed_s=35.00
[bridge]   low_cmd_msgs_received=11958 (first at t+0.00s)
[bridge]   base_xyz=[-0.7401825160276223, 0.04921701564406251, 0.08170052542074127]
[bridge]   q_des[0:12]=[-0.31479883193969727, 0.2736533582210541, -0.0885770320892334, 0.39271703362464905, 0.3387983441352844, -0.16179899871349335, -0.33000001311302185, -0.2093707174062729, -0.33055779337882996, 0.16253386437892914, -0.7973340153694153, 0.16179899871349335]
[bridge]   q_now[0:12]=[-0.3462780568443931, -0.10529019466507268, 0.03341262231235709, 0.2658186685243678, 0.48754950013460496, -0.26217399389638196, -0.2990499115881096, -0.12714361867725704, -0.325453323996616, 0.16018861612275279, -0.8048528684577297, 0.15696603909752807]
[bridge]   q_des[13:20]=[0.0, 0.0, 0.0, 0.0, 0.0, 0.0, 0.0]  # left arm
[bridge]   q_now[13:20]=[0.003990650516729575, 0.002317270479827419, 0.0029888693103421508, 0.0032461856802199576, -0.00012067107667099082, -0.0006331235070116175, -0.00038050592189955025]
[bridge]   q_des[20:27]=[0.0, 0.0, 0.0, 0.0, 0.0, 0.0, 0.0]  # right arm
[bridge]   q_now[20:27]=[0.0037214186778636816, 0.0023506188641572766, 0.0029863970731406815, 0.0027456609935942984, -0.00012700417403698885, -0.005717106151971529, 0.004908919036308972]
[orchestrator] bridge exited with code 0
[orchestrator] sending SIGINT to safety (pgid=199514)
[orchestrator] sending SIGINT to fame (pgid=199607)
[orchestrator] sending SIGINT to ik (pgid=200163)
[ik] [ik] interrupted, shutting down
[fame] [fame] interrupted, shutting down
[ik] StateSubscriber shutdown
[ik] RobotModel shutdown
[ik] LowCmdPublisher shutdown.
[safety] {"event": "relay_started", "mode": "split_mode"}
[safety] KeyboardInterrupt received, stopping safety layer...
[safety] [Reader] take sample error
[safety] [Reader] take sample error
[safety] {"event": "relay_stopped"}
[orchestrator] done
