[orchestrator] starting safety: /home/niraj/isaac_gym_projects/h12_adaptive_policy/.venv/bin/python /home/niraj/isaac_gym_projects/h12_safety_layer/h12_safety_layer/script/safety_layer_main.py --config /home/niraj/isaac_gym_projects/h12_fame_manipulation/configs/sim_safety_split.yaml
[orchestrator] starting bridge: /home/niraj/isaac_gym_projects/h12_adaptive_policy/.venv/bin/python -m h12_fame_ik_runner.mujoco_dds_bridge --config /home/niraj/isaac_gym_projects/h12_fame_manipulation/configs/h1_2_fame_ik_eval.yaml --headless --duration 35.0
[bridge] [bridge] PUSH_BLOCK_MASS override: 0.5000 -> 0.5000 kg (inertia x1.000)
[bridge] [bridge] scene=h1_2_table.xml headless=True low_state=rt/lowstate low_cmd_in=rt/lowcmd
[bridge] [bridge] warmup: holding sim frozen up to 6.00s or until first FAME leg cmd lands
[orchestrator] starting fame: /home/niraj/isaac_gym_projects/h12_adaptive_policy/.venv/bin/python -m h12_fame_ik_runner.fame_dds_runner --config /home/niraj/isaac_gym_projects/h12_fame_manipulation/configs/h1_2_fame_ik_eval.yaml
[fame] [fame] loaded encoder /home/niraj/isaac_gym_projects/h12_fame_manipulation/h12_fame_ik_runner/ckpts/handless/encoder_3999.pt
[fame] [fame] low_state=rt/lowstate low_cmd_out=rt/safety/lowcmd_lower_in decim=10 pub_hz=500.0
[bridge] [bridge] warmup done (first leg cmd at t+1.38s); stepping physics now
[orchestrator] starting ik: /home/niraj/isaac_gym_projects/h12_adaptive_policy/.venv/bin/python -m h12_fame_ik_runner.ik_dds_driver --config /home/niraj/isaac_gym_projects/h12_fame_manipulation/configs/h1_2_fame_ik_eval.yaml
[ik] [ik] urdf=h1_2_handless.urdf controller_config=sim_split_controller.yaml
[ik] StateSubscriber initialized.
[ik] LowCmdPublisher initialized.
[ik] All joints are locked in the initial position.
[ik] [ik] batch mode; goals=['named:home', 'frame:right', 'named:home']
[ik] [ik] goal=named:home for 5.0s
[ik] [ik] goal=frame:right_wrist_yaw_link pose_xyz=(+0.550,-0.300,+0.300) rpy_deg=(+0.0,+0.0,+0.0) max=15.0s
[ik] [ik] driving frame_task on right_wrist_yaw_link; xyz=(+0.550,-0.300,+0.300) rpy_deg=(+0.0,+0.0,+0.0) timeout=15.0s
[ik] [ik]   linear=0.3847 m  angular=0.0106 rad
[ik] [ik]   linear=0.2797 m  angular=0.0516 rad
[ik] [ik]   linear=0.2019 m  angular=0.0045 rad
[ik] [ik]   linear=0.1320 m  angular=0.0014 rad
[ik] [ik]   linear=0.0792 m  angular=0.0014 rad
[ik] [ik]   linear=0.0543 m  angular=0.0009 rad
[ik] [ik]   linear=0.0344 m  angular=0.0005 rad
[ik] [ik]   linear=0.0219 m  angular=0.0003 rad
[ik] [ik]   linear=0.0145 m  angular=0.0002 rad
[ik] [ik]   linear=0.0135 m  angular=0.0002 rad
[ik] [ik]   linear=0.0135 m  angular=0.0002 rad
[ik] [ik]   linear=0.0135 m  angular=0.0002 rad
[ik] [ik]   linear=0.0135 m  angular=0.0002 rad
[ik] [ik]   linear=0.0135 m  angular=0.0002 rad
[ik] [ik]   linear=0.0135 m  angular=0.0002 rad
[ik] [ik]   linear=0.0135 m  angular=0.0002 rad
[ik] [ik]   linear=0.0135 m  angular=0.0002 rad
[ik] [ik]   linear=0.0135 m  angular=0.0002 rad
[ik] [ik]   linear=0.0135 m  angular=0.0002 rad
[ik] [ik]   linear=0.0135 m  angular=0.0002 rad
[ik] [ik]   linear=0.0135 m  angular=0.0002 rad
[ik] [ik]   linear=0.0135 m  angular=0.0002 rad
[ik] [ik]   linear=0.0135 m  angular=0.0002 rad
[ik] [ik]   linear=0.0135 m  angular=0.0002 rad
[ik] [ik]   linear=0.0135 m  angular=0.0002 rad
[ik] [ik]   linear=0.0135 m  angular=0.0002 rad
[ik] [ik]   linear=0.0135 m  angular=0.0002 rad
[ik] [ik]   linear=0.0135 m  angular=0.0002 rad
[ik] [ik]   linear=0.0135 m  angular=0.0002 rad
[ik] [ik]   linear=0.0135 m  angular=0.0002 rad
[ik] [ik] goal=named:home for 8.0s
[bridge] [bridge] summary:
[bridge]   elapsed_s=35.00
[bridge]   low_cmd_msgs_received=12666 (first at t+0.00s)
[bridge]   base_xyz=[-0.7413792245741003, 0.05003803594740467, 0.07275166700011589]
[bridge]   q_des[0:12]=[-0.034728169441223145, 0.26089000701904297, -0.09034322202205658, 0.3540060520172119, 0.23560582101345062, -0.16179899871349335, -0.10528598725795746, -0.2738105058670044, -0.20068460702896118, 0.14771579205989838, -0.7973340153694153, -0.044944316148757935]
[bridge]   q_now[0:12]=[-0.03478539932384064, -0.1162794136126331, 0.016378051339308686, 0.186522033269838, 0.14316102721118845, -0.15439500648190085, -0.10289823295354647, -0.092043701774991, -0.2192490790961223, 0.17172579019659168, -0.7985248258006185, -0.045390133596048564]
[bridge]   q_des[13:20]=[0.0, 0.0, 0.0, 0.0, 0.0, 0.0, 0.0]  # left arm
[bridge]   q_now[13:20]=[-0.0015428496687472646, 0.0026665027490911904, -0.0006287695932460357, 0.0031805613793737574, -8.752093285836677e-05, 3.795607159592353e-05, -0.00032718160124574304]
[bridge]   q_des[20:27]=[0.0, 0.0, 0.0, 0.0, 0.0, 0.0, 0.0]  # right arm
[bridge]   q_now[20:27]=[-0.0008132570165423436, 0.002538875260705886, -0.0009748782837284871, 0.0020491459544464815, 0.005488981944748541, -0.005872881866059305, 0.005798209884264555]
[orchestrator] bridge exited with code 0
[orchestrator] sending SIGINT to safety (pgid=70770)
[orchestrator] sending SIGINT to fame (pgid=70863)
[orchestrator] sending SIGINT to ik (pgid=71409)
[ik] [ik] interrupted, shutting down
[ik] StateSubscriber shutdown
[ik] RobotModel shutdown
[fame] [fame] interrupted, shutting down
[ik] LowCmdPublisher shutdown.
[safety] {"event": "relay_started", "mode": "split_mode"}
[safety] KeyboardInterrupt received, stopping safety layer...
[safety] {"event": "relay_stopped"}
[orchestrator] done
