[orchestrator] starting safety: /home/niraj/isaac_gym_projects/h12_adaptive_policy/.venv/bin/python /home/niraj/isaac_gym_projects/h12_safety_layer/h12_safety_layer/script/safety_layer_main.py --config /home/niraj/isaac_gym_projects/h12_fame_manipulation/configs/sim_safety_split.yaml
[orchestrator] starting bridge: /home/niraj/isaac_gym_projects/h12_adaptive_policy/.venv/bin/python -m h12_fame_ik_runner.mujoco_dds_bridge --config /home/niraj/isaac_gym_projects/h12_fame_manipulation/configs/h1_2_fame_ik_eval.yaml --headless --duration 35.0
[bridge] [bridge] PUSH_BLOCK_MASS override: 0.5000 -> 0.5000 kg (inertia x1.000)
[bridge] [bridge] scene=h1_2_table.xml headless=True low_state=rt/lowstate low_cmd_in=rt/lowcmd
[bridge] [bridge] warmup: holding sim frozen up to 6.00s or until first FAME leg cmd lands
[orchestrator] starting fame: /home/niraj/isaac_gym_projects/h12_adaptive_policy/.venv/bin/python -m h12_fame_ik_runner.fame_dds_runner --config /home/niraj/isaac_gym_projects/h12_fame_manipulation/configs/h1_2_fame_ik_eval.yaml
[fame] [fame] loaded encoder /home/niraj/isaac_gym_projects/h12_fame_manipulation/h12_fame_ik_runner/ckpts/handless/encoder_3999.pt
[fame] [fame] low_state=rt/lowstate low_cmd_out=rt/safety/lowcmd_lower_in decim=10 pub_hz=500.0
[bridge] [bridge] warmup done (first leg cmd at t+1.43s); stepping physics now
[orchestrator] starting ik: /home/niraj/isaac_gym_projects/h12_adaptive_policy/.venv/bin/python -m h12_fame_ik_runner.ik_dds_driver --config /home/niraj/isaac_gym_projects/h12_fame_manipulation/configs/h1_2_fame_ik_eval.yaml
[ik] [ik] urdf=h1_2_handless.urdf controller_config=sim_split_controller.yaml
[ik] StateSubscriber initialized.
[ik] LowCmdPublisher initialized.
[ik] All joints are locked in the initial position.
[ik] [ik] batch mode; goals=['named:home', 'frame_delta:right', 'named:home']
[ik] [ik] goal=named:home for 5.0s
[ik] [ik] goal=frame_delta:right_wrist_yaw_link  current=(+0.248,-0.118,+0.178)  delta=(+0.250,+0.000,+0.000)  target=(+0.498,-0.118,+0.178)  max=15.0s
[ik] [ik] driving frame_task on right_wrist_yaw_link; xyz=(+0.498,-0.118,+0.178) rpy_deg=(-5.2,-17.3,+21.2) timeout=15.0s
[ik] [ik]   linear=0.2882 m  angular=0.4403 rad
[ik] [ik]   linear=0.2047 m  angular=0.0033 rad
[ik] [ik]   linear=0.1412 m  angular=0.0024 rad
[ik] [ik]   linear=0.0852 m  angular=0.0031 rad
[ik] [ik]   linear=0.0558 m  angular=0.0024 rad
[ik] [ik]   linear=0.0372 m  angular=0.0016 rad
[ik] [ik]   linear=0.0276 m  angular=0.0083 rad
[ik] [ik]   linear=0.0276 m  angular=0.0083 rad
[ik] [ik]   linear=0.0276 m  angular=0.0083 rad
[ik] /home/niraj/isaac_gym_projects/h12_adaptive_policy/.venv/lib/python3.10/site-packages/pink/limits/acceleration_limit.py:166: RuntimeWarning: invalid value encountered in sqrt
[ik]   dt * np.sqrt(2 * self.a_max * Delta_q_min),
[ik] [ik]   linear=0.0276 m  angular=0.0083 rad
[ik] [ik]   linear=0.0276 m  angular=0.0083 rad
[ik] [ik]   linear=0.0276 m  angular=0.0083 rad
[ik] [ik]   linear=0.0276 m  angular=0.0083 rad
[ik] [ik]   linear=0.0276 m  angular=0.0083 rad
[ik] [ik]   linear=0.0276 m  angular=0.0083 rad
[ik] [ik]   linear=0.0276 m  angular=0.0083 rad
[ik] [ik]   linear=0.0276 m  angular=0.0083 rad
[ik] [ik]   linear=0.0276 m  angular=0.0083 rad
[ik] [ik]   linear=0.0276 m  angular=0.0083 rad
[ik] [ik]   linear=0.0276 m  angular=0.0083 rad
[ik] [ik]   linear=0.0276 m  angular=0.0083 rad
[ik] [ik]   linear=0.0276 m  angular=0.0083 rad
[ik] [ik]   linear=0.0276 m  angular=0.0083 rad
[ik] [ik]   linear=0.0276 m  angular=0.0083 rad
[ik] [ik]   linear=0.0276 m  angular=0.0083 rad
[ik] [ik]   linear=0.0276 m  angular=0.0083 rad
[ik] [ik]   linear=0.0276 m  angular=0.0083 rad
[ik] [ik]   linear=0.0276 m  angular=0.0083 rad
[ik] [ik]   linear=0.0276 m  angular=0.0083 rad
[ik] [ik]   linear=0.0276 m  angular=0.0083 rad
[ik] [ik] goal=named:home for 8.0s
[bridge] [bridge] summary:
[bridge]   elapsed_s=35.00
[bridge]   low_cmd_msgs_received=15173 (first at t+0.00s)
[bridge]   base_xyz=[-0.7932100439866409, 0.12935966897803294, 0.07266127995208725]
[bridge]   q_des[0:12]=[-0.09550325572490692, 0.2857646942138672, 0.18714435398578644, 0.0890982449054718, -0.7973340153694153, -0.028107106685638428, -0.09583751857280731, -0.11194980144500732, 0.17215529084205627, 0.2866898477077484, 0.06999178230762482, 0.16179899871349335]
[bridge]   q_now[0:12]=[-0.12107791568750428, 0.08348765002570953, 0.22000378527540246, -0.0014106472424005997, -0.7773432954949824, -0.07912078848626387, -0.07479593499740289, -0.14941006514341662, -0.004309460223883118, 0.221066081784763, 0.04240017068197229, 0.1165957179460323]
[bridge]   q_des[13:20]=[0.0, -0.0, 0.0, -0.0, -0.0, -0.0, -0.0]  # left arm
[bridge]   q_now[13:20]=[0.010042023725512408, 0.00022116991724236454, -0.0006146083664442276, -0.005081319414192777, -0.00013042042633446636, -0.0016075037740217824, -7.429549748189954e-05]
[bridge]   q_des[20:27]=[-0.0, -0.0, 0.0, 0.0, -0.0, -0.0, 0.0]  # right arm
[bridge]   q_now[20:27]=[-0.001121096558743858, -0.0013902263159377413, -0.0013905784222882614, -0.003039874084686861, -0.0008947969114771057, -0.009293547169397046, 0.007746015920053247]
[orchestrator] bridge exited with code 0
[orchestrator] sending SIGINT to safety (pgid=294338)
[orchestrator] sending SIGINT to fame (pgid=294431)
[orchestrator] sending SIGINT to ik (pgid=294927)
[ik] [ik] interrupted, shutting down
[ik] StateSubscriber shutdown
[ik] RobotModel shutdown
[ik] LowCmdPublisher shutdown.
[safety] {"event": "relay_started", "mode": "split_mode"}
[safety] KeyboardInterrupt received, stopping safety layer...
[safety] {"event": "relay_stopped"}
[fame] [fame] interrupted, shutting down
[orchestrator] done
