[orchestrator] starting safety: /home/niraj/isaac_gym_projects/h12_adaptive_policy/.venv/bin/python /home/niraj/isaac_gym_projects/h12_safety_layer/h12_safety_layer/script/safety_layer_main.py --config /home/niraj/isaac_gym_projects/h12_fame_manipulation/configs/sim_safety_split.yaml
[orchestrator] starting bridge: /home/niraj/isaac_gym_projects/h12_adaptive_policy/.venv/bin/python -m h12_fame_ik_runner.mujoco_dds_bridge --config /home/niraj/isaac_gym_projects/h12_fame_manipulation/configs/h1_2_fame_ik_eval.yaml --headless --duration 40.0
[bridge] [bridge] PUSH_BLOCK_MASS override: 0.5000 -> 0.5000 kg (inertia x1.000)
[bridge] [bridge] scene=h1_2_table.xml headless=True low_state=rt/lowstate low_cmd_in=rt/lowcmd
[bridge] [bridge] warmup: holding sim frozen up to 6.00s or until first FAME leg cmd lands
[orchestrator] starting fame: /home/niraj/isaac_gym_projects/h12_adaptive_policy/.venv/bin/python -m h12_fame_ik_runner.fame_dds_runner --config /home/niraj/isaac_gym_projects/h12_fame_manipulation/configs/h1_2_fame_ik_eval.yaml
[fame] [fame] loaded encoder /home/niraj/isaac_gym_projects/h12_fame_manipulation/h12_fame_ik_runner/ckpts/handless/encoder_3999.pt
[fame] [fame] low_state=rt/lowstate low_cmd_out=rt/safety/lowcmd_lower_in decim=10 pub_hz=500.0
[bridge] [bridge] warmup done (first leg cmd at t+1.42s); stepping physics now
[orchestrator] starting ik: /home/niraj/isaac_gym_projects/h12_adaptive_policy/.venv/bin/python -m h12_fame_ik_runner.ik_dds_driver --config /home/niraj/isaac_gym_projects/h12_fame_manipulation/configs/h1_2_fame_ik_eval.yaml
[ik] [ik] urdf=h1_2_handless.urdf controller_config=sim_split_controller.yaml
[ik] StateSubscriber initialized.
[ik] LowCmdPublisher initialized.
[ik] All joints are locked in the initial position.
[ik] [ik] batch mode; goals=['named:home', 'q_reduced[14]', 'q_reduced[14]', 'named:home']
[ik] [ik] goal=named:home for 4.0s
[ik] [ik] goal=q_reduced[14] for 10.0s  q=[-0.75, 0.05, 0.  , 0.4 , 0.  , 0.  , 0.  ,-0.75,-0.05, 0.  , 0.4 , 0.  ,
[ik]   0.  , 0.  ]
[ik] [ik] goal=q_reduced[14] for 12.0s  q=[-1.3 , 0.15, 0.  , 1.5 , 0.  , 0.  , 0.  ,-1.3 ,-0.15, 0.  , 1.5 , 0.  ,
[ik]   0.  , 0.  ]
[ik] [ik] goal=named:home for 8.0s
[bridge] [bridge] summary:
[bridge]   elapsed_s=40.00
[bridge]   low_cmd_msgs_received=13954 (first at t+0.00s)
[bridge]   base_xyz=[-0.7716316669374212, -0.09477930861786228, 0.07272449474464238]
[bridge]   q_des[0:12]=[-0.1582912802696228, 0.16295665502548218, 0.27050328254699707, 0.2991669476032257, -0.7973340153694153, -0.15354083478450775, -0.1075960099697113, -0.11335553228855133, 0.1551797240972519, 0.4329071044921875, 0.2167782336473465, 0.16179899871349335]
[bridge]   q_now[0:12]=[-0.2050523316736504, 0.012958084388897001, 0.3289509951766746, 0.21556542024787367, -0.8479141234750867, -0.12658466167345647, -0.08646413288351065, -0.2287826664904363, 0.10626660993837356, 0.37529495576736016, 0.23430836486555418, 0.11659250089118259]
[bridge]   q_des[13:20]=[0.0, 0.0, 0.0, 0.0, 0.0, 0.0, 0.0]  # left arm
[bridge]   q_now[13:20]=[-0.002903083426012911, -0.0015928582325890456, -0.0007097060893463299, 0.003041682863910226, -1.9635553942332035e-05, -0.00015947125989698775, -4.490721780723861e-05]
[bridge]   q_des[20:27]=[0.0, 0.0, 0.0, 0.0, 0.0, 0.0, 0.0]  # right arm
[bridge]   q_now[20:27]=[0.0022931860630422225, -0.001811061452736969, -0.0011394121427368712, 0.0018596113272926961, -1.064713898207005e-05, -0.00011906774317772753, -4.3315884344887855e-05]
[orchestrator] bridge exited with code 0
[orchestrator] sending SIGINT to safety (pgid=1016691)
[orchestrator] sending SIGINT to fame (pgid=1016785)
[orchestrator] sending SIGINT to ik (pgid=1017311)
[ik] [ik] interrupted, shutting down
[ik] StateSubscriber shutdown
[ik] RobotModel shutdown
[fame] [fame] interrupted, shutting down
[ik] LowCmdPublisher shutdown.
[safety] {"event": "relay_started", "mode": "split_mode"}
[safety] KeyboardInterrupt received, stopping safety layer...
[safety] [Reader] take sample error
[safety] [Reader] take sample error
[safety] {"event": "relay_stopped"}
[orchestrator] done
