[orchestrator] starting safety: /home/niraj/isaac_gym_projects/h12_adaptive_policy/.venv/bin/python /home/niraj/isaac_gym_projects/h12_safety_layer/h12_safety_layer/script/safety_layer_main.py --config /home/niraj/isaac_gym_projects/h12_fame_manipulation/configs/sim_safety_split.yaml
[orchestrator] starting bridge: /home/niraj/isaac_gym_projects/h12_adaptive_policy/.venv/bin/python -m h12_fame_ik_runner.mujoco_dds_bridge --config /home/niraj/isaac_gym_projects/h12_fame_manipulation/configs/h1_2_fame_ik_eval.yaml --headless --duration 10.0
[bridge] [bridge] PUSH_BLOCK_MASS override: 0.5000 -> 5.0000 kg (inertia x10.000)
[bridge] [bridge] scene=h1_2_table.xml headless=True low_state=rt/lowstate low_cmd_in=rt/lowcmd
[bridge] [bridge] warmup: holding sim frozen up to 3.00s or until first FAME leg cmd lands
[orchestrator] starting fame: /home/niraj/isaac_gym_projects/h12_adaptive_policy/.venv/bin/python -m h12_fame_ik_runner.fame_dds_runner --config /home/niraj/isaac_gym_projects/h12_fame_manipulation/configs/h1_2_fame_ik_eval.yaml
[fame] [fame] loaded encoder /home/niraj/isaac_gym_projects/h12_fame_manipulation/h12_fame_ik_runner/ckpts/handless/encoder_3999.pt
[fame] [fame] low_state=rt/lowstate low_cmd_out=rt/safety/lowcmd_lower_in decim=10 pub_hz=500.0
[bridge] [bridge] warmup done (first leg cmd at t+1.37s); stepping physics now
[orchestrator] starting ik: /home/niraj/isaac_gym_projects/h12_adaptive_policy/.venv/bin/python -m h12_fame_ik_runner.ik_dds_driver --config /home/niraj/isaac_gym_projects/h12_fame_manipulation/configs/h1_2_fame_ik_eval.yaml
[ik] [ik] ARM_KP_MULT=2.000 : arm kp scaled
[ik]      old (13..26): [np.float32(50.0), np.float32(50.0), np.float32(50.0), np.float32(50.0), np.float32(20.0), np.float32(20.0), np.float32(20.0), np.float32(50.0), np.float32(50.0), np.float32(50.0), np.float32(50.0), np.float32(20.0), np.float32(20.0), np.float32(20.0)]
[ik]      new (13..26): [np.float32(100.0), np.float32(100.0), np.float32(100.0), np.float32(100.0), np.float32(40.0), np.float32(40.0), np.float32(40.0), np.float32(100.0), np.float32(100.0), np.float32(100.0), np.float32(100.0), np.float32(40.0), np.float32(40.0), np.float32(40.0)]
[ik] [ik] urdf=h1_2_handless.urdf controller_config=sim_split_controller.yaml
[ik] StateSubscriber initialized.
[ik] LowCmdPublisher initialized.
[ik] All joints are locked in the initial position.
[ik] [ik] batch mode; goals=['q_reduced[14]', 'frame_delta:right']
[ik] [ik] goal=q_reduced[14] for 1.5s  q=[0. ,0. ,0. ,0. ,0. ,0. ,0. ,0. ,0. ,0. ,0.3,0. ,0. ,0. ]
[bridge] [bridge] summary:
[bridge]   elapsed_s=10.00
[bridge]   low_cmd_msgs_received=4339 (first at t+0.00s)
[bridge]   base_xyz=[0.018862814636486876, 0.03657910174310647, 0.874014494702368]
[bridge]   q_des[0:12]=[-0.33000001311302185, -0.2973439395427704, 0.30888262391090393, 0.9473783373832703, -0.38791316747665405, -0.16179899871349335, -0.33000001311302185, -0.18179209530353546, -0.27435848116874695, 0.8417521715164185, -0.4406623840332031, 0.16179899871349335]
[bridge]   q_now[0:12]=[-0.3427511201215419, -0.2686464018298499, 0.3147792693954498, 1.1558008386215641, -0.5758759644816682, -0.26398824226009965, -0.3366664432104895, -0.07332774456012185, -0.28737924491534245, 1.0417385178986018, -0.6666695866400707, 0.2627956125943592]
[bridge]   q_des[13:20]=[0.0, 0.0, 0.0, 0.0, 0.0, 0.0, 0.0]  # left arm
[bridge]   q_now[13:20]=[0.0008776711622199821, 0.0012939518733797051, 0.0006071117270512984, 0.0007024169721262977, 3.528138965700411e-05, 0.0003433776498332103, 6.81895310261457e-06]
[bridge]   q_des[20:27]=[0.0, 0.0, 0.0, 0.1756548434495926, -0.0, 0.0, 0.0]  # right arm
[bridge]   q_now[20:27]=[0.00044343931476901024, 0.00435799911493966, 0.0027407797505251625, 0.1502640101174535, -0.00014677968237526725, -0.0017769591878584103, 7.095420396667832e-06]
[orchestrator] bridge exited with code 0
[orchestrator] sending SIGINT to safety (pgid=980147)
[orchestrator] sending SIGINT to fame (pgid=980240)
[orchestrator] sending SIGINT to ik (pgid=980768)
[ik] [ik] interrupted, shutting down
[ik] StateSubscriber shutdown
[ik] RobotModel shutdown
[fame] [fame] interrupted, shutting down
[ik] LowCmdPublisher shutdown.
[safety] {"event": "relay_started", "mode": "split_mode"}
[safety] KeyboardInterrupt received, stopping safety layer...
[safety] {"event": "relay_stopped"}
[orchestrator] done
