[orchestrator] starting safety: /home/niraj/isaac_gym_projects/h12_adaptive_policy/.venv/bin/python /home/niraj/isaac_gym_projects/h12_safety_layer/h12_safety_layer/script/safety_layer_main.py --config /home/niraj/isaac_gym_projects/h12_fame_manipulation/configs/sim_safety_split.yaml
[orchestrator] starting bridge: /home/niraj/isaac_gym_projects/h12_adaptive_policy/.venv/bin/python -m h12_fame_ik_runner.mujoco_dds_bridge --config /home/niraj/isaac_gym_projects/h12_fame_manipulation/configs/h1_2_fame_ik_eval.yaml --headless --duration 10.0
[bridge] [bridge] PUSH_BLOCK_MASS override: 0.5000 -> 5.0000 kg (inertia x10.000)
[bridge] [bridge] scene=h1_2_table.xml headless=True low_state=rt/lowstate low_cmd_in=rt/lowcmd
[bridge] [bridge] warmup: holding sim frozen up to 3.00s or until first FAME leg cmd lands
[orchestrator] starting fame: /home/niraj/isaac_gym_projects/h12_adaptive_policy/.venv/bin/python -m h12_fame_ik_runner.fame_dds_runner --config /home/niraj/isaac_gym_projects/h12_fame_manipulation/configs/h1_2_fame_ik_eval.yaml
[fame] [fame] loaded encoder /home/niraj/isaac_gym_projects/h12_fame_manipulation/h12_fame_ik_runner/ckpts/handless/encoder_3999.pt
[fame] [fame] low_state=rt/lowstate low_cmd_out=rt/safety/lowcmd_lower_in decim=10 pub_hz=500.0
[bridge] [bridge] warmup done (first leg cmd at t+1.42s); stepping physics now
[orchestrator] starting ik: /home/niraj/isaac_gym_projects/h12_adaptive_policy/.venv/bin/python -m h12_fame_ik_runner.ik_dds_driver --config /home/niraj/isaac_gym_projects/h12_fame_manipulation/configs/h1_2_fame_ik_eval.yaml
[ik] [ik] ARM_KP_MULT=2.000 : arm kp scaled
[ik]      old (13..26): [np.float32(50.0), np.float32(50.0), np.float32(50.0), np.float32(50.0), np.float32(20.0), np.float32(20.0), np.float32(20.0), np.float32(50.0), np.float32(50.0), np.float32(50.0), np.float32(50.0), np.float32(20.0), np.float32(20.0), np.float32(20.0)]
[ik]      new (13..26): [np.float32(100.0), np.float32(100.0), np.float32(100.0), np.float32(100.0), np.float32(40.0), np.float32(40.0), np.float32(40.0), np.float32(100.0), np.float32(100.0), np.float32(100.0), np.float32(100.0), np.float32(40.0), np.float32(40.0), np.float32(40.0)]
[ik] [ik] urdf=h1_2_handless.urdf controller_config=sim_split_controller.yaml
[ik] StateSubscriber initialized.
[ik] LowCmdPublisher initialized.
[ik] All joints are locked in the initial position.
[ik] [ik] batch mode; goals=['q_reduced[14]', 'frame_delta:right']
[ik] [ik] goal=q_reduced[14] for 1.5s  q=[0. ,0. ,0. ,0. ,0. ,0. ,0. ,0. ,0. ,0. ,0.3,0. ,0. ,0. ]
[bridge] [bridge] summary:
[bridge]   elapsed_s=10.00
[bridge]   low_cmd_msgs_received=4471 (first at t+0.00s)
[bridge]   base_xyz=[0.01660240221598945, 0.0343143067937552, 0.8742148439517956]
[bridge]   q_des[0:12]=[-0.33000001311302185, -0.295598566532135, 0.3033163845539093, 0.9459423422813416, -0.3935226798057556, -0.16179899871349335, -0.33000001311302185, -0.1813087910413742, -0.2693023383617401, 0.8387575745582581, -0.44574040174484253, 0.16179899871349335]
[bridge]   q_now[0:12]=[-0.344352081633028, -0.2669094546618039, 0.315025395347302, 1.1533300212305313, -0.5743570514258428, -0.26396870438231534, -0.3366339098790126, -0.0715096609690659, -0.28789842753446077, 1.0404619582673513, -0.6665483390213774, 0.26281861394321726]
[bridge]   q_des[13:20]=[0.0, 0.0, 0.0, 0.0, 0.0, 0.0, 0.0]  # left arm
[bridge]   q_now[13:20]=[0.0012824322220696114, 0.0012261889396170942, 0.00044280025237076055, 0.001264166307907795, 2.8384088954533675e-05, 0.00027631855908296195, 5.440102290487409e-06]
[bridge]   q_des[20:27]=[0.0, 0.0, 0.0, 0.1957607865333557, 0.0, 0.0, 0.0]  # right arm
[bridge]   q_now[20:27]=[-0.0007159607432452768, 0.00257492354008147, 0.0019660272257466254, 0.16845271987803276, -0.00012732875185549863, -0.0014495347336245517, 5.46803148830568e-06]
[orchestrator] bridge exited with code 0
[orchestrator] sending SIGINT to safety (pgid=984615)
[orchestrator] sending SIGINT to fame (pgid=984719)
[orchestrator] sending SIGINT to ik (pgid=985246)
[ik] [ik] interrupted, shutting down
[ik] StateSubscriber shutdown
[ik] RobotModel shutdown
[ik] LowCmdPublisher shutdown.
[fame] [fame] interrupted, shutting down
[safety] {"event": "relay_started", "mode": "split_mode"}
[safety] KeyboardInterrupt received, stopping safety layer...
[safety] {"event": "relay_stopped"}
[orchestrator] done
