[orchestrator] starting safety: /home/niraj/isaac_gym_projects/h12_adaptive_policy/.venv/bin/python /home/niraj/isaac_gym_projects/h12_safety_layer/h12_safety_layer/script/safety_layer_main.py --config /home/niraj/isaac_gym_projects/h12_fame_manipulation/configs/sim_safety_split.yaml
[orchestrator] starting bridge: /home/niraj/isaac_gym_projects/h12_adaptive_policy/.venv/bin/python -m h12_fame_ik_runner.mujoco_dds_bridge --config /home/niraj/isaac_gym_projects/h12_fame_manipulation/configs/h1_2_fame_ik_eval.yaml --headless --duration 10.0
[bridge] [bridge] PUSH_BLOCK_MASS override: 0.5000 -> 5.0000 kg (inertia x10.000)
[bridge] [bridge] scene=h1_2_table.xml headless=True low_state=rt/lowstate low_cmd_in=rt/lowcmd
[bridge] [bridge] warmup: holding sim frozen up to 3.00s or until first FAME leg cmd lands
[orchestrator] starting fame: /home/niraj/isaac_gym_projects/h12_adaptive_policy/.venv/bin/python -m h12_fame_ik_runner.fame_dds_runner --config /home/niraj/isaac_gym_projects/h12_fame_manipulation/configs/h1_2_fame_ik_eval.yaml
[fame] [fame] loaded encoder /home/niraj/isaac_gym_projects/h12_fame_manipulation/h12_fame_ik_runner/ckpts/handless/encoder_3999.pt
[fame] [fame] low_state=rt/lowstate low_cmd_out=rt/safety/lowcmd_lower_in decim=10 pub_hz=500.0
[bridge] [bridge] warmup done (first leg cmd at t+1.38s); stepping physics now
[orchestrator] starting ik: /home/niraj/isaac_gym_projects/h12_adaptive_policy/.venv/bin/python -m h12_fame_ik_runner.ik_dds_driver --config /home/niraj/isaac_gym_projects/h12_fame_manipulation/configs/h1_2_fame_ik_eval.yaml
[ik] [ik] ARM_KP_MULT=2.000 : arm kp scaled
[ik]      old (13..26): [np.float32(50.0), np.float32(50.0), np.float32(50.0), np.float32(50.0), np.float32(20.0), np.float32(20.0), np.float32(20.0), np.float32(50.0), np.float32(50.0), np.float32(50.0), np.float32(50.0), np.float32(20.0), np.float32(20.0), np.float32(20.0)]
[ik]      new (13..26): [np.float32(100.0), np.float32(100.0), np.float32(100.0), np.float32(100.0), np.float32(40.0), np.float32(40.0), np.float32(40.0), np.float32(100.0), np.float32(100.0), np.float32(100.0), np.float32(100.0), np.float32(40.0), np.float32(40.0), np.float32(40.0)]
[ik] [ik] urdf=h1_2_handless.urdf controller_config=sim_split_controller.yaml
[ik] StateSubscriber initialized.
[ik] LowCmdPublisher initialized.
[ik] All joints are locked in the initial position.
[ik] [ik] batch mode; goals=['q_reduced[14]', 'frame_delta:right']
[ik] [ik] goal=q_reduced[14] for 1.5s  q=[0. ,0. ,0. ,0. ,0. ,0. ,0. ,0. ,0. ,0. ,0.3,0. ,0. ,0. ]
[bridge] [bridge] summary:
[bridge]   elapsed_s=10.00
[bridge]   low_cmd_msgs_received=4452 (first at t+0.00s)
[bridge]   base_xyz=[0.01613979376915654, 0.03542009811640664, 0.8744015440063994]
[bridge]   q_des[0:12]=[-0.33000001311302185, -0.2963278889656067, 0.30373573303222656, 0.9468926191329956, -0.38212916254997253, -0.16179899871349335, -0.33000001311302185, -0.18298180401325226, -0.27001529932022095, 0.8400636911392212, -0.43614715337753296, 0.16179899871349335]
[bridge]   q_now[0:12]=[-0.3453505998743326, -0.2689507243057572, 0.31682776155511755, 1.1502531724634215, -0.5714080306247212, -0.2639484136105492, -0.3363922178613859, -0.07438357536084143, -0.2889492378590203, 1.040843471922067, -0.6669102122071534, 0.26283673198233015]
[bridge]   q_des[13:20]=[0.0, 0.0, 0.0, 0.0, 0.0, 0.0, 0.0]  # left arm
[bridge]   q_now[13:20]=[0.001584133479140508, 0.0013844485587759861, 0.0005605545249336531, 0.0005061882016023054, 3.404208768185983e-05, 0.00033143084580130407, 6.520587278217917e-06]
[bridge]   q_des[20:27]=[0.0, 0.0, 0.0, 0.225791335105896, 0.0, 0.0, 0.0]  # right arm
[bridge]   q_now[20:27]=[3.124954984039629e-05, 0.0031967291449332053, 0.0020909633466814985, 0.19934940455039363, -8.597164655225555e-05, -0.0005211784781396382, 6.634356486162276e-06]
[orchestrator] bridge exited with code 0
[orchestrator] sending SIGINT to safety (pgid=989147)
[orchestrator] sending SIGINT to fame (pgid=989252)
[orchestrator] sending SIGINT to ik (pgid=989774)
[ik] [ik] interrupted, shutting down
[ik] StateSubscriber shutdown
[ik] RobotModel shutdown
[fame] [fame] interrupted, shutting down
[ik] LowCmdPublisher shutdown.
[safety] {"event": "relay_started", "mode": "split_mode"}
[safety] KeyboardInterrupt received, stopping safety layer...
[safety] {"event": "relay_stopped"}
[orchestrator] done
