[orchestrator] starting safety: /home/niraj/isaac_gym_projects/h12_adaptive_policy/.venv/bin/python /home/niraj/isaac_gym_projects/h12_safety_layer/h12_safety_layer/script/safety_layer_main.py --config /home/niraj/isaac_gym_projects/h12_fame_manipulation/configs/sim_safety_split.yaml
[orchestrator] starting bridge: /home/niraj/isaac_gym_projects/h12_adaptive_policy/.venv/bin/python -m h12_fame_ik_runner.mujoco_dds_bridge --config /home/niraj/isaac_gym_projects/h12_fame_manipulation/configs/h1_2_fame_ik_eval.yaml --headless --duration 10.0
[bridge] [bridge] PUSH_BLOCK_MASS override: 0.5000 -> 5.0000 kg (inertia x10.000)
[bridge] [bridge] scene=h1_2_table.xml headless=True low_state=rt/lowstate low_cmd_in=rt/lowcmd
[bridge] [bridge] warmup: holding sim frozen up to 3.00s or until first FAME leg cmd lands
[orchestrator] starting fame: /home/niraj/isaac_gym_projects/h12_adaptive_policy/.venv/bin/python -m h12_fame_ik_runner.fame_dds_runner --config /home/niraj/isaac_gym_projects/h12_fame_manipulation/configs/h1_2_fame_ik_eval.yaml
[fame] [fame] loaded encoder /home/niraj/isaac_gym_projects/h12_fame_manipulation/h12_fame_ik_runner/ckpts/handless/encoder_3999.pt
[fame] [fame] low_state=rt/lowstate low_cmd_out=rt/safety/lowcmd_lower_in decim=10 pub_hz=500.0
[bridge] [bridge] warmup done (first leg cmd at t+1.40s); stepping physics now
[orchestrator] starting ik: /home/niraj/isaac_gym_projects/h12_adaptive_policy/.venv/bin/python -m h12_fame_ik_runner.ik_dds_driver --config /home/niraj/isaac_gym_projects/h12_fame_manipulation/configs/h1_2_fame_ik_eval.yaml
[ik] [ik] ARM_KP_MULT=1.000 : arm kp scaled
[ik]      old (13..26): [np.float32(50.0), np.float32(50.0), np.float32(50.0), np.float32(50.0), np.float32(20.0), np.float32(20.0), np.float32(20.0), np.float32(50.0), np.float32(50.0), np.float32(50.0), np.float32(50.0), np.float32(20.0), np.float32(20.0), np.float32(20.0)]
[ik]      new (13..26): [np.float32(50.0), np.float32(50.0), np.float32(50.0), np.float32(50.0), np.float32(20.0), np.float32(20.0), np.float32(20.0), np.float32(50.0), np.float32(50.0), np.float32(50.0), np.float32(50.0), np.float32(20.0), np.float32(20.0), np.float32(20.0)]
[ik] [ik] urdf=h1_2_handless.urdf controller_config=sim_split_controller.yaml
[ik] StateSubscriber initialized.
[ik] LowCmdPublisher initialized.
[ik] All joints are locked in the initial position.
[ik] [ik] batch mode; goals=['q_reduced[14]', 'frame_delta:right']
[ik] [ik] goal=q_reduced[14] for 1.5s  q=[0. ,0. ,0. ,0. ,0. ,0. ,0. ,0. ,0. ,0. ,0.3,0. ,0. ,0. ]
[bridge] [bridge] summary:
[bridge]   elapsed_s=10.00
[bridge]   low_cmd_msgs_received=4410 (first at t+0.00s)
[bridge]   base_xyz=[0.01937766788171869, 0.03417095748257831, 0.8729731746333164]
[bridge]   q_des[0:12]=[-0.33000001311302185, -0.30310559272766113, 0.30645984411239624, 0.9499678611755371, -0.36303049325942993, -0.16179899871349335, -0.33000001311302185, -0.1839028298854828, -0.27662530541419983, 0.8457748293876648, -0.41704994440078735, 0.16179899871349335]
[bridge]   q_now[0:12]=[-0.34727802590978607, -0.2684799385449361, 0.3143359770699832, 1.1564079871546808, -0.5807356740939836, -0.26396259676051925, -0.3344238287715733, -0.07153380858154955, -0.2895387010553853, 1.0450646446671856, -0.6766024027763464, 0.26295180136782637]
[bridge]   q_des[13:20]=[0.0, 0.0, 0.0, 0.0, 0.0, 0.0, 0.0]  # left arm
[bridge]   q_now[13:20]=[0.004263289215775255, 0.0018634362768483101, 0.0004364465013539513, 0.002844666308893903, 2.8199787067286e-05, 0.00027375635544387285, 5.908837292011867e-06]
[bridge]   q_des[20:27]=[0.0, 0.0, 0.0, 0.30000001192092896, -0.0, 0.0, 0.0]  # right arm
[bridge]   q_now[20:27]=[0.003662276069288689, 0.004679809429003603, 0.0027606346663259346, 0.29552967051757945, -0.0001366644944818352, -0.0009195723400031278, 5.346897769830109e-06]
[ik] [ik] goal=frame_delta:right_wrist_yaw_link  current=(+0.258,-0.121,+0.104)  delta=(+0.250,+0.000,+0.000)  target=(+0.508,-0.121,+0.104)  max=5.0s
[ik] [ik] driving frame_task on right_wrist_yaw_link; xyz=(+0.508,-0.121,+0.104) rpy_deg=(-4.9,+1.7,+19.1) timeout=5.0s
[ik] [ik]   linear=0.3050 m  angular=0.4076 rad
[orchestrator] bridge exited with code 0
[orchestrator] sending SIGINT to safety (pgid=966684)
[orchestrator] sending SIGINT to fame (pgid=966777)
[orchestrator] sending SIGINT to ik (pgid=967304)
[ik] [ik] interrupted, shutting down
[ik] StateSubscriber shutdown
[ik] RobotModel shutdown
[fame] [fame] interrupted, shutting down
[ik] LowCmdPublisher shutdown.
[safety] {"event": "relay_started", "mode": "split_mode"}
[safety] KeyboardInterrupt received, stopping safety layer...
[safety] [Reader] take sample error
[safety] {"event": "relay_stopped"}
[orchestrator] done
