[orchestrator] starting safety: /home/niraj/isaac_gym_projects/h12_adaptive_policy/.venv/bin/python /home/niraj/isaac_gym_projects/h12_safety_layer/h12_safety_layer/script/safety_layer_main.py --config /home/niraj/isaac_gym_projects/h12_fame_manipulation/configs/sim_safety_split.yaml
[orchestrator] starting bridge: /home/niraj/isaac_gym_projects/h12_adaptive_policy/.venv/bin/python -m h12_fame_ik_runner.mujoco_dds_bridge --config /home/niraj/isaac_gym_projects/h12_fame_manipulation/configs/h1_2_fame_ik_eval.yaml --headless --duration 10.0
[bridge] [bridge] PUSH_BLOCK_MASS override: 0.5000 -> 5.0000 kg (inertia x10.000)
[bridge] [bridge] scene=h1_2_table.xml headless=True low_state=rt/lowstate low_cmd_in=rt/lowcmd
[bridge] [bridge] warmup: holding sim frozen up to 3.00s or until first FAME leg cmd lands
[orchestrator] starting fame: /home/niraj/isaac_gym_projects/h12_adaptive_policy/.venv/bin/python -m h12_fame_ik_runner.fame_dds_runner --config /home/niraj/isaac_gym_projects/h12_fame_manipulation/configs/h1_2_fame_ik_eval.yaml
[fame] [fame] loaded encoder /home/niraj/isaac_gym_projects/h12_fame_manipulation/h12_fame_ik_runner/ckpts/handless/encoder_3999.pt
[fame] [fame] low_state=rt/lowstate low_cmd_out=rt/safety/lowcmd_lower_in decim=10 pub_hz=500.0
[bridge] [bridge] warmup done (first leg cmd at t+1.38s); stepping physics now
[orchestrator] starting ik: /home/niraj/isaac_gym_projects/h12_adaptive_policy/.venv/bin/python -m h12_fame_ik_runner.ik_dds_driver --config /home/niraj/isaac_gym_projects/h12_fame_manipulation/configs/h1_2_fame_ik_eval.yaml
[ik] [ik] urdf=h1_2_handless.urdf controller_config=sim_split_controller.yaml
[ik] StateSubscriber initialized.
[ik] LowCmdPublisher initialized.
[ik] All joints are locked in the initial position.
[ik] [ik] batch mode; goals=['q_reduced[14]', 'frame_delta:right']
[ik] [ik] goal=q_reduced[14] for 1.5s  q=[0. ,0. ,0. ,0. ,0. ,0. ,0. ,0. ,0. ,0. ,0.3,0. ,0. ,0. ]
[bridge] [bridge] summary:
[bridge]   elapsed_s=10.00
[bridge]   low_cmd_msgs_received=4416 (first at t+0.00s)
[bridge]   base_xyz=[0.016682183508853435, 0.03392578343332424, 0.8738363008330949]
[bridge]   q_des[0:12]=[-0.33000001311302185, -0.3005540370941162, 0.31352245807647705, 0.9502943754196167, -0.36583268642425537, -0.16179899871349335, -0.33000001311302185, -0.1857706904411316, -0.2793842852115631, 0.8454262614250183, -0.4215264916419983, 0.16179899871349335]
[bridge]   q_now[0:12]=[-0.34424814984377405, -0.274717145859375, 0.3164463644305308, 1.1545814861119952, -0.5735834437258233, -0.26398816865917446, -0.33798761129861776, -0.07922428791326072, -0.28969842141167207, 1.0443239696454978, -0.6688656515129096, 0.2629241207419154]
[bridge]   q_des[13:20]=[0.0, 0.0, 0.0, 0.0, 0.0, 0.0, 0.0]  # left arm
[bridge]   q_now[13:20]=[0.0058767488839463755, 0.0029273378346390327, 0.0005822168838614194, 0.0034207003324224668, 3.4592465749247854e-05, 0.0003362576139992346, 6.9730953504442125e-06]
[bridge]   q_des[20:27]=[0.0, 0.0, 0.0, 0.24571272730827332, 0.0, 0.0, 0.0]  # right arm
[bridge]   q_now[20:27]=[0.0042757665965573845, 0.0049480262914566985, 0.003043143258625889, 0.18532779870810223, -8.299392976307801e-05, -0.00013795189977678168, 6.8518880147816525e-06]
[orchestrator] bridge exited with code 0
[orchestrator] sending SIGINT to safety (pgid=956362)
[orchestrator] sending SIGINT to fame (pgid=956455)
[orchestrator] sending SIGINT to ik (pgid=956982)
[ik] [ik] interrupted, shutting down
[ik] StateSubscriber shutdown
[ik] RobotModel shutdown
[fame] [fame] interrupted, shutting down
[ik] LowCmdPublisher shutdown.
[safety] {"event": "relay_started", "mode": "split_mode"}
[safety] KeyboardInterrupt received, stopping safety layer...
[safety] [Reader] take sample error
[safety] {"event": "relay_stopped"}
[orchestrator] done
