[orchestrator] starting safety: /home/niraj/isaac_gym_projects/h12_adaptive_policy/.venv/bin/python /home/niraj/isaac_gym_projects/h12_safety_layer/h12_safety_layer/script/safety_layer_main.py --config /home/niraj/isaac_gym_projects/h12_fame_manipulation/configs/sim_safety_split.yaml
[orchestrator] starting bridge: /home/niraj/isaac_gym_projects/h12_adaptive_policy/.venv/bin/python -m h12_fame_ik_runner.mujoco_dds_bridge --config /home/niraj/isaac_gym_projects/h12_fame_manipulation/configs/h1_2_fame_ik_eval.yaml --headless --duration 10.0
[bridge] [bridge] PUSH_BLOCK_MASS override: 0.5000 -> 5.0000 kg (inertia x10.000)
[bridge] [bridge] scene=h1_2_table.xml headless=True low_state=rt/lowstate low_cmd_in=rt/lowcmd
[bridge] [bridge] warmup: holding sim frozen up to 3.00s or until first FAME leg cmd lands
[orchestrator] starting fame: /home/niraj/isaac_gym_projects/h12_adaptive_policy/.venv/bin/python -m h12_fame_ik_runner.fame_dds_runner --config /home/niraj/isaac_gym_projects/h12_fame_manipulation/configs/h1_2_fame_ik_eval.yaml
[fame] [fame] loaded encoder /home/niraj/isaac_gym_projects/h12_fame_manipulation/h12_fame_ik_runner/ckpts/handless/encoder_3999.pt
[fame] [fame] low_state=rt/lowstate low_cmd_out=rt/safety/lowcmd_lower_in decim=10 pub_hz=500.0
[bridge] [bridge] warmup done (first leg cmd at t+1.40s); stepping physics now
[orchestrator] starting ik: /home/niraj/isaac_gym_projects/h12_adaptive_policy/.venv/bin/python -m h12_fame_ik_runner.ik_dds_driver --config /home/niraj/isaac_gym_projects/h12_fame_manipulation/configs/h1_2_fame_ik_eval.yaml
[ik] [ik] urdf=h1_2_handless.urdf controller_config=sim_split_controller.yaml
[ik] StateSubscriber initialized.
[ik] LowCmdPublisher initialized.
[ik] All joints are locked in the initial position.
[ik] [ik] batch mode; goals=['q_reduced[14]', 'frame_delta:right']
[ik] [ik] goal=q_reduced[14] for 1.5s  q=[0. ,0. ,0. ,0. ,0. ,0. ,0. ,0. ,0. ,0. ,0.3,0. ,0. ,0. ]
[bridge] [bridge] summary:
[bridge]   elapsed_s=10.00
[bridge]   low_cmd_msgs_received=4388 (first at t+0.00s)
[bridge]   base_xyz=[0.017054717107628178, 0.03195211915305751, 0.8745603351906098]
[bridge]   q_des[0:12]=[-0.33000001311302185, -0.2986246943473816, 0.30884289741516113, 0.946805477142334, -0.3683987259864807, -0.16179899871349335, -0.33000001311302185, -0.18434332311153412, -0.27568361163139343, 0.8412768244743347, -0.4231286644935608, 0.16179899871349335]
[bridge]   q_now[0:12]=[-0.34419763967945827, -0.27059966871243896, 0.3168564920418526, 1.150117676560751, -0.5726987315417659, -0.2639599484571808, -0.33708231213875883, -0.07540882983846788, -0.28876139117165717, 1.040144579982133, -0.6682221962451366, 0.26282173287909305]
[bridge]   q_des[13:20]=[0.0, 0.0, 0.0, 0.0, 0.0, 0.0, 0.0]  # left arm
[bridge]   q_now[13:20]=[0.006652770016306397, 0.003193658422832058, 0.0006445733075453242, 0.0034314877680223965, 3.7299959217756755e-05, 0.00036308573504011615, 7.281197875080197e-06]
[bridge]   q_des[20:27]=[0.0, 0.0, 0.0, 0.22574622929096222, 0.0, 0.0, 0.0]  # right arm
[bridge]   q_now[20:27]=[0.0030908439256763704, 0.005904731942231228, 0.004307734006240758, 0.176770005686948, -9.366752855006951e-05, -0.000830084368012054, 7.064581499230468e-06]
[orchestrator] bridge exited with code 0
[orchestrator] sending SIGINT to safety (pgid=960788)
[orchestrator] sending SIGINT to fame (pgid=960885)
[orchestrator] sending SIGINT to ik (pgid=961421)
[ik] [ik] interrupted, shutting down
[ik] StateSubscriber shutdown
[ik] RobotModel shutdown
[fame] [fame] interrupted, shutting down
[ik] LowCmdPublisher shutdown.
[safety] {"event": "relay_started", "mode": "split_mode"}
[safety] KeyboardInterrupt received, stopping safety layer...
[safety] [Reader] take sample error
[safety] [Reader] take sample error
[safety] {"event": "relay_stopped"}
[orchestrator] done
